{
  "schema_version": 1,
  "type": "v04-pair-external-fixture",
  "status": "preflight",
  "fixture_id": 102,
  "fixture_revision": 2,
  "catalog_sha256": "50ad2ee57f26ac65cc9b88a0197c9064131fbffd5e060aea2a648e5f72ffd8e3",
  "core_revision": "a49cc0dbc1ef8bf5f697106d873bdce55f5911df",
  "board_revision": "fe65f2f0880bd05b32e562d9bf1ee59142b4f4d3",
  "scope": "uart-async-and-serial-sync-async-single-double-buffer",
  "swd_frequency_hz": 10000000,
  "external_wiring_executed": false,
  "campaign": {
    "repetitions": 1,
    "duration_seconds": 0,
    "progress_interval_seconds": 5,
    "interrupted_duration_reused": false
  },
  "devices": [
    {
      "role": 1,
      "uid_sha256": "32f71533ff6ba27fd38ed32a17bf6d80a90d4f4980221051ed5c5a2e7fdb63a9",
      "hex_sha256": "44895cce9e1e7de4bbe10c857d16cddb6e88babea0f6f601aec4e98281e5ed2f",
      "elf_sha256": "583ceeff6af5eac625d3b04502575e2669df89d494588eb5cf2f9ebf9fc645ee",
      "record_sha256": "4b9705aae1db4d9d256fa98d8b47329d03d78d5a14ba1044f41521d6a5cdac79"
    },
    {
      "role": 2,
      "uid_sha256": "4574ee31f25fe05f154395ea4d8c6aa0583b04a4f7a0ea97fe3d13b05eea8ca0",
      "hex_sha256": "06cb5b4b12110ff089963b185137cb1c2d9163f3a28250fa0ee65e3061d95abe",
      "elf_sha256": "97cabda53c659962df7de65830da94e72ee8e1204e46c14485c091dc15756dab",
      "record_sha256": "4b9705aae1db4d9d256fa98d8b47329d03d78d5a14ba1044f41521d6a5cdac79"
    }
  ],
  "results": [],
  "fixture": {
    "id": 102,
    "family": "uarte",
    "banks": [
      0,
      1
    ],
    "instances": [
      [
        30
      ],
      [
        20,
        21,
        22
      ]
    ],
    "links": [
      {
        "dut": [
          "P2",
          25,
          "P0.0"
        ],
        "peer": [
          "P2",
          11,
          "P1.5"
        ],
        "signal": "DUT TXD -> peer RXD"
      },
      {
        "dut": [
          "P2",
          26,
          "P0.1"
        ],
        "peer": [
          "P2",
          12,
          "P1.4"
        ],
        "signal": "DUT RXD <- peer TXD"
      },
      {
        "dut": [
          "P4",
          4,
          "P0.2"
        ],
        "peer": [
          "P2",
          9,
          "P1.7"
        ],
        "signal": "DUT RTS -> peer CTS"
      },
      {
        "dut": [
          "P4",
          5,
          "P0.3"
        ],
        "peer": [
          "P2",
          10,
          "P1.6"
        ],
        "signal": "DUT CTS <- peer RTS"
      },
      {
        "dut": [
          "P2",
          30,
          "GND"
        ],
        "peer": [
          "P2",
          30,
          "GND"
        ],
        "signal": "GND"
      }
    ],
    "notes": "양쪽 debug-control DAP UART를 분리한 뒤 사용하는 P0-P1 교차 결선입니다.",
    "pullups": []
  },
  "confirmation_template": {
    "fixture_id": 102,
    "fixture_revision": 2,
    "catalog_sha256": "50ad2ee57f26ac65cc9b88a0197c9064131fbffd5e060aea2a648e5f72ffd8e3",
    "core_revision": "a49cc0dbc1ef8bf5f697106d873bdce55f5911df",
    "board_revision": "fe65f2f0880bd05b32e562d9bf1ee59142b4f4d3",
    "uid_sha256": [
      "32f71533ff6ba27fd38ed32a17bf6d80a90d4f4980221051ed5c5a2e7fdb63a9",
      "4574ee31f25fe05f154395ea4d8c6aa0583b04a4f7a0ea97fe3d13b05eea8ca0"
    ],
    "hex_sha256": [
      "44895cce9e1e7de4bbe10c857d16cddb6e88babea0f6f601aec4e98281e5ed2f",
      "06cb5b4b12110ff089963b185137cb1c2d9163f3a28250fa0ee65e3061d95abe"
    ],
    "dap_uart_disconnected_both": false,
    "swd_connected_both": false,
    "power_rails_not_joined": false,
    "equal_io_voltage_confirmed": false,
    "common_ground_confirmed": false,
    "links_match_catalog": false,
    "pullups_match_catalog": false,
    "extra_outputs_disconnected": false,
    "confirmed_at_unix": 0,
    "confirmed_by": ""
  }
}
V04_FIXTURE_PREFLIGHT_ONLY; no probe access, flash, reset or external output
