INFO    - Using Ninja..
INFO    - Zephyr version: ncs-v3.4.0
INFO    - Using 'zephyr/gnu' toolchain variant.
INFO    - Building initial testsuite list...
INFO    - Built testsuite list in 0.01 seconds
INFO    - Writing JSON report C:\u2a\testplan.json
INFO    - Adding tasks to the queue...
INFO    - Added initial list of jobs to queue
INFO    - Total complete: [32m   1/  17[39m   5%  built (not run): [36m   1[39m, filtered: [39m   0[39m, failed: [39m   0[39m, error: [39m   0[39m
INFO    - Total complete: [32m   2/  17[39m  11%  built (not run): [36m   2[39m, filtered: [39m   0[39m, failed: [39m   0[39m, error: [39m   0[39m
INFO    - Total complete: [32m   3/  17[39m  17%  built (not run): [36m   3[39m, filtered: [39m   0[39m, failed: [39m   0[39m, error: [39m   0[39m
INFO    - Total complete: [32m   4/  17[39m  23%  built (not run): [36m   4[39m, filtered: [39m   0[39m, failed: [39m   0[39m, error: [39m   0[39m
INFO    - Total complete: [32m   5/  17[39m  29%  built (not run): [36m   5[39m, filtered: [39m   0[39m, failed: [39m   0[39m, error: [39m   0[39m
INFO    - Total complete: [32m   6/  17[39m  35%  built (not run): [36m   6[39m, filtered: [39m   0[39m, failed: [39m   0[39m, error: [39m   0[39m
INFO    - Total complete: [32m   7/  17[39m  41%  built (not run): [36m   7[39m, filtered: [39m   0[39m, failed: [39m   0[39m, error: [39m   0[39m
INFO    - Total complete: [32m   8/  17[39m  47%  built (not run): [36m   8[39m, filtered: [39m   0[39m, failed: [39m   0[39m, error: [39m   0[39m
INFO    - Total complete: [32m   9/  17[39m  52%  built (not run): [36m   9[39m, filtered: [39m   0[39m, failed: [39m   0[39m, error: [39m   0[39m
INFO    - Total complete: [32m  10/  17[39m  58%  built (not run): [36m  10[39m, filtered: [39m   0[39m, failed: [39m   0[39m, error: [39m   0[39m
INFO    - Total complete: [32m  11/  17[39m  64%  built (not run): [36m  11[39m, filtered: [39m   0[39m, failed: [39m   0[39m, error: [39m   0[39m
INFO    - Total complete: [32m  12/  17[39m  70%  built (not run): [36m  12[39m, filtered: [39m   0[39m, failed: [39m   0[39m, error: [39m   0[39m
INFO    - Total complete: [32m  13/  17[39m  76%  built (not run): [36m  13[39m, filtered: [39m   0[39m, failed: [39m   0[39m, error: [39m   0[39m
INFO    - Total complete: [32m  14/  17[39m  82%  built (not run): [36m  14[39m, filtered: [39m   0[39m, failed: [39m   0[39m, error: [39m   0[39m
INFO    - Total complete: [32m  15/  17[39m  88%  built (not run): [36m  15[39m, filtered: [39m   0[39m, failed: [39m   0[39m, error: [39m   0[39m
INFO    - Total complete: [32m  16/  17[39m  94%  built (not run): [36m  16[39m, filtered: [39m   0[39m, failed: [39m   0[39m, error: [39m   0[39m
INFO    - Total complete: [32m  17/  17[39m  100%  built (not run): [36m  17[39m, filtered: [39m   0[39m, failed: [39m   0[39m, error: [39m   0[39m

INFO    - 17 test scenarios (17 configurations) selected, 0 configurations filtered (0 by static filter, 0 at runtime).
INFO    - 0 of 17 executed test configurations passed (0.00%), 17 built (not run), 0 failed, 0 errored, with no warnings in 740.94 seconds.
INFO    - 0 test configurations executed on platforms, 17 test configurations were only built.
INFO    - Saving reports...
INFO    - Writing JSON report C:\u2a\twister.json
INFO    - Writing xunit report C:\u2a\twister.xml...
INFO    - Writing xunit report C:\u2a\twister_report.xml...
INFO    - Run completed
[M12-ZEPHYR] exec: C:\ncs\toolchains\dcbdc366a1\opt\bin\python.exe C:\ncs\v3.4.0\zephyr\scripts\twister --testsuite-root C:\Users\eidos\GitHub\NU54DK_Arduino_Core\tests\zephyr\m19_ble_gap_hil --testsuite-root C:\Users\eidos\GitHub\NU54DK_Arduino_Core\tests\zephyr\m19_ble_gap_hil --testsuite-root C:\Users\eidos\GitHub\NU54DK_Arduino_Core\tests\zephyr\m20_ble_gatt_hil --testsuite-root C:\Users\eidos\GitHub\NU54DK_Arduino_Core\tests\zephyr\m20_ble_gatt_hil --testsuite-root C:\Users\eidos\GitHub\NU54DK_Arduino_Core\tests\zephyr\m21_ble_hil --testsuite-root C:\Users\eidos\GitHub\NU54DK_Arduino_Core\tests\zephyr\m21_ble_hil --testsuite-root C:\Users\eidos\GitHub\NU54DK_Arduino_Core\tests\zephyr\v04_pair_hil --testsuite-root C:\Users\eidos\GitHub\NU54DK_Arduino_Core\tests\zephyr\v04_pair_hil --testsuite-root C:\Users\eidos\GitHub\NU54DK_Arduino_Core\tests\zephyr\m24_uarte_onboard_hil --testsuite-root C:\Users\eidos\GitHub\NU54DK_Arduino_Core\tests\zephyr\m24_uarte_onboard_hil --testsuite-root C:\Users\eidos\GitHub\NU54DK_Arduino_Core\tests\zephyr\m24_uarte_onboard_hil --testsuite-root C:\Users\eidos\GitHub\NU54DK_Arduino_Core\tests\zephyr\m24_uarte_onboard_hil --testsuite-root C:\Users\eidos\GitHub\NU54DK_Arduino_Core\tests\zephyr\m24_twim_onboard_hil --testsuite-root C:\Users\eidos\GitHub\NU54DK_Arduino_Core\tests\zephyr\m24_twim_onboard_hil --testsuite-root C:\Users\eidos\GitHub\NU54DK_Arduino_Core\tests\zephyr\m24_twim_onboard_hil --testsuite-root C:\Users\eidos\GitHub\NU54DK_Arduino_Core\tests\zephyr\m25_onboard_hil --testsuite-root C:\Users\eidos\GitHub\NU54DK_Arduino_Core\tests\zephyr\m26_onboard_hil --platform nrf54l15dk/nrf54l15/cpuapp/nu54dk --board-root C:\Users\eidos\GitHub\NU54DK_Arduino_Core\board_package\NU54DK_Zephyr_DTS\boards --build-only --ninja --detailed-test-id --jobs 4 --outdir C:\u2a --extra-args BOARD_ROOT=C:/Users/eidos/GitHub/NU54DK_Arduino_Core/board_package/NU54DK_Zephyr_DTS --extra-args EXTRA_ZEPHYR_MODULES=C:/Users/eidos/GitHub/NU54DK_Arduino_Core --extra-args USE_CCACHE=0 --scenario nucode.m19.ble_gap_hil_peripheral --scenario nucode.m19.ble_gap_hil_central --scenario nucode.m20.ble_gatt_hil_peripheral --scenario nucode.m20.ble_gatt_hil_central --scenario nucode.m21.ble_security_hil_peripheral --scenario nucode.m21.ble_security_hil_central --scenario nucode.v04.pair_dut --scenario nucode.v04.pair_peer --scenario nucode.m24.uarte20_hil --scenario nucode.m24.uarte21_hil --scenario nucode.m24.uarte22_hil --scenario nucode.m24.uarte30_hil --scenario nucode.m24.twim20_hil --scenario nucode.m24.twim21_hil --scenario nucode.m24.twim22_hil --scenario nucode.m25.onboard_hil --scenario nucode.m26.onboard_hil
M12_ZEPHYR_BUILD_PASS=17;GROUP=all;M16_ROLE_BUILDS=0;SELECTION=subset
