{
  "schema_version": 1,
  "type": "v04-pair-synthetic-signal",
  "status": "preflight",
  "fixture_id": 408,
  "fixture_revision": 5,
  "catalog_sha256": "e8db80525fcc9545ba6879453c22924d14123361c394702b147cdfec695aa511",
  "core_revision": "87b987d9ed50855e0134f2c637c00706572719a5",
  "board_revision": "fe65f2f0880bd05b32e562d9bf1ee59142b4f4d3",
  "scope": "two-board-analog-pwm-event-pdm-i2s-qdec",
  "swd_frequency_hz": 10000000,
  "external_wiring_executed": false,
  "repetitions": 1,
  "campaign": {
    "repetitions": 1,
    "duration_seconds": 0,
    "progress_interval_seconds": 5,
    "interrupted_duration_reused": false
  },
  "devices": [
    {
      "role": 1,
      "uid_sha256": "32f71533ff6ba27fd38ed32a17bf6d80a90d4f4980221051ed5c5a2e7fdb63a9",
      "hex_sha256": "f91fcd69f19e9b1ec30fcf0f60190630ac28ac082fabeeee35c9395082ce240c",
      "elf_sha256": "30443d6a6ad76e3f8383c5ffa675b408ec4c19896740b688fd1a8c77ca448f00",
      "record_sha256": "1e5bddb990cd7ed9f60fd6dd44843d355e31682618a814f5580d3be53805e2cf"
    },
    {
      "role": 2,
      "uid_sha256": "4574ee31f25fe05f154395ea4d8c6aa0583b04a4f7a0ea97fe3d13b05eea8ca0",
      "hex_sha256": "0eb819bd57df4b52440ab5597d28c0ca467a0841363db22ceeedf97da5ce95ea",
      "elf_sha256": "a3cceb44d7c3fb699eba2fc48c1481965452285f4d98988ab004fa7a64e6eebb",
      "record_sha256": "1e5bddb990cd7ed9f60fd6dd44843d355e31682618a814f5580d3be53805e2cf"
    }
  ],
  "results": [],
  "fixture": {
    "id": 408,
    "family": "analog",
    "banks": [
      1,
      1
    ],
    "instances": [
      [
        20,
        21,
        22
      ],
      [
        20,
        21,
        22
      ]
    ],
    "links": [
      {
        "dut": [
          "P4",
          12,
          "P1.14"
        ],
        "peer": [
          "P4",
          12,
          "P1.14"
        ],
        "signal": "peer PWM level -> DUT SAADC AIN7"
      },
      {
        "dut": [
          "P2",
          30,
          "GND"
        ],
        "peer": [
          "P2",
          30,
          "GND"
        ],
        "signal": "GND"
      }
    ],
    "notes": "AIN7은 DUT와 peer의 LED4 buffer 입력 사이 단방향 연결입니다. PWM20/21/22의 channel slot 0~3을 순차 검사하며 controller_role=2만 허용합니다.",
    "pullups": []
  },
  "confirmation_template": {
    "fixture_id": 408,
    "fixture_revision": 5,
    "catalog_sha256": "e8db80525fcc9545ba6879453c22924d14123361c394702b147cdfec695aa511",
    "core_revision": "87b987d9ed50855e0134f2c637c00706572719a5",
    "board_revision": "fe65f2f0880bd05b32e562d9bf1ee59142b4f4d3",
    "uid_sha256": [
      "32f71533ff6ba27fd38ed32a17bf6d80a90d4f4980221051ed5c5a2e7fdb63a9",
      "4574ee31f25fe05f154395ea4d8c6aa0583b04a4f7a0ea97fe3d13b05eea8ca0"
    ],
    "hex_sha256": [
      "f91fcd69f19e9b1ec30fcf0f60190630ac28ac082fabeeee35c9395082ce240c",
      "0eb819bd57df4b52440ab5597d28c0ca467a0841363db22ceeedf97da5ce95ea"
    ],
    "dap_uart_disconnected_both": false,
    "swd_connected_both": false,
    "power_rails_not_joined": false,
    "equal_io_voltage_confirmed": false,
    "common_ground_confirmed": false,
    "links_match_catalog": false,
    "pullups_match_catalog": false,
    "extra_outputs_disconnected": false,
    "confirmed_at_unix": 0,
    "confirmed_by": ""
  }
}
V04_SIGNAL_PREFLIGHT_ONLY; no probe access, flash, reset or external output
