2026-09-07T06:59:01.0764283Z Current runner version: '2.337.0'
2026-09-07T06:59:01.0800540Z ##[group]Runner Image Provisioner
2026-09-07T06:59:01.0801989Z Hosted Compute Agent
2026-09-07T06:59:01.0803034Z Version: 20260819.586
2026-09-07T06:59:01.0804113Z Commit: 3cc4a88dfa507ef76119ad1bb3eccc6378bb2b76
2026-09-07T06:59:01.0805463Z Build Date: 2026-08-18T23:20:18Z
2026-09-07T06:59:01.0806596Z Worker ID: {cf458f04-6703-4efe-837c-d9489d5b3c65}
2026-09-07T06:59:01.0807839Z Azure Region: centralus
2026-09-07T06:59:01.0808805Z ##[endgroup]
2026-09-07T06:59:01.0811320Z ##[group]Operating System
2026-09-07T06:59:01.0812455Z Microsoft Windows Server 2025
2026-09-07T06:59:01.0813508Z 10.0.26100
2026-09-07T06:59:01.0814468Z Datacenter
2026-09-07T06:59:01.0815367Z ##[endgroup]
2026-09-07T06:59:01.0816263Z ##[group]Runner Image
2026-09-07T06:59:01.0817326Z Image: windows-2025-vs2026
2026-09-07T06:59:01.0818352Z Version: 20260824.214.3
2026-09-07T06:59:01.0821276Z Included Software: https://github.com/actions/runner-images/blob/win25-vs2026/20260824.214/images/windows/Windows2025-VS2026-Readme.md
2026-09-07T06:59:01.0824358Z Image Release: https://github.com/actions/runner-images/releases/tag/win25-vs2026%2F20260824.214
2026-09-07T06:59:01.0826219Z ##[endgroup]
2026-09-07T06:59:01.0828301Z ##[group]GITHUB_TOKEN Permissions
2026-09-07T06:59:01.0831336Z Contents: read
2026-09-07T06:59:01.0832304Z Metadata: read
2026-09-07T06:59:01.0833266Z Packages: read
2026-09-07T06:59:01.0834234Z ##[endgroup]
2026-09-07T06:59:01.0836916Z Secret source: Actions
2026-09-07T06:59:01.0838669Z Prepare workflow directory
2026-09-07T06:59:01.1626016Z Prepare all required actions
2026-09-07T06:59:01.1702833Z Getting action download info
2026-09-07T06:59:01.4222320Z Download action repository 'actions/checkout@3d3c42e5aac5ba805825da76410c181273ba90b1' (SHA:3d3c42e5aac5ba805825da76410c181273ba90b1)
2026-09-07T06:59:01.5654659Z Download action repository 'actions/setup-python@5fda3b95a4ea91299a34e894583c3862153e4b97' (SHA:5fda3b95a4ea91299a34e894583c3862153e4b97)
2026-09-07T06:59:01.7066347Z Download action repository 'arduino/setup-arduino-cli@81d310742121c928ea9c8bbd407b4217b432ae02' (SHA:81d310742121c928ea9c8bbd407b4217b432ae02)
2026-09-07T06:59:02.0210239Z Download action repository 'actions/cache@55cc8345863c7cc4c66a329aec7e433d2d1c52a9' (SHA:55cc8345863c7cc4c66a329aec7e433d2d1c52a9)
2026-09-07T06:59:02.1875177Z Download action repository 'actions/upload-artifact@043fb46d1a93c77aae656e7c1c64a875d1fc6a0a' (SHA:043fb46d1a93c77aae656e7c1c64a875d1fc6a0a)
2026-09-07T06:59:02.4055254Z Complete job name: Arduino v0.2.0 with pinned Windows prerequisites
2026-09-07T06:59:02.5351765Z ##[group]Run actions/checkout@3d3c42e5aac5ba805825da76410c181273ba90b1
2026-09-07T06:59:02.5352977Z with:
2026-09-07T06:59:02.5353383Z   fetch-depth: 0
2026-09-07T06:59:02.5353809Z   submodules: recursive
2026-09-07T06:59:02.5354294Z   repository: EIDOSDATA/NU54DK_Arduino_Core
2026-09-07T06:59:02.5357922Z   token: ***
2026-09-07T06:59:02.5358319Z   ssh-strict: true
2026-09-07T06:59:02.5358753Z   ssh-user: git
2026-09-07T06:59:02.5359169Z   persist-credentials: true
2026-09-07T06:59:02.5360050Z   clean: true
2026-09-07T06:59:02.5360479Z   sparse-checkout-cone-mode: true
2026-09-07T06:59:02.5360969Z   fetch-tags: false
2026-09-07T06:59:02.5361376Z   show-progress: true
2026-09-07T06:59:02.5361790Z   lfs: false
2026-09-07T06:59:02.5362179Z   set-safe-directory: true
2026-09-07T06:59:02.5362652Z   allow-unsafe-pr-checkout: false
2026-09-07T06:59:02.5363430Z env:
2026-09-07T06:59:02.5363832Z   NUCODE_NCS_INSTALL_ROOT: D:\ncs
2026-09-07T06:59:02.5364373Z   NUCODE_NCS_ROOT: D:\ncs\v3.4.0
2026-09-07T06:59:02.5364919Z   NUCODE_TOOLCHAIN_ROOT: D:\ncs\toolchains\dcbdc366a1
2026-09-07T06:59:02.5365597Z   NUCODE_PREREQUISITE_STATE_ROOT: D:\nu54-prerequisites
2026-09-07T06:59:02.5366382Z   M12_EVIDENCE: D:\a\NU54DK_Arduino_Core\NU54DK_Arduino_Core\m12-evidence\v0.2.0
2026-09-07T06:59:02.5367097Z   NUCODE_CI_TEMP: D:\t
2026-09-07T06:59:02.5367518Z ##[endgroup]
2026-09-07T06:59:02.6983685Z Syncing repository: EIDOSDATA/NU54DK_Arduino_Core
2026-09-07T06:59:02.6986949Z ##[group]Getting Git version info
2026-09-07T06:59:02.6987762Z Working directory is 'D:\a\NU54DK_Arduino_Core\NU54DK_Arduino_Core'
2026-09-07T06:59:02.8071576Z [command]"C:\Program Files\Git\bin\git.exe" version
2026-09-07T06:59:02.9723842Z git version 2.55.0.windows.5
2026-09-07T06:59:02.9772251Z ##[endgroup]
2026-09-07T06:59:02.9790500Z Temporarily overriding HOME='D:\a\_temp\3eb09300-21a1-44de-bb02-fb3cd5d7693d' before making global git config changes
2026-09-07T06:59:02.9793496Z Adding repository directory to the temporary git global config as a safe directory
2026-09-07T06:59:02.9804663Z [command]"C:\Program Files\Git\bin\git.exe" config --global --add safe.directory D:\a\NU54DK_Arduino_Core\NU54DK_Arduino_Core
2026-09-07T06:59:03.0139764Z Deleting the contents of 'D:\a\NU54DK_Arduino_Core\NU54DK_Arduino_Core'
2026-09-07T06:59:03.0145587Z ##[group]Determining repository object format
2026-09-07T06:59:03.0148784Z ##[endgroup]
2026-09-07T06:59:03.0149772Z ##[group]Initializing the repository
2026-09-07T06:59:03.0162740Z [command]"C:\Program Files\Git\bin\git.exe" init D:\a\NU54DK_Arduino_Core\NU54DK_Arduino_Core
2026-09-07T06:59:03.0718349Z Initialized empty Git repository in D:/a/NU54DK_Arduino_Core/NU54DK_Arduino_Core/.git/
2026-09-07T06:59:03.0771892Z [command]"C:\Program Files\Git\bin\git.exe" remote add origin https://github.com/EIDOSDATA/NU54DK_Arduino_Core
2026-09-07T06:59:03.1225230Z ##[endgroup]
2026-09-07T06:59:03.1226756Z ##[group]Disabling automatic garbage collection
2026-09-07T06:59:03.1237388Z [command]"C:\Program Files\Git\bin\git.exe" config --local gc.auto 0
2026-09-07T06:59:03.1685925Z ##[endgroup]
2026-09-07T06:59:03.1687326Z ##[group]Setting up auth
2026-09-07T06:59:03.1688341Z Removing SSH command configuration
2026-09-07T06:59:03.1698250Z [command]"C:\Program Files\Git\bin\git.exe" config --local --name-only --get-regexp core\.sshCommand
2026-09-07T06:59:03.2062764Z [command]"C:\Program Files\Git\bin\git.exe" submodule foreach --recursive "sh -c \"git config --local --name-only --get-regexp 'core\.sshCommand' && git config --local --unset-all 'core.sshCommand' || :\""
2026-09-07T06:59:04.1505083Z Removing HTTP extra header
2026-09-07T06:59:04.1521847Z [command]"C:\Program Files\Git\bin\git.exe" config --local --name-only --get-regexp http\.https\:\/\/github\.com\/\.extraheader
2026-09-07T06:59:04.1885678Z [command]"C:\Program Files\Git\bin\git.exe" submodule foreach --recursive "sh -c \"git config --local --name-only --get-regexp 'http\.https\:\/\/github\.com\/\.extraheader' && git config --local --unset-all 'http.https://github.com/.extraheader' || :\""
2026-09-07T06:59:04.8013394Z Removing includeIf entries pointing to credentials config files
2026-09-07T06:59:04.8024338Z [command]"C:\Program Files\Git\bin\git.exe" config --local --name-only --get-regexp ^includeIf\.gitdir:
2026-09-07T06:59:04.8432504Z [command]"C:\Program Files\Git\bin\git.exe" submodule foreach --recursive "git config --local --show-origin --name-only --get-regexp remote.origin.url"
2026-09-07T06:59:05.4204373Z [command]"C:\Program Files\Git\bin\git.exe" config --file D:\a\_temp\git-credentials-ee1916e1-6226-4dc4-8afd-e65963fca80f.config http.https://github.com/.extraheader "AUTHORIZATION: basic ***"
2026-09-07T06:59:05.4553224Z [command]"C:\Program Files\Git\bin\git.exe" config --local includeIf.gitdir:D:/a/NU54DK_Arduino_Core/NU54DK_Arduino_Core/.git.path D:\a\_temp\git-credentials-ee1916e1-6226-4dc4-8afd-e65963fca80f.config
2026-09-07T06:59:05.4882572Z [command]"C:\Program Files\Git\bin\git.exe" config --local includeIf.gitdir:D:/a/NU54DK_Arduino_Core/NU54DK_Arduino_Core/.git/worktrees/*.path D:\a\_temp\git-credentials-ee1916e1-6226-4dc4-8afd-e65963fca80f.config
2026-09-07T06:59:05.5211566Z [command]"C:\Program Files\Git\bin\git.exe" config --local includeIf.gitdir:/github/workspace/.git.path /github/runner_temp/git-credentials-ee1916e1-6226-4dc4-8afd-e65963fca80f.config
2026-09-07T06:59:05.5578985Z [command]"C:\Program Files\Git\bin\git.exe" config --local includeIf.gitdir:/github/workspace/.git/worktrees/*.path /github/runner_temp/git-credentials-ee1916e1-6226-4dc4-8afd-e65963fca80f.config
2026-09-07T06:59:05.5972714Z ##[endgroup]
2026-09-07T06:59:05.5973558Z ##[group]Fetching the repository
2026-09-07T06:59:05.5986616Z [command]"C:\Program Files\Git\bin\git.exe" -c protocol.version=2 fetch --no-tags --prune --no-recurse-submodules origin +refs/heads/*:refs/remotes/origin/* +refs/tags/*:refs/tags/*
2026-09-07T06:59:09.3641470Z From https://github.com/EIDOSDATA/NU54DK_Arduino_Core
2026-09-07T06:59:09.3642622Z  * [new branch]      main               -> origin/main
2026-09-07T06:59:09.3644403Z  * [new tag]         m10-preview-0.0.90 -> m10-preview-0.0.90
2026-09-07T06:59:09.3645458Z  * [new tag]         m10-preview-0.0.91 -> m10-preview-0.0.91
2026-09-07T06:59:09.3646244Z  * [new tag]         m10-preview-0.0.92 -> m10-preview-0.0.92
2026-09-07T06:59:09.3646962Z  * [new tag]         m10-preview-0.0.93 -> m10-preview-0.0.93
2026-09-07T06:59:09.3647954Z  * [new tag]         m10-preview-0.0.94 -> m10-preview-0.0.94
2026-09-07T06:59:09.3649606Z  * [new tag]         m10-preview-0.0.95 -> m10-preview-0.0.95
2026-09-07T06:59:09.3651440Z  * [new tag]         m10-preview-0.0.96 -> m10-preview-0.0.96
2026-09-07T06:59:09.3652252Z  * [new tag]         m10-preview-0.0.97 -> m10-preview-0.0.97
2026-09-07T06:59:09.3653010Z  * [new tag]         v0.1.0             -> v0.1.0
2026-09-07T06:59:09.3653632Z  * [new tag]         v0.1.0-rc.2        -> v0.1.0-rc.2
2026-09-07T06:59:09.3654335Z  * [new tag]         v0.2.0             -> v0.2.0
2026-09-07T06:59:09.3654938Z  * [new tag]         v0.2.0-rc.1        -> v0.2.0-rc.1
2026-09-07T06:59:09.3655555Z  * [new tag]         v0.2.0-rc.2        -> v0.2.0-rc.2
2026-09-07T06:59:09.3656286Z  * [new tag]         v0.3.0             -> v0.3.0
2026-09-07T06:59:09.3656952Z  * [new tag]         v0.3.0-rc.1        -> v0.3.0-rc.1
2026-09-07T06:59:09.3657895Z  * [new tag]         v0.3.0-rc.2        -> v0.3.0-rc.2
2026-09-07T06:59:09.3658487Z  * [new tag]         v0.3.0-rc.3        -> v0.3.0-rc.3
2026-09-07T06:59:09.3699737Z [command]"C:\Program Files\Git\bin\git.exe" branch --list --remote origin/main
2026-09-07T06:59:09.4001954Z   origin/main
2026-09-07T06:59:09.4045959Z [command]"C:\Program Files\Git\bin\git.exe" rev-parse refs/remotes/origin/main
2026-09-07T06:59:09.4325561Z 828166109968b2ceb40fc2d9c054255558d995d5
2026-09-07T06:59:09.4361901Z ##[endgroup]
2026-09-07T06:59:09.4362581Z ##[group]Determining the checkout info
2026-09-07T06:59:09.4365071Z ##[endgroup]
2026-09-07T06:59:09.4373518Z [command]"C:\Program Files\Git\bin\git.exe" sparse-checkout disable
2026-09-07T06:59:09.4785792Z [command]"C:\Program Files\Git\bin\git.exe" config --local --unset-all extensions.worktreeConfig
2026-09-07T06:59:09.5148494Z ##[group]Checking out the ref
2026-09-07T06:59:09.5158407Z [command]"C:\Program Files\Git\bin\git.exe" checkout --progress --force -B main refs/remotes/origin/main
2026-09-07T06:59:10.5752105Z Updating files:  28% (1789/6353)
2026-09-07T06:59:10.5896278Z Updating files:  29% (1843/6353)
2026-09-07T06:59:10.6057272Z Updating files:  30% (1906/6353)
2026-09-07T06:59:10.6257895Z Updating files:  31% (1970/6353)
2026-09-07T06:59:10.6454061Z Updating files:  32% (2033/6353)
2026-09-07T06:59:10.6624091Z Updating files:  33% (2097/6353)
2026-09-07T06:59:10.6766973Z Updating files:  34% (2161/6353)
2026-09-07T06:59:10.6911666Z Updating files:  35% (2224/6353)
2026-09-07T06:59:10.7059150Z Updating files:  36% (2288/6353)
2026-09-07T06:59:10.7236786Z Updating files:  37% (2351/6353)
2026-09-07T06:59:10.7388024Z Updating files:  38% (2415/6353)
2026-09-07T06:59:10.7529592Z Updating files:  39% (2478/6353)
2026-09-07T06:59:10.7686588Z Updating files:  40% (2542/6353)
2026-09-07T06:59:10.7845908Z Updating files:  41% (2605/6353)
2026-09-07T06:59:10.8025219Z Updating files:  42% (2669/6353)
2026-09-07T06:59:10.8173636Z Updating files:  43% (2732/6353)
2026-09-07T06:59:10.8380176Z Updating files:  44% (2796/6353)
2026-09-07T06:59:10.8523370Z Updating files:  45% (2859/6353)
2026-09-07T06:59:10.8677863Z Updating files:  46% (2923/6353)
2026-09-07T06:59:10.8823263Z Updating files:  47% (2986/6353)
2026-09-07T06:59:10.8973800Z Updating files:  48% (3050/6353)
2026-09-07T06:59:10.9131920Z Updating files:  49% (3113/6353)
2026-09-07T06:59:10.9352831Z Updating files:  50% (3177/6353)
2026-09-07T06:59:10.9523277Z Updating files:  51% (3241/6353)
2026-09-07T06:59:10.9751249Z Updating files:  52% (3304/6353)
2026-09-07T06:59:10.9899080Z Updating files:  53% (3368/6353)
2026-09-07T06:59:11.0043880Z Updating files:  54% (3431/6353)
2026-09-07T06:59:11.0189678Z Updating files:  55% (3495/6353)
2026-09-07T06:59:11.0335764Z Updating files:  56% (3558/6353)
2026-09-07T06:59:11.0531608Z Updating files:  57% (3622/6353)
2026-09-07T06:59:11.0782620Z Updating files:  58% (3685/6353)
2026-09-07T06:59:11.0945446Z Updating files:  59% (3749/6353)
2026-09-07T06:59:11.1110095Z Updating files:  60% (3812/6353)
2026-09-07T06:59:11.1265061Z Updating files:  61% (3876/6353)
2026-09-07T06:59:11.1415425Z Updating files:  62% (3939/6353)
2026-09-07T06:59:11.1840484Z Updating files:  63% (4003/6353)
2026-09-07T06:59:11.2005124Z Updating files:  64% (4066/6353)
2026-09-07T06:59:11.2212150Z Updating files:  65% (4130/6353)
2026-09-07T06:59:11.2363008Z Updating files:  66% (4193/6353)
2026-09-07T06:59:11.2538632Z Updating files:  67% (4257/6353)
2026-09-07T06:59:11.2697117Z Updating files:  68% (4321/6353)
2026-09-07T06:59:11.2868203Z Updating files:  69% (4384/6353)
2026-09-07T06:59:11.3221345Z Updating files:  70% (4448/6353)
2026-09-07T06:59:11.3400565Z Updating files:  71% (4511/6353)
2026-09-07T06:59:11.3566209Z Updating files:  72% (4575/6353)
2026-09-07T06:59:11.3738951Z Updating files:  73% (4638/6353)
2026-09-07T06:59:11.3897281Z Updating files:  74% (4702/6353)
2026-09-07T06:59:11.4047467Z Updating files:  75% (4765/6353)
2026-09-07T06:59:11.4202794Z Updating files:  76% (4829/6353)
2026-09-07T06:59:11.4391882Z Updating files:  77% (4892/6353)
2026-09-07T06:59:11.4561803Z Updating files:  78% (4956/6353)
2026-09-07T06:59:11.4736478Z Updating files:  79% (5019/6353)
2026-09-07T06:59:11.4909569Z Updating files:  80% (5083/6353)
2026-09-07T06:59:11.5227461Z Updating files:  81% (5146/6353)
2026-09-07T06:59:11.5380681Z Updating files:  82% (5210/6353)
2026-09-07T06:59:11.5528637Z Updating files:  83% (5273/6353)
2026-09-07T06:59:11.5626818Z Updating files:  84% (5337/6353)
2026-09-07T06:59:11.5703789Z Updating files:  84% (5375/6353)
2026-09-07T06:59:11.5879775Z Updating files:  85% (5401/6353)
2026-09-07T06:59:11.6090369Z Updating files:  86% (5464/6353)
2026-09-07T06:59:11.6291397Z Updating files:  87% (5528/6353)
2026-09-07T06:59:11.6470980Z Updating files:  88% (5591/6353)
2026-09-07T06:59:11.6671753Z Updating files:  89% (5655/6353)
2026-09-07T06:59:11.6835764Z Updating files:  90% (5718/6353)
2026-09-07T06:59:11.7003220Z Updating files:  91% (5782/6353)
2026-09-07T06:59:11.7204316Z Updating files:  92% (5845/6353)
2026-09-07T06:59:11.7393963Z Updating files:  93% (5909/6353)
2026-09-07T06:59:11.7551482Z Updating files:  94% (5972/6353)
2026-09-07T06:59:11.7720834Z Updating files:  95% (6036/6353)
2026-09-07T06:59:11.7883369Z Updating files:  96% (6099/6353)
2026-09-07T06:59:11.8050220Z Updating files:  97% (6163/6353)
2026-09-07T06:59:11.8247864Z Updating files:  98% (6226/6353)
2026-09-07T06:59:11.8431656Z Updating files:  99% (6290/6353)
2026-09-07T06:59:11.8435181Z Updating files: 100% (6353/6353)
2026-09-07T06:59:11.8436020Z Updating files: 100% (6353/6353), done.
2026-09-07T06:59:11.8651927Z Switched to a new branch 'main'
2026-09-07T06:59:11.8670281Z branch 'main' set up to track 'origin/main'.
2026-09-07T06:59:11.8827017Z ##[endgroup]
2026-09-07T06:59:11.8827597Z ##[group]Setting up auth for fetching submodules
2026-09-07T06:59:11.8840205Z [command]"C:\Program Files\Git\bin\git.exe" config --file D:\a\_temp\git-credentials-ee1916e1-6226-4dc4-8afd-e65963fca80f.config http.https://github.com/.extraheader "AUTHORIZATION: basic ***"
2026-09-07T06:59:11.9177718Z [command]"C:\Program Files\Git\bin\git.exe" config --global include.path D:\a\_temp\git-credentials-ee1916e1-6226-4dc4-8afd-e65963fca80f.config
2026-09-07T06:59:11.9478633Z [command]"C:\Program Files\Git\bin\git.exe" config --global --unset-all url.https://github.com/.insteadOf
2026-09-07T06:59:11.9776000Z [command]"C:\Program Files\Git\bin\git.exe" config --global --add url.https://github.com/.insteadOf git@github.com:
2026-09-07T06:59:12.0123243Z [command]"C:\Program Files\Git\bin\git.exe" config --global --add url.https://github.com/.insteadOf org-48746729@github.com:
2026-09-07T06:59:12.0422333Z ##[endgroup]
2026-09-07T06:59:12.0422713Z ##[group]Fetching submodules
2026-09-07T06:59:12.0431314Z [command]"C:\Program Files\Git\bin\git.exe" submodule sync --recursive
2026-09-07T06:59:12.5854957Z [command]"C:\Program Files\Git\bin\git.exe" -c protocol.version=2 submodule update --init --force --recursive
2026-09-07T06:59:13.2775399Z Submodule 'board_package/NU54DK_Zephyr_DTS' (https://github.com/Nucode01/NU54DK_Zephyr_DTS.git) registered for path 'board_package/NU54DK_Zephyr_DTS'
2026-09-07T06:59:13.3071525Z Cloning into 'D:/a/NU54DK_Arduino_Core/NU54DK_Arduino_Core/board_package/NU54DK_Zephyr_DTS'...
2026-09-07T06:59:14.0900418Z Submodule path 'board_package/NU54DK_Zephyr_DTS': checked out 'fe65f2f0880bd05b32e562d9bf1ee59142b4f4d3'
2026-09-07T06:59:14.1134930Z [command]"C:\Program Files\Git\bin\git.exe" submodule foreach --recursive "git config --local gc.auto 0"
2026-09-07T06:59:14.6693481Z Entering 'board_package/NU54DK_Zephyr_DTS'
2026-09-07T06:59:14.7271093Z ##[endgroup]
2026-09-07T06:59:14.7271476Z ##[group]Persisting credentials for submodules
2026-09-07T06:59:14.7283758Z [command]"C:\Program Files\Git\bin\git.exe" submodule foreach --recursive "sh -c \"git config --local --name-only --get-regexp 'url\.https\:\/\/github\.com\/\.insteadOf' && git config --local --unset-all 'url.https://github.com/.insteadOf' || :\""
2026-09-07T06:59:15.4097331Z Entering 'board_package/NU54DK_Zephyr_DTS'
2026-09-07T06:59:15.5000310Z [command]"C:\Program Files\Git\bin\git.exe" submodule foreach --recursive "git config --local --show-origin --name-only --get-regexp remote.origin.url"
2026-09-07T06:59:16.0624665Z Entering 'board_package/NU54DK_Zephyr_DTS'
2026-09-07T06:59:16.0970448Z file:D:/a/NU54DK_Arduino_Core/NU54DK_Arduino_Core/.git/modules/board_package/NU54DK_Zephyr_DTS/config	remote.origin.url
2026-09-07T06:59:16.1236395Z [command]"C:\Program Files\Git\bin\git.exe" config --file D:/a/NU54DK_Arduino_Core/NU54DK_Arduino_Core/.git/modules/board_package/NU54DK_Zephyr_DTS/config includeIf.gitdir:D:/a/NU54DK_Arduino_Core/NU54DK_Arduino_Core/.git/modules/board_package/NU54DK_Zephyr_DTS.path D:\a\_temp\git-credentials-ee1916e1-6226-4dc4-8afd-e65963fca80f.config
2026-09-07T06:59:16.1565758Z [command]"C:\Program Files\Git\bin\git.exe" config --file D:/a/NU54DK_Arduino_Core/NU54DK_Arduino_Core/.git/modules/board_package/NU54DK_Zephyr_DTS/config includeIf.gitdir:/github/workspace/.git/modules/board_package/NU54DK_Zephyr_DTS.path /github/runner_temp/git-credentials-ee1916e1-6226-4dc4-8afd-e65963fca80f.config
2026-09-07T06:59:16.1889034Z [command]"C:\Program Files\Git\bin\git.exe" submodule foreach --recursive "git config --local --add 'url.https://github.com/.insteadOf' 'git@github.com:'"
2026-09-07T06:59:16.9055038Z Entering 'board_package/NU54DK_Zephyr_DTS'
2026-09-07T06:59:16.9676506Z [command]"C:\Program Files\Git\bin\git.exe" submodule foreach --recursive "git config --local --add 'url.https://github.com/.insteadOf' 'org-48746729@github.com:'"
2026-09-07T06:59:17.7483762Z Entering 'board_package/NU54DK_Zephyr_DTS'
2026-09-07T06:59:17.8150531Z ##[endgroup]
2026-09-07T06:59:17.8490394Z [command]"C:\Program Files\Git\bin\git.exe" log -1 --format=%H
2026-09-07T06:59:17.8779572Z 828166109968b2ceb40fc2d9c054255558d995d5
2026-09-07T06:59:17.9256819Z ##[group]Run actions/setup-python@5fda3b95a4ea91299a34e894583c3862153e4b97
2026-09-07T06:59:17.9258371Z with:
2026-09-07T06:59:17.9258568Z   python-version: 3.12.10
2026-09-07T06:59:17.9258789Z   check-latest: false
2026-09-07T06:59:17.9261043Z   token: ***
2026-09-07T06:59:17.9261239Z   update-environment: true
2026-09-07T06:59:17.9261458Z   allow-prereleases: false
2026-09-07T06:59:17.9261663Z   freethreaded: false
2026-09-07T06:59:17.9261841Z env:
2026-09-07T06:59:17.9262010Z   NUCODE_NCS_INSTALL_ROOT: D:\ncs
2026-09-07T06:59:17.9262242Z   NUCODE_NCS_ROOT: D:\ncs\v3.4.0
2026-09-07T06:59:17.9262501Z   NUCODE_TOOLCHAIN_ROOT: D:\ncs\toolchains\dcbdc366a1
2026-09-07T06:59:17.9262839Z   NUCODE_PREREQUISITE_STATE_ROOT: D:\nu54-prerequisites
2026-09-07T06:59:17.9263248Z   M12_EVIDENCE: D:\a\NU54DK_Arduino_Core\NU54DK_Arduino_Core\m12-evidence\v0.2.0
2026-09-07T06:59:17.9263602Z   NUCODE_CI_TEMP: D:\t
2026-09-07T06:59:17.9263785Z ##[endgroup]
2026-09-07T06:59:18.0928215Z ##[group]Installed versions
2026-09-07T06:59:18.0980903Z Successfully set up CPython (3.12.10)
2026-09-07T06:59:18.0982230Z ##[endgroup]
2026-09-07T06:59:18.1285917Z Node 20 is being deprecated. This workflow is running with Node 24 by default. If you need to temporarily use Node 20, you can set the ACTIONS_ALLOW_USE_UNSECURE_NODE_VERSION=true environment variable. For more information see: https://github.blog/changelog/2025-09-19-deprecation-of-node-20-on-github-actions-runners/
2026-09-07T06:59:18.1287384Z ##[group]Run arduino/setup-arduino-cli@81d310742121c928ea9c8bbd407b4217b432ae02
2026-09-07T06:59:18.1287767Z with:
2026-09-07T06:59:18.1287936Z   version: 1.5.1
2026-09-07T06:59:18.1290126Z   token: ***
2026-09-07T06:59:18.1290296Z env:
2026-09-07T06:59:18.1290468Z   NUCODE_NCS_INSTALL_ROOT: D:\ncs
2026-09-07T06:59:18.1290704Z   NUCODE_NCS_ROOT: D:\ncs\v3.4.0
2026-09-07T06:59:18.1290968Z   NUCODE_TOOLCHAIN_ROOT: D:\ncs\toolchains\dcbdc366a1
2026-09-07T06:59:18.1291306Z   NUCODE_PREREQUISITE_STATE_ROOT: D:\nu54-prerequisites
2026-09-07T06:59:18.1291756Z   M12_EVIDENCE: D:\a\NU54DK_Arduino_Core\NU54DK_Arduino_Core\m12-evidence\v0.2.0
2026-09-07T06:59:18.1292117Z   NUCODE_CI_TEMP: D:\t
2026-09-07T06:59:18.1292386Z   pythonLocation: C:\hostedtoolcache\windows\Python\3.12.10\x64
2026-09-07T06:59:18.1292844Z   PKG_CONFIG_PATH: C:\hostedtoolcache\windows\Python\3.12.10\x64/lib/pkgconfig
2026-09-07T06:59:18.1293466Z   Python_ROOT_DIR: C:\hostedtoolcache\windows\Python\3.12.10\x64
2026-09-07T06:59:18.1293920Z   Python2_ROOT_DIR: C:\hostedtoolcache\windows\Python\3.12.10\x64
2026-09-07T06:59:18.1294316Z   Python3_ROOT_DIR: C:\hostedtoolcache\windows\Python\3.12.10\x64
2026-09-07T06:59:18.1294620Z ##[endgroup]
2026-09-07T06:59:19.1298935Z [command]"C:\Program Files\PowerShell\7\pwsh.exe" -NoLogo -NoProfile -NonInteractive -ExecutionPolicy Unrestricted -Command "$ErrorActionPreference = 'Stop' ; try { Add-Type -AssemblyName System.IO.Compression.ZipFile } catch { } ; try { [System.IO.Compression.ZipFile]::ExtractToDirectory('D:\a\_temp\c0b604e6-cf23-4aaf-ab8b-3f83102c38a6', 'D:\a\_temp\e8de96fd-54e0-4cc1-bafc-ea70b54586ce', $true) } catch { if (($_.Exception.GetType().FullName -eq 'System.Management.Automation.MethodException') -or ($_.Exception.GetType().FullName -eq 'System.Management.Automation.RuntimeException') ){ Expand-Archive -LiteralPath 'D:\a\_temp\c0b604e6-cf23-4aaf-ab8b-3f83102c38a6' -DestinationPath 'D:\a\_temp\e8de96fd-54e0-4cc1-bafc-ea70b54586ce' -Force } else { throw $_ } } ;"
2026-09-07T06:59:20.8229771Z ##[group]Run python tools/ci/verify_ci_lock.py --github-output
2026-09-07T06:59:20.8230553Z [36;1mpython tools/ci/verify_ci_lock.py --github-output[0m
2026-09-07T06:59:21.5099534Z shell: C:\Program Files\PowerShell\7\pwsh.EXE -command ". '{0}'"
2026-09-07T06:59:21.5100152Z env:
2026-09-07T06:59:21.5100462Z   NUCODE_NCS_INSTALL_ROOT: D:\ncs
2026-09-07T06:59:21.5100877Z   NUCODE_NCS_ROOT: D:\ncs\v3.4.0
2026-09-07T06:59:21.5101352Z   NUCODE_TOOLCHAIN_ROOT: D:\ncs\toolchains\dcbdc366a1
2026-09-07T06:59:21.5101947Z   NUCODE_PREREQUISITE_STATE_ROOT: D:\nu54-prerequisites
2026-09-07T06:59:21.5102960Z   M12_EVIDENCE: D:\a\NU54DK_Arduino_Core\NU54DK_Arduino_Core\m12-evidence\v0.2.0
2026-09-07T06:59:21.5103361Z   NUCODE_CI_TEMP: D:\t
2026-09-07T06:59:21.5103675Z   pythonLocation: C:\hostedtoolcache\windows\Python\3.12.10\x64
2026-09-07T06:59:21.5104134Z   PKG_CONFIG_PATH: C:\hostedtoolcache\windows\Python\3.12.10\x64/lib/pkgconfig
2026-09-07T06:59:21.5104640Z   Python_ROOT_DIR: C:\hostedtoolcache\windows\Python\3.12.10\x64
2026-09-07T06:59:21.5105262Z   Python2_ROOT_DIR: C:\hostedtoolcache\windows\Python\3.12.10\x64
2026-09-07T06:59:21.5105670Z   Python3_ROOT_DIR: C:\hostedtoolcache\windows\Python\3.12.10\x64
2026-09-07T06:59:21.5105993Z ##[endgroup]
2026-09-07T06:59:25.3210222Z {"container": "ghcr.io/nrfconnect/sdk-nrf-toolchain@sha256:f1dca44678dae83e37404e33f369786f5b2ffe2ed497eec1815f66c3a868bace", "linux_cache_key": "ncs-linux-amd64-99553055607b2e9885fbc80ccd11fa9da81c2df0-bf801e4e3d19e1ffa76164346480cb7734dd2800-tc-fbf7391cab-img-f1dca44678dae83e37404e33f369786f5b2ffe2ed497eec1815f66c3a868bace", "lock_sha256": "8c5ab4deaf0bb21dc83957330c49531d011e142959c6f93f7b47052bba5146f3", "ncs_revision": "99553055607b2e9885fbc80ccd11fa9da81c2df0", "windows_cache_key": "ncs-windows-x64-99553055607b2e9885fbc80ccd11fa9da81c2df0-bf801e4e3d19e1ffa76164346480cb7734dd2800-tc-dcbdc366a1", "zephyr_revision": "bf801e4e3d19e1ffa76164346480cb7734dd2800"}
2026-09-07T06:59:25.4643888Z ##[group]Run actions/cache@55cc8345863c7cc4c66a329aec7e433d2d1c52a9
2026-09-07T06:59:25.4644442Z with:
2026-09-07T06:59:25.4644886Z   path: ~\AppData\Local\NUCODE\NU54DK_Arduino_Core
2026-09-07T06:59:25.4645556Z   key: ncs-windows-x64-99553055607b2e9885fbc80ccd11fa9da81c2df0-bf801e4e3d19e1ffa76164346480cb7734dd2800-tc-dcbdc366a1-builder-v1
2026-09-07T06:59:25.4646183Z   enableCrossOsArchive: false
2026-09-07T06:59:25.4646416Z   fail-on-cache-miss: false
2026-09-07T06:59:25.4646626Z   lookup-only: false
2026-09-07T06:59:25.4646814Z   save-always: false
2026-09-07T06:59:25.4647003Z env:
2026-09-07T06:59:25.4647174Z   NUCODE_NCS_INSTALL_ROOT: D:\ncs
2026-09-07T06:59:25.4647407Z   NUCODE_NCS_ROOT: D:\ncs\v3.4.0
2026-09-07T06:59:25.4647673Z   NUCODE_TOOLCHAIN_ROOT: D:\ncs\toolchains\dcbdc366a1
2026-09-07T06:59:25.4648013Z   NUCODE_PREREQUISITE_STATE_ROOT: D:\nu54-prerequisites
2026-09-07T06:59:25.4648450Z   M12_EVIDENCE: D:\a\NU54DK_Arduino_Core\NU54DK_Arduino_Core\m12-evidence\v0.2.0
2026-09-07T06:59:25.4648819Z   NUCODE_CI_TEMP: D:\t
2026-09-07T06:59:25.4649093Z   pythonLocation: C:\hostedtoolcache\windows\Python\3.12.10\x64
2026-09-07T06:59:25.4649529Z   PKG_CONFIG_PATH: C:\hostedtoolcache\windows\Python\3.12.10\x64/lib/pkgconfig
2026-09-07T06:59:25.4649956Z   Python_ROOT_DIR: C:\hostedtoolcache\windows\Python\3.12.10\x64
2026-09-07T06:59:25.4650340Z   Python2_ROOT_DIR: C:\hostedtoolcache\windows\Python\3.12.10\x64
2026-09-07T06:59:25.4650723Z   Python3_ROOT_DIR: C:\hostedtoolcache\windows\Python\3.12.10\x64
2026-09-07T06:59:25.4651024Z ##[endgroup]
2026-09-07T06:59:25.9661552Z Cache hit for: ncs-windows-x64-99553055607b2e9885fbc80ccd11fa9da81c2df0-bf801e4e3d19e1ffa76164346480cb7734dd2800-tc-dcbdc366a1-builder-v1
2026-09-07T06:59:26.5854768Z Received 9266879 of 9266879 (100.0%), 19.7 MBs/sec
2026-09-07T06:59:26.5857787Z Cache Size: ~9 MB (9266879 B)
2026-09-07T06:59:26.5892979Z [command]"C:\Program Files\Git\usr\bin\tar.exe" -xf D:/a/_temp/a7c19726-c6ab-41d6-9857-eb5a9ba843fb/cache.tzst -P -C D:/a/NU54DK_Arduino_Core/NU54DK_Arduino_Core --force-local --use-compress-program "zstd -d"
2026-09-07T06:59:26.7741795Z Cache restored successfully
2026-09-07T06:59:26.7877698Z Cache restored from key: ncs-windows-x64-99553055607b2e9885fbc80ccd11fa9da81c2df0-bf801e4e3d19e1ffa76164346480cb7734dd2800-tc-dcbdc366a1-builder-v1
2026-09-07T06:59:26.8242740Z ##[group]Run powershell.exe -NoLogo -NoProfile -NonInteractive -ExecutionPolicy Bypass -File .\tools\nu54-prerequisites\install-nordic.ps1 -PlatformRoot . -NcsRoot "$env:NUCODE_NCS_INSTALL_ROOT"
2026-09-07T06:59:26.8245318Z [36;1mpowershell.exe -NoLogo -NoProfile -NonInteractive -ExecutionPolicy Bypass -File .\tools\nu54-prerequisites\install-nordic.ps1 -PlatformRoot . -NcsRoot "$env:NUCODE_NCS_INSTALL_ROOT"[0m
2026-09-07T06:59:26.8328423Z shell: C:\Windows\System32\WindowsPowerShell\v1.0\powershell.EXE -command ". '{0}'"
2026-09-07T06:59:26.8328858Z env:
2026-09-07T06:59:26.8329049Z   NUCODE_NCS_INSTALL_ROOT: D:\ncs
2026-09-07T06:59:26.8329300Z   NUCODE_NCS_ROOT: D:\ncs\v3.4.0
2026-09-07T06:59:26.8329577Z   NUCODE_TOOLCHAIN_ROOT: D:\ncs\toolchains\dcbdc366a1
2026-09-07T06:59:26.8329928Z   NUCODE_PREREQUISITE_STATE_ROOT: D:\nu54-prerequisites
2026-09-07T06:59:26.8330354Z   M12_EVIDENCE: D:\a\NU54DK_Arduino_Core\NU54DK_Arduino_Core\m12-evidence\v0.2.0
2026-09-07T06:59:26.8330771Z   NUCODE_CI_TEMP: D:\t
2026-09-07T06:59:26.8331061Z   pythonLocation: C:\hostedtoolcache\windows\Python\3.12.10\x64
2026-09-07T06:59:26.8331509Z   PKG_CONFIG_PATH: C:\hostedtoolcache\windows\Python\3.12.10\x64/lib/pkgconfig
2026-09-07T06:59:26.8331958Z   Python_ROOT_DIR: C:\hostedtoolcache\windows\Python\3.12.10\x64
2026-09-07T06:59:26.8332373Z   Python2_ROOT_DIR: C:\hostedtoolcache\windows\Python\3.12.10\x64
2026-09-07T06:59:26.8332788Z   Python3_ROOT_DIR: C:\hostedtoolcache\windows\Python\3.12.10\x64
2026-09-07T06:59:26.8333104Z ##[endgroup]
2026-09-07T06:59:30.8166212Z [NU54DK] 공식 nRF Util byte 준비
2026-09-07T06:59:30.8781282Z [NU54DK] sdk-manager 1.16.1 설치
2026-09-07T06:59:32.0594463Z [NU54DK] Toolchain dcbdc366a1 설치 또는 재개
2026-09-07T06:59:32.5966889Z Using the global server for downloads. Use '--region cn' for the server in Mainland China.
2026-09-07T07:00:39.7293379Z [NU54DK] NCS v3.4.0 설치 또는 재개
2026-09-07T07:00:41.0178384Z Using the global server for downloads. Use '--region cn' for the server in Mainland China.
2026-09-07T07:04:15.3004272Z Warning: The SDK has been installed to 'D:\ncs\v3.4.0' but it has not been registered with cmake. Please run 'nrfutil sdk-manager sdk register v3.4.0' or run 'west zephyr-export' within the SDK folder.
2026-09-07T07:04:15.3187677Z [NU54DK] 설치 byte와 revision 최종 검증
2026-09-07T07:04:17.1930494Z [NU54DK] 완료 marker 재검증
2026-09-07T07:04:17.9939818Z [NU54DK] Nordic prerequisite installation PASS.
2026-09-07T07:04:17.9949039Z 설치 root: D:\ncs
2026-09-07T07:04:17.9973182Z 검증 log : C:\Users\runneradmin\AppData\Local\NUCODE\NU54DK_Arduino_Core\logs\prerequisites-20260907-065930.log
2026-09-07T07:04:18.2485135Z ##[group]Run python tools/ci/verify_ci_lock.py --workspace "$env:NUCODE_NCS_ROOT"
2026-09-07T07:04:18.2486193Z [36;1mpython tools/ci/verify_ci_lock.py --workspace "$env:NUCODE_NCS_ROOT"[0m
2026-09-07T07:04:18.2657699Z shell: C:\Program Files\PowerShell\7\pwsh.EXE -command ". '{0}'"
2026-09-07T07:04:18.2658141Z env:
2026-09-07T07:04:18.2658451Z   NUCODE_NCS_INSTALL_ROOT: D:\ncs
2026-09-07T07:04:18.2658775Z   NUCODE_NCS_ROOT: D:\ncs\v3.4.0
2026-09-07T07:04:18.2659143Z   NUCODE_TOOLCHAIN_ROOT: D:\ncs\toolchains\dcbdc366a1
2026-09-07T07:04:18.2659578Z   NUCODE_PREREQUISITE_STATE_ROOT: D:\nu54-prerequisites
2026-09-07T07:04:18.2660179Z   M12_EVIDENCE: D:\a\NU54DK_Arduino_Core\NU54DK_Arduino_Core\m12-evidence\v0.2.0
2026-09-07T07:04:18.2660620Z   NUCODE_CI_TEMP: D:\t
2026-09-07T07:04:18.2667579Z   pythonLocation: C:\hostedtoolcache\windows\Python\3.12.10\x64
2026-09-07T07:04:18.2668155Z   PKG_CONFIG_PATH: C:\hostedtoolcache\windows\Python\3.12.10\x64/lib/pkgconfig
2026-09-07T07:04:18.2668814Z   Python_ROOT_DIR: C:\hostedtoolcache\windows\Python\3.12.10\x64
2026-09-07T07:04:18.2669308Z   Python2_ROOT_DIR: C:\hostedtoolcache\windows\Python\3.12.10\x64
2026-09-07T07:04:18.2669779Z   Python3_ROOT_DIR: C:\hostedtoolcache\windows\Python\3.12.10\x64
2026-09-07T07:04:18.2670423Z ##[endgroup]
2026-09-07T07:04:20.1908283Z {"container": "ghcr.io/nrfconnect/sdk-nrf-toolchain@sha256:f1dca44678dae83e37404e33f369786f5b2ffe2ed497eec1815f66c3a868bace", "linux_cache_key": "ncs-linux-amd64-99553055607b2e9885fbc80ccd11fa9da81c2df0-bf801e4e3d19e1ffa76164346480cb7734dd2800-tc-fbf7391cab-img-f1dca44678dae83e37404e33f369786f5b2ffe2ed497eec1815f66c3a868bace", "lock_sha256": "8c5ab4deaf0bb21dc83957330c49531d011e142959c6f93f7b47052bba5146f3", "ncs_revision": "99553055607b2e9885fbc80ccd11fa9da81c2df0", "windows_cache_key": "ncs-windows-x64-99553055607b2e9885fbc80ccd11fa9da81c2df0-bf801e4e3d19e1ffa76164346480cb7734dd2800-tc-dcbdc366a1", "zephyr_revision": "bf801e4e3d19e1ffa76164346480cb7734dd2800"}
2026-09-07T07:04:20.3356225Z ##[group]Run New-Item -ItemType Directory -Path $env:M12_EVIDENCE -Force | Out-Null
2026-09-07T07:04:20.3357034Z [36;1mNew-Item -ItemType Directory -Path $env:M12_EVIDENCE -Force | Out-Null[0m
2026-09-07T07:04:20.3357648Z [36;1mNew-Item -ItemType Directory -Path $env:NUCODE_CI_TEMP -Force | Out-Null[0m
2026-09-07T07:04:20.3358131Z [36;1m$env:TEMP = $env:NUCODE_CI_TEMP[0m
2026-09-07T07:04:20.3358495Z [36;1m$env:TMP = $env:NUCODE_CI_TEMP[0m
2026-09-07T07:04:20.3358858Z [36;1m$cli = (Get-Command arduino-cli.exe).Source[0m
2026-09-07T07:04:20.3359423Z [36;1m& $cli version 2>&1 | Tee-Object -FilePath (Join-Path $env:M12_EVIDENCE 'arduino-cli-version.txt')[0m
2026-09-07T07:04:20.3360025Z [36;1m$previousErrorAction = $ErrorActionPreference[0m
2026-09-07T07:04:20.3360438Z [36;1m$ErrorActionPreference = 'Continue'[0m
2026-09-07T07:04:20.3360905Z [36;1mpython .\tests\arduino-cli\run_smoke.py --cli $cli --group 'v0.2.0' 2>&1 |[0m
2026-09-07T07:04:20.3361606Z [36;1m  Tee-Object -FilePath (Join-Path $env:M12_EVIDENCE 'arduino-build.log')[0m
2026-09-07T07:04:20.3362073Z [36;1m$commandExitCode = $LASTEXITCODE[0m
2026-09-07T07:04:20.3362448Z [36;1m$ErrorActionPreference = $previousErrorAction[0m
2026-09-07T07:04:20.3362912Z [36;1mif ($commandExitCode -ne 0) { exit $commandExitCode }[0m
2026-09-07T07:04:20.3436494Z shell: C:\Windows\System32\WindowsPowerShell\v1.0\powershell.EXE -command ". '{0}'"
2026-09-07T07:04:20.3436982Z env:
2026-09-07T07:04:20.3437259Z   NUCODE_NCS_INSTALL_ROOT: D:\ncs
2026-09-07T07:04:20.3437563Z   NUCODE_NCS_ROOT: D:\ncs\v3.4.0
2026-09-07T07:04:20.3437915Z   NUCODE_TOOLCHAIN_ROOT: D:\ncs\toolchains\dcbdc366a1
2026-09-07T07:04:20.3438318Z   NUCODE_PREREQUISITE_STATE_ROOT: D:\nu54-prerequisites
2026-09-07T07:04:20.3438813Z   M12_EVIDENCE: D:\a\NU54DK_Arduino_Core\NU54DK_Arduino_Core\m12-evidence\v0.2.0
2026-09-07T07:04:20.3439239Z   NUCODE_CI_TEMP: D:\t
2026-09-07T07:04:20.3439605Z   pythonLocation: C:\hostedtoolcache\windows\Python\3.12.10\x64
2026-09-07T07:04:20.3440125Z   PKG_CONFIG_PATH: C:\hostedtoolcache\windows\Python\3.12.10\x64/lib/pkgconfig
2026-09-07T07:04:20.3440674Z   Python_ROOT_DIR: C:\hostedtoolcache\windows\Python\3.12.10\x64
2026-09-07T07:04:20.3441134Z   Python2_ROOT_DIR: C:\hostedtoolcache\windows\Python\3.12.10\x64
2026-09-07T07:04:20.3441580Z   Python3_ROOT_DIR: C:\hostedtoolcache\windows\Python\3.12.10\x64
2026-09-07T07:04:20.3441976Z ##[endgroup]
2026-09-07T07:04:21.1149852Z arduino-cli  Version: 1.5.1 Commit: 01f3d4f2b Date: 2026-06-05T10:22:12Z
2026-09-07T07:04:22.9801716Z SMOKE_TEST_START=v0.2.0/m15
2026-09-07T07:17:10.5684682Z PASS: m15
2026-09-07T07:17:10.5685362Z SMOKE_TEST_START=v0.2.0/m16
2026-09-07T07:22:33.2778330Z PASS: m16
2026-09-07T07:22:33.2780225Z ARDUINO_SMOKE_GROUP_PASS=v0.2.0;TESTS=2
2026-09-07T07:22:35.3978587Z ##[group]Run New-Item -ItemType Directory -Path $env:M12_EVIDENCE -Force | Out-Null
2026-09-07T07:22:35.3979472Z [36;1mNew-Item -ItemType Directory -Path $env:M12_EVIDENCE -Force | Out-Null[0m
2026-09-07T07:22:35.3980122Z [36;1mNew-Item -ItemType Directory -Path $env:NUCODE_CI_TEMP -Force | Out-Null[0m
2026-09-07T07:22:35.3980669Z [36;1m$env:TEMP = $env:NUCODE_CI_TEMP[0m
2026-09-07T07:22:35.3981045Z [36;1m$env:TMP = $env:NUCODE_CI_TEMP[0m
2026-09-07T07:22:35.3981494Z [36;1m$cli = (Get-Command arduino-cli.exe -ErrorAction Stop).Source[0m
2026-09-07T07:22:35.3981985Z [36;1mpython .\tools\ci\run_m17_external_arduino.py `[0m
2026-09-07T07:22:35.3982410Z [36;1m  --arduino-cli $cli `[0m
2026-09-07T07:22:35.3982850Z [36;1m  --lock .\tools\ci\m17-external-libraries.lock.json `[0m
2026-09-07T07:22:35.3984386Z [36;1m  --evidence (Join-Path $env:M12_EVIDENCE 'm17-external-arduino.json') `[0m
2026-09-07T07:22:35.3985114Z [36;1m  --log (Join-Path $env:M12_EVIDENCE 'm17-external-arduino.log')[0m
2026-09-07T07:22:35.3985566Z [36;1m$externalExitCode = $LASTEXITCODE[0m
2026-09-07T07:22:35.3986049Z [36;1mif ($externalExitCode -ne 0) { exit $externalExitCode }[0m
2026-09-07T07:22:35.4095263Z shell: C:\Windows\System32\WindowsPowerShell\v1.0\powershell.EXE -command ". '{0}'"
2026-09-07T07:22:35.4095879Z env:
2026-09-07T07:22:35.4096180Z   NUCODE_NCS_INSTALL_ROOT: D:\ncs
2026-09-07T07:22:35.4096560Z   NUCODE_NCS_ROOT: D:\ncs\v3.4.0
2026-09-07T07:22:35.4096969Z   NUCODE_TOOLCHAIN_ROOT: D:\ncs\toolchains\dcbdc366a1
2026-09-07T07:22:35.4097502Z   NUCODE_PREREQUISITE_STATE_ROOT: D:\nu54-prerequisites
2026-09-07T07:22:35.4098064Z   M12_EVIDENCE: D:\a\NU54DK_Arduino_Core\NU54DK_Arduino_Core\m12-evidence\v0.2.0
2026-09-07T07:22:35.4098563Z   NUCODE_CI_TEMP: D:\t
2026-09-07T07:22:35.4098982Z   pythonLocation: C:\hostedtoolcache\windows\Python\3.12.10\x64
2026-09-07T07:22:35.4099585Z   PKG_CONFIG_PATH: C:\hostedtoolcache\windows\Python\3.12.10\x64/lib/pkgconfig
2026-09-07T07:22:35.4100195Z   Python_ROOT_DIR: C:\hostedtoolcache\windows\Python\3.12.10\x64
2026-09-07T07:22:35.4100719Z   Python2_ROOT_DIR: C:\hostedtoolcache\windows\Python\3.12.10\x64
2026-09-07T07:22:35.4101280Z   Python3_ROOT_DIR: C:\hostedtoolcache\windows\Python\3.12.10\x64
2026-09-07T07:22:35.4101707Z ##[endgroup]
2026-09-07T07:25:20.4366141Z M17_EXTERNAL_ARDUINO_PASS=D:\a\NU54DK_Arduino_Core\NU54DK_Arduino_Core\m12-evidence\v0.2.0\m17-external-arduino.json
2026-09-07T07:25:20.5085153Z ##[group]Run actions/upload-artifact@043fb46d1a93c77aae656e7c1c64a875d1fc6a0a
2026-09-07T07:25:20.5085712Z with:
2026-09-07T07:25:20.5086098Z   name: m12-arduino-v0.2.0-828166109968b2ceb40fc2d9c054255558d995d5
2026-09-07T07:25:20.5086621Z   path: D:\a\NU54DK_Arduino_Core\NU54DK_Arduino_Core\m12-evidence\v0.2.0
2026-09-07T07:25:20.5087560Z   if-no-files-found: warn
2026-09-07T07:25:20.5087856Z   retention-days: 14
2026-09-07T07:25:20.5088162Z   compression-level: 6
2026-09-07T07:25:20.5088445Z   overwrite: false
2026-09-07T07:25:20.5088719Z   include-hidden-files: false
2026-09-07T07:25:20.5089008Z   archive: true
2026-09-07T07:25:20.5089253Z env:
2026-09-07T07:25:20.5089521Z   NUCODE_NCS_INSTALL_ROOT: D:\ncs
2026-09-07T07:25:20.5089824Z   NUCODE_NCS_ROOT: D:\ncs\v3.4.0
2026-09-07T07:25:20.5090159Z   NUCODE_TOOLCHAIN_ROOT: D:\ncs\toolchains\dcbdc366a1
2026-09-07T07:25:20.5090575Z   NUCODE_PREREQUISITE_STATE_ROOT: D:\nu54-prerequisites
2026-09-07T07:25:20.5091164Z   M12_EVIDENCE: D:\a\NU54DK_Arduino_Core\NU54DK_Arduino_Core\m12-evidence\v0.2.0
2026-09-07T07:25:20.5091604Z   NUCODE_CI_TEMP: D:\t
2026-09-07T07:25:20.5091959Z   pythonLocation: C:\hostedtoolcache\windows\Python\3.12.10\x64
2026-09-07T07:25:20.5092475Z   PKG_CONFIG_PATH: C:\hostedtoolcache\windows\Python\3.12.10\x64/lib/pkgconfig
2026-09-07T07:25:20.5093008Z   Python_ROOT_DIR: C:\hostedtoolcache\windows\Python\3.12.10\x64
2026-09-07T07:25:20.5093470Z   Python2_ROOT_DIR: C:\hostedtoolcache\windows\Python\3.12.10\x64
2026-09-07T07:25:20.5093940Z   Python3_ROOT_DIR: C:\hostedtoolcache\windows\Python\3.12.10\x64
2026-09-07T07:25:20.5094326Z ##[endgroup]
2026-09-07T07:25:21.2029543Z With the provided path, there will be 4 files uploaded
2026-09-07T07:25:21.2034821Z Artifact name is valid!
2026-09-07T07:25:21.2036148Z Root directory input is valid!
2026-09-07T07:25:21.4985432Z Uploading artifact: m12-arduino-v0.2.0-828166109968b2ceb40fc2d9c054255558d995d5.zip
2026-09-07T07:25:21.5040115Z Beginning upload of artifact content to blob storage
2026-09-07T07:25:22.0669160Z Uploaded bytes 833783
2026-09-07T07:25:22.1055619Z Finished uploading artifact content to blob storage!
2026-09-07T07:25:22.1056863Z SHA256 digest of uploaded artifact is 0b7491f7adb3bb4156a0a043912b10296a1022d360f2d4e689dd79c7385a26c4
2026-09-07T07:25:22.1058348Z Finalizing artifact upload
2026-09-07T07:25:22.4354275Z Artifact m12-arduino-v0.2.0-828166109968b2ceb40fc2d9c054255558d995d5 successfully finalized. Artifact ID 10008373262
2026-09-07T07:25:22.4355978Z Artifact m12-arduino-v0.2.0-828166109968b2ceb40fc2d9c054255558d995d5 has been successfully uploaded! Final size is 833783 bytes. Artifact ID is 10008373262
2026-09-07T07:25:22.4363575Z Artifact download URL: https://github.com/EIDOSDATA/NU54DK_Arduino_Core/actions/runs/34092876773/artifacts/10008373262
2026-09-07T07:25:22.4836137Z Post job cleanup.
2026-09-07T07:25:22.6748633Z Cache hit occurred on the primary key ncs-windows-x64-99553055607b2e9885fbc80ccd11fa9da81c2df0-bf801e4e3d19e1ffa76164346480cb7734dd2800-tc-dcbdc366a1-builder-v1, not saving cache.
2026-09-07T07:25:22.7077376Z Post job cleanup.
2026-09-07T07:25:22.9082942Z Post job cleanup.
2026-09-07T07:25:23.1225976Z [command]"C:\Program Files\Git\bin\git.exe" version
2026-09-07T07:25:23.1544121Z git version 2.55.0.windows.5
2026-09-07T07:25:23.1623838Z Temporarily overriding HOME='D:\a\_temp\8998f820-8f62-4ef2-8aa7-6e476749b651' before making global git config changes
2026-09-07T07:25:23.1625091Z Adding repository directory to the temporary git global config as a safe directory
2026-09-07T07:25:23.1636220Z [command]"C:\Program Files\Git\bin\git.exe" config --global --add safe.directory D:\a\NU54DK_Arduino_Core\NU54DK_Arduino_Core
2026-09-07T07:25:23.1968680Z Removing SSH command configuration
2026-09-07T07:25:23.1980231Z [command]"C:\Program Files\Git\bin\git.exe" config --local --name-only --get-regexp core\.sshCommand
2026-09-07T07:25:23.2302447Z [command]"C:\Program Files\Git\bin\git.exe" submodule foreach --recursive "sh -c \"git config --local --name-only --get-regexp 'core\.sshCommand' && git config --local --unset-all 'core.sshCommand' || :\""
2026-09-07T07:25:23.8088534Z Entering 'board_package/NU54DK_Zephyr_DTS'
2026-09-07T07:25:23.9074691Z Removing HTTP extra header
2026-09-07T07:25:23.9087586Z [command]"C:\Program Files\Git\bin\git.exe" config --local --name-only --get-regexp http\.https\:\/\/github\.com\/\.extraheader
2026-09-07T07:25:23.9409287Z [command]"C:\Program Files\Git\bin\git.exe" submodule foreach --recursive "sh -c \"git config --local --name-only --get-regexp 'http\.https\:\/\/github\.com\/\.extraheader' && git config --local --unset-all 'http.https://github.com/.extraheader' || :\""
2026-09-07T07:25:24.4518978Z Entering 'board_package/NU54DK_Zephyr_DTS'
2026-09-07T07:25:24.5502725Z Removing includeIf entries pointing to credentials config files
2026-09-07T07:25:24.5515035Z [command]"C:\Program Files\Git\bin\git.exe" config --local --name-only --get-regexp ^includeIf\.gitdir:
2026-09-07T07:25:24.5800177Z includeif.gitdir:D:/a/NU54DK_Arduino_Core/NU54DK_Arduino_Core/.git.path
2026-09-07T07:25:24.5800983Z includeif.gitdir:D:/a/NU54DK_Arduino_Core/NU54DK_Arduino_Core/.git/worktrees/*.path
2026-09-07T07:25:24.5801542Z includeif.gitdir:/github/workspace/.git.path
2026-09-07T07:25:24.5802533Z includeif.gitdir:/github/workspace/.git/worktrees/*.path
2026-09-07T07:25:24.5845437Z [command]"C:\Program Files\Git\bin\git.exe" config --local --get-all includeif.gitdir:D:/a/NU54DK_Arduino_Core/NU54DK_Arduino_Core/.git.path
2026-09-07T07:25:24.6123564Z D:\a\_temp\git-credentials-ee1916e1-6226-4dc4-8afd-e65963fca80f.config
2026-09-07T07:25:24.6171070Z [command]"C:\Program Files\Git\bin\git.exe" config --local --unset includeif.gitdir:D:/a/NU54DK_Arduino_Core/NU54DK_Arduino_Core/.git.path D\:\\a\\_temp\\git\-credentials\-ee1916e1\-6226\-4dc4\-8afd\-e65963fca80f\.config
2026-09-07T07:25:24.6555623Z [command]"C:\Program Files\Git\bin\git.exe" config --local --get-all includeif.gitdir:D:/a/NU54DK_Arduino_Core/NU54DK_Arduino_Core/.git/worktrees/*.path
2026-09-07T07:25:24.6830919Z D:\a\_temp\git-credentials-ee1916e1-6226-4dc4-8afd-e65963fca80f.config
2026-09-07T07:25:24.6875639Z [command]"C:\Program Files\Git\bin\git.exe" config --local --unset includeif.gitdir:D:/a/NU54DK_Arduino_Core/NU54DK_Arduino_Core/.git/worktrees/*.path D\:\\a\\_temp\\git\-credentials\-ee1916e1\-6226\-4dc4\-8afd\-e65963fca80f\.config
2026-09-07T07:25:24.7199823Z [command]"C:\Program Files\Git\bin\git.exe" config --local --get-all includeif.gitdir:/github/workspace/.git.path
2026-09-07T07:25:24.7474282Z /github/runner_temp/git-credentials-ee1916e1-6226-4dc4-8afd-e65963fca80f.config
2026-09-07T07:25:24.7517139Z [command]"C:\Program Files\Git\bin\git.exe" config --local --unset includeif.gitdir:/github/workspace/.git.path \/github\/runner_temp\/git\-credentials\-ee1916e1\-6226\-4dc4\-8afd\-e65963fca80f\.config
2026-09-07T07:25:24.7837238Z [command]"C:\Program Files\Git\bin\git.exe" config --local --get-all includeif.gitdir:/github/workspace/.git/worktrees/*.path
2026-09-07T07:25:24.8110298Z /github/runner_temp/git-credentials-ee1916e1-6226-4dc4-8afd-e65963fca80f.config
2026-09-07T07:25:24.8152303Z [command]"C:\Program Files\Git\bin\git.exe" config --local --unset includeif.gitdir:/github/workspace/.git/worktrees/*.path \/github\/runner_temp\/git\-credentials\-ee1916e1\-6226\-4dc4\-8afd\-e65963fca80f\.config
2026-09-07T07:25:24.8520525Z [command]"C:\Program Files\Git\bin\git.exe" submodule foreach --recursive "git config --local --show-origin --name-only --get-regexp remote.origin.url"
2026-09-07T07:25:25.4253070Z Entering 'board_package/NU54DK_Zephyr_DTS'
2026-09-07T07:25:25.4619747Z file:D:/a/NU54DK_Arduino_Core/NU54DK_Arduino_Core/.git/modules/board_package/NU54DK_Zephyr_DTS/config	remote.origin.url
2026-09-07T07:25:25.4886477Z [command]"C:\Program Files\Git\bin\git.exe" config --file D:/a/NU54DK_Arduino_Core/NU54DK_Arduino_Core/.git/modules/board_package/NU54DK_Zephyr_DTS/config --name-only --get-regexp ^includeIf\.gitdir:
2026-09-07T07:25:25.5193379Z includeif.gitdir:D:/a/NU54DK_Arduino_Core/NU54DK_Arduino_Core/.git/modules/board_package/NU54DK_Zephyr_DTS.path
2026-09-07T07:25:25.5195198Z includeif.gitdir:/github/workspace/.git/modules/board_package/NU54DK_Zephyr_DTS.path
2026-09-07T07:25:25.5241921Z [command]"C:\Program Files\Git\bin\git.exe" config --file D:/a/NU54DK_Arduino_Core/NU54DK_Arduino_Core/.git/modules/board_package/NU54DK_Zephyr_DTS/config --get-all includeif.gitdir:D:/a/NU54DK_Arduino_Core/NU54DK_Arduino_Core/.git/modules/board_package/NU54DK_Zephyr_DTS.path
2026-09-07T07:25:25.5521053Z D:\a\_temp\git-credentials-ee1916e1-6226-4dc4-8afd-e65963fca80f.config
2026-09-07T07:25:25.5563876Z [command]"C:\Program Files\Git\bin\git.exe" config --file D:/a/NU54DK_Arduino_Core/NU54DK_Arduino_Core/.git/modules/board_package/NU54DK_Zephyr_DTS/config --unset includeif.gitdir:D:/a/NU54DK_Arduino_Core/NU54DK_Arduino_Core/.git/modules/board_package/NU54DK_Zephyr_DTS.path D\:\\a\\_temp\\git\-credentials\-ee1916e1\-6226\-4dc4\-8afd\-e65963fca80f\.config
2026-09-07T07:25:25.5890298Z [command]"C:\Program Files\Git\bin\git.exe" config --file D:/a/NU54DK_Arduino_Core/NU54DK_Arduino_Core/.git/modules/board_package/NU54DK_Zephyr_DTS/config --get-all includeif.gitdir:/github/workspace/.git/modules/board_package/NU54DK_Zephyr_DTS.path
2026-09-07T07:25:25.6157323Z /github/runner_temp/git-credentials-ee1916e1-6226-4dc4-8afd-e65963fca80f.config
2026-09-07T07:25:25.6201077Z [command]"C:\Program Files\Git\bin\git.exe" config --file D:/a/NU54DK_Arduino_Core/NU54DK_Arduino_Core/.git/modules/board_package/NU54DK_Zephyr_DTS/config --unset includeif.gitdir:/github/workspace/.git/modules/board_package/NU54DK_Zephyr_DTS.path \/github\/runner_temp\/git\-credentials\-ee1916e1\-6226\-4dc4\-8afd\-e65963fca80f\.config
2026-09-07T07:25:25.6512723Z Removing credentials config 'D:\a\_temp\git-credentials-ee1916e1-6226-4dc4-8afd-e65963fca80f.config'
2026-09-07T07:25:25.6741303Z Cleaning up orphan processes
2026-09-07T07:25:25.6837652Z ##[warning]Node.js 20 is deprecated. The following actions target Node.js 20 but are being forced to run on Node.js 24: arduino/setup-arduino-cli@81d310742121c928ea9c8bbd407b4217b432ae02. For more information see: https://github.blog/changelog/2025-09-19-deprecation-of-node-20-on-github-actions-runners/
