2026-09-07T06:59:01.5802720Z Current runner version: '2.337.0'
2026-09-07T06:59:01.5825795Z ##[group]Runner Image Provisioner
2026-09-07T06:59:01.5826632Z Hosted Compute Agent
2026-09-07T06:59:01.5827113Z Version: 20260819.586
2026-09-07T06:59:01.5827594Z Commit: 3cc4a88dfa507ef76119ad1bb3eccc6378bb2b76
2026-09-07T06:59:01.5828201Z Build Date: 2026-08-18T23:20:18Z
2026-09-07T06:59:01.5828728Z Worker ID: {9b6b48f1-352d-4bfd-a3fc-d89450dcfce8}
2026-09-07T06:59:01.5829286Z Azure Region: mexicocentral
2026-09-07T06:59:01.5829772Z ##[endgroup]
2026-09-07T06:59:01.5830795Z ##[group]Operating System
2026-09-07T06:59:01.5831301Z Microsoft Windows Server 2025
2026-09-07T06:59:01.5831764Z 10.0.26100
2026-09-07T06:59:01.5832147Z Datacenter
2026-09-07T06:59:01.5832599Z ##[endgroup]
2026-09-07T06:59:01.5832986Z ##[group]Runner Image
2026-09-07T06:59:01.5833461Z Image: windows-2025-vs2026
2026-09-07T06:59:01.5833912Z Version: 20260824.214.3
2026-09-07T06:59:01.5835488Z Included Software: https://github.com/actions/runner-images/blob/win25-vs2026/20260824.214/images/windows/Windows2025-VS2026-Readme.md
2026-09-07T06:59:01.5836756Z Image Release: https://github.com/actions/runner-images/releases/tag/win25-vs2026%2F20260824.214
2026-09-07T06:59:01.5837526Z ##[endgroup]
2026-09-07T06:59:01.5838457Z ##[group]GITHUB_TOKEN Permissions
2026-09-07T06:59:01.5840128Z Contents: read
2026-09-07T06:59:01.5840580Z Metadata: read
2026-09-07T06:59:01.5841005Z Packages: read
2026-09-07T06:59:01.5841464Z ##[endgroup]
2026-09-07T06:59:01.5843197Z Secret source: Actions
2026-09-07T06:59:01.5844042Z Prepare workflow directory
2026-09-07T06:59:01.6296705Z Prepare all required actions
2026-09-07T06:59:01.6338473Z Getting action download info
2026-09-07T06:59:01.9683304Z Download action repository 'actions/checkout@3d3c42e5aac5ba805825da76410c181273ba90b1' (SHA:3d3c42e5aac5ba805825da76410c181273ba90b1)
2026-09-07T06:59:02.0720120Z Download action repository 'actions/setup-python@5fda3b95a4ea91299a34e894583c3862153e4b97' (SHA:5fda3b95a4ea91299a34e894583c3862153e4b97)
2026-09-07T06:59:02.1913199Z Download action repository 'arduino/setup-arduino-cli@81d310742121c928ea9c8bbd407b4217b432ae02' (SHA:81d310742121c928ea9c8bbd407b4217b432ae02)
2026-09-07T06:59:02.7116090Z Download action repository 'actions/cache@55cc8345863c7cc4c66a329aec7e433d2d1c52a9' (SHA:55cc8345863c7cc4c66a329aec7e433d2d1c52a9)
2026-09-07T06:59:02.8864992Z Download action repository 'actions/upload-artifact@043fb46d1a93c77aae656e7c1c64a875d1fc6a0a' (SHA:043fb46d1a93c77aae656e7c1c64a875d1fc6a0a)
2026-09-07T06:59:03.2899982Z Complete job name: Arduino v0.3.0-ble with pinned Windows prerequisites
2026-09-07T06:59:03.5430384Z ##[group]Run actions/checkout@3d3c42e5aac5ba805825da76410c181273ba90b1
2026-09-07T06:59:03.5431478Z with:
2026-09-07T06:59:03.5431802Z   fetch-depth: 0
2026-09-07T06:59:03.5432152Z   submodules: recursive
2026-09-07T06:59:03.5432556Z   repository: EIDOSDATA/NU54DK_Arduino_Core
2026-09-07T06:59:03.5436057Z   token: ***
2026-09-07T06:59:03.5436485Z   ssh-strict: true
2026-09-07T06:59:03.5437063Z   ssh-user: git
2026-09-07T06:59:03.5437408Z   persist-credentials: true
2026-09-07T06:59:03.5437796Z   clean: true
2026-09-07T06:59:03.5438145Z   sparse-checkout-cone-mode: true
2026-09-07T06:59:03.5438550Z   fetch-tags: false
2026-09-07T06:59:03.5438908Z   show-progress: true
2026-09-07T06:59:03.5439243Z   lfs: false
2026-09-07T06:59:03.5439564Z   set-safe-directory: true
2026-09-07T06:59:03.5439945Z   allow-unsafe-pr-checkout: false
2026-09-07T06:59:03.5440525Z env:
2026-09-07T06:59:03.5440848Z   NUCODE_NCS_INSTALL_ROOT: D:\ncs
2026-09-07T06:59:03.5441298Z   NUCODE_NCS_ROOT: D:\ncs\v3.4.0
2026-09-07T06:59:03.5441736Z   NUCODE_TOOLCHAIN_ROOT: D:\ncs\toolchains\dcbdc366a1
2026-09-07T06:59:03.5442274Z   NUCODE_PREREQUISITE_STATE_ROOT: D:\nu54-prerequisites
2026-09-07T06:59:03.5442924Z   M12_EVIDENCE: D:\a\NU54DK_Arduino_Core\NU54DK_Arduino_Core\m12-evidence\v0.3.0-ble
2026-09-07T06:59:03.5443514Z   NUCODE_CI_TEMP: D:\t
2026-09-07T06:59:03.5443854Z ##[endgroup]
2026-09-07T06:59:03.7508641Z Syncing repository: EIDOSDATA/NU54DK_Arduino_Core
2026-09-07T06:59:03.7510098Z ##[group]Getting Git version info
2026-09-07T06:59:03.7510684Z Working directory is 'D:\a\NU54DK_Arduino_Core\NU54DK_Arduino_Core'
2026-09-07T06:59:03.8186496Z [command]"C:\Program Files\Git\bin\git.exe" version
2026-09-07T06:59:04.7889533Z git version 2.55.0.windows.5
2026-09-07T06:59:04.7929437Z ##[endgroup]
2026-09-07T06:59:04.7943067Z Temporarily overriding HOME='D:\a\_temp\e241376c-bd1e-4f85-8045-b192f86c9a6c' before making global git config changes
2026-09-07T06:59:04.7951848Z Adding repository directory to the temporary git global config as a safe directory
2026-09-07T06:59:04.7953853Z [command]"C:\Program Files\Git\bin\git.exe" config --global --add safe.directory D:\a\NU54DK_Arduino_Core\NU54DK_Arduino_Core
2026-09-07T06:59:04.8468464Z Deleting the contents of 'D:\a\NU54DK_Arduino_Core\NU54DK_Arduino_Core'
2026-09-07T06:59:04.8472068Z ##[group]Determining repository object format
2026-09-07T06:59:04.8473614Z ##[endgroup]
2026-09-07T06:59:04.8474688Z ##[group]Initializing the repository
2026-09-07T06:59:04.8481428Z [command]"C:\Program Files\Git\bin\git.exe" init D:\a\NU54DK_Arduino_Core\NU54DK_Arduino_Core
2026-09-07T06:59:04.9215034Z Initialized empty Git repository in D:/a/NU54DK_Arduino_Core/NU54DK_Arduino_Core/.git/
2026-09-07T06:59:04.9256433Z [command]"C:\Program Files\Git\bin\git.exe" remote add origin https://github.com/EIDOSDATA/NU54DK_Arduino_Core
2026-09-07T06:59:05.2382351Z ##[endgroup]
2026-09-07T06:59:05.2382893Z ##[group]Disabling automatic garbage collection
2026-09-07T06:59:05.2390320Z [command]"C:\Program Files\Git\bin\git.exe" config --local gc.auto 0
2026-09-07T06:59:05.2637506Z ##[endgroup]
2026-09-07T06:59:05.2637953Z ##[group]Setting up auth
2026-09-07T06:59:05.2638420Z Removing SSH command configuration
2026-09-07T06:59:05.2647355Z [command]"C:\Program Files\Git\bin\git.exe" config --local --name-only --get-regexp core\.sshCommand
2026-09-07T06:59:05.2907227Z [command]"C:\Program Files\Git\bin\git.exe" submodule foreach --recursive "sh -c \"git config --local --name-only --get-regexp 'core\.sshCommand' && git config --local --unset-all 'core.sshCommand' || :\""
2026-09-07T06:59:06.7617801Z Removing HTTP extra header
2026-09-07T06:59:06.7633230Z [command]"C:\Program Files\Git\bin\git.exe" config --local --name-only --get-regexp http\.https\:\/\/github\.com\/\.extraheader
2026-09-07T06:59:06.7910938Z [command]"C:\Program Files\Git\bin\git.exe" submodule foreach --recursive "sh -c \"git config --local --name-only --get-regexp 'http\.https\:\/\/github\.com\/\.extraheader' && git config --local --unset-all 'http.https://github.com/.extraheader' || :\""
2026-09-07T06:59:07.2513866Z Removing includeIf entries pointing to credentials config files
2026-09-07T06:59:07.2522716Z [command]"C:\Program Files\Git\bin\git.exe" config --local --name-only --get-regexp ^includeIf\.gitdir:
2026-09-07T06:59:07.2769704Z [command]"C:\Program Files\Git\bin\git.exe" submodule foreach --recursive "git config --local --show-origin --name-only --get-regexp remote.origin.url"
2026-09-07T06:59:07.6974205Z [command]"C:\Program Files\Git\bin\git.exe" config --file D:\a\_temp\git-credentials-168c1b63-12eb-4835-9dee-bf9ccc3672db.config http.https://github.com/.extraheader "AUTHORIZATION: basic ***"
2026-09-07T06:59:07.7227010Z [command]"C:\Program Files\Git\bin\git.exe" config --local includeIf.gitdir:D:/a/NU54DK_Arduino_Core/NU54DK_Arduino_Core/.git.path D:\a\_temp\git-credentials-168c1b63-12eb-4835-9dee-bf9ccc3672db.config
2026-09-07T06:59:07.7463700Z [command]"C:\Program Files\Git\bin\git.exe" config --local includeIf.gitdir:D:/a/NU54DK_Arduino_Core/NU54DK_Arduino_Core/.git/worktrees/*.path D:\a\_temp\git-credentials-168c1b63-12eb-4835-9dee-bf9ccc3672db.config
2026-09-07T06:59:07.7745314Z [command]"C:\Program Files\Git\bin\git.exe" config --local includeIf.gitdir:/github/workspace/.git.path /github/runner_temp/git-credentials-168c1b63-12eb-4835-9dee-bf9ccc3672db.config
2026-09-07T06:59:07.7994575Z [command]"C:\Program Files\Git\bin\git.exe" config --local includeIf.gitdir:/github/workspace/.git/worktrees/*.path /github/runner_temp/git-credentials-168c1b63-12eb-4835-9dee-bf9ccc3672db.config
2026-09-07T06:59:07.8230182Z ##[endgroup]
2026-09-07T06:59:07.8230578Z ##[group]Fetching the repository
2026-09-07T06:59:07.8241202Z [command]"C:\Program Files\Git\bin\git.exe" -c protocol.version=2 fetch --no-tags --prune --no-recurse-submodules origin +refs/heads/*:refs/remotes/origin/* +refs/tags/*:refs/tags/*
2026-09-07T06:59:12.1743208Z From https://github.com/EIDOSDATA/NU54DK_Arduino_Core
2026-09-07T06:59:12.1745767Z  * [new branch]      main               -> origin/main
2026-09-07T06:59:12.1746267Z  * [new tag]         m10-preview-0.0.90 -> m10-preview-0.0.90
2026-09-07T06:59:12.1746636Z  * [new tag]         m10-preview-0.0.91 -> m10-preview-0.0.91
2026-09-07T06:59:12.1746967Z  * [new tag]         m10-preview-0.0.92 -> m10-preview-0.0.92
2026-09-07T06:59:12.1747430Z  * [new tag]         m10-preview-0.0.93 -> m10-preview-0.0.93
2026-09-07T06:59:12.1747812Z  * [new tag]         m10-preview-0.0.94 -> m10-preview-0.0.94
2026-09-07T06:59:12.1748151Z  * [new tag]         m10-preview-0.0.95 -> m10-preview-0.0.95
2026-09-07T06:59:12.1748515Z  * [new tag]         m10-preview-0.0.96 -> m10-preview-0.0.96
2026-09-07T06:59:12.1749044Z  * [new tag]         m10-preview-0.0.97 -> m10-preview-0.0.97
2026-09-07T06:59:12.1749366Z  * [new tag]         v0.1.0             -> v0.1.0
2026-09-07T06:59:12.1749676Z  * [new tag]         v0.1.0-rc.2        -> v0.1.0-rc.2
2026-09-07T06:59:12.1749982Z  * [new tag]         v0.2.0             -> v0.2.0
2026-09-07T06:59:12.1750292Z  * [new tag]         v0.2.0-rc.1        -> v0.2.0-rc.1
2026-09-07T06:59:12.1750643Z  * [new tag]         v0.2.0-rc.2        -> v0.2.0-rc.2
2026-09-07T06:59:12.1750951Z  * [new tag]         v0.3.0             -> v0.3.0
2026-09-07T06:59:12.1751260Z  * [new tag]         v0.3.0-rc.1        -> v0.3.0-rc.1
2026-09-07T06:59:12.1751614Z  * [new tag]         v0.3.0-rc.2        -> v0.3.0-rc.2
2026-09-07T06:59:12.1751936Z  * [new tag]         v0.3.0-rc.3        -> v0.3.0-rc.3
2026-09-07T06:59:12.1793023Z [command]"C:\Program Files\Git\bin\git.exe" branch --list --remote origin/main
2026-09-07T06:59:12.2093395Z   origin/main
2026-09-07T06:59:12.2131338Z [command]"C:\Program Files\Git\bin\git.exe" rev-parse refs/remotes/origin/main
2026-09-07T06:59:12.2436949Z 828166109968b2ceb40fc2d9c054255558d995d5
2026-09-07T06:59:12.2465845Z ##[endgroup]
2026-09-07T06:59:12.2466234Z ##[group]Determining the checkout info
2026-09-07T06:59:12.2468065Z ##[endgroup]
2026-09-07T06:59:12.2477714Z [command]"C:\Program Files\Git\bin\git.exe" sparse-checkout disable
2026-09-07T06:59:12.2854531Z [command]"C:\Program Files\Git\bin\git.exe" config --local --unset-all extensions.worktreeConfig
2026-09-07T06:59:12.3094997Z ##[group]Checking out the ref
2026-09-07T06:59:12.3102828Z [command]"C:\Program Files\Git\bin\git.exe" checkout --progress --force -B main refs/remotes/origin/main
2026-09-07T06:59:13.3776553Z Updating files:  42% (2679/6353)
2026-09-07T06:59:13.3912620Z Updating files:  43% (2732/6353)
2026-09-07T06:59:13.4077929Z Updating files:  44% (2796/6353)
2026-09-07T06:59:13.4222817Z Updating files:  45% (2859/6353)
2026-09-07T06:59:13.4346494Z Updating files:  46% (2923/6353)
2026-09-07T06:59:13.4473590Z Updating files:  47% (2986/6353)
2026-09-07T06:59:13.4590208Z Updating files:  48% (3050/6353)
2026-09-07T06:59:13.4763269Z Updating files:  49% (3113/6353)
2026-09-07T06:59:13.4948289Z Updating files:  50% (3177/6353)
2026-09-07T06:59:13.5076649Z Updating files:  51% (3241/6353)
2026-09-07T06:59:13.5232797Z Updating files:  52% (3304/6353)
2026-09-07T06:59:13.5394111Z Updating files:  53% (3368/6353)
2026-09-07T06:59:13.5535362Z Updating files:  54% (3431/6353)
2026-09-07T06:59:13.5647828Z Updating files:  55% (3495/6353)
2026-09-07T06:59:13.5759866Z Updating files:  56% (3558/6353)
2026-09-07T06:59:13.5894690Z Updating files:  57% (3622/6353)
2026-09-07T06:59:13.6094554Z Updating files:  58% (3685/6353)
2026-09-07T06:59:13.6217376Z Updating files:  59% (3749/6353)
2026-09-07T06:59:13.7177137Z Updating files:  60% (3812/6353)
2026-09-07T06:59:13.7290793Z Updating files:  61% (3876/6353)
2026-09-07T06:59:13.7401520Z Updating files:  62% (3939/6353)
2026-09-07T06:59:13.7510273Z Updating files:  63% (4003/6353)
2026-09-07T06:59:13.7626654Z Updating files:  64% (4066/6353)
2026-09-07T06:59:13.7789393Z Updating files:  65% (4130/6353)
2026-09-07T06:59:13.7903703Z Updating files:  66% (4193/6353)
2026-09-07T06:59:13.8037435Z Updating files:  67% (4257/6353)
2026-09-07T06:59:13.8159222Z Updating files:  68% (4321/6353)
2026-09-07T06:59:13.8283955Z Updating files:  69% (4384/6353)
2026-09-07T06:59:13.8578736Z Updating files:  70% (4448/6353)
2026-09-07T06:59:13.8708056Z Updating files:  71% (4511/6353)
2026-09-07T06:59:13.8842463Z Updating files:  72% (4575/6353)
2026-09-07T06:59:13.8969171Z Updating files:  73% (4638/6353)
2026-09-07T06:59:13.9076693Z Updating files:  74% (4702/6353)
2026-09-07T06:59:13.9188338Z Updating files:  75% (4765/6353)
2026-09-07T06:59:13.9314693Z Updating files:  76% (4829/6353)
2026-09-07T06:59:13.9458036Z Updating files:  77% (4892/6353)
2026-09-07T06:59:13.9593967Z Updating files:  78% (4956/6353)
2026-09-07T06:59:13.9729117Z Updating files:  79% (5019/6353)
2026-09-07T06:59:13.9865941Z Updating files:  80% (5083/6353)
2026-09-07T06:59:14.0134540Z Updating files:  81% (5146/6353)
2026-09-07T06:59:14.0249515Z Updating files:  82% (5210/6353)
2026-09-07T06:59:14.0362933Z Updating files:  83% (5273/6353)
2026-09-07T06:59:14.0498956Z Updating files:  84% (5337/6353)
2026-09-07T06:59:14.0640714Z Updating files:  85% (5401/6353)
2026-09-07T06:59:14.0784480Z Updating files:  86% (5464/6353)
2026-09-07T06:59:14.0935206Z Updating files:  87% (5528/6353)
2026-09-07T06:59:14.1068488Z Updating files:  88% (5591/6353)
2026-09-07T06:59:14.1225719Z Updating files:  89% (5655/6353)
2026-09-07T06:59:14.1350894Z Updating files:  90% (5718/6353)
2026-09-07T06:59:14.1474844Z Updating files:  91% (5782/6353)
2026-09-07T06:59:14.1621729Z Updating files:  92% (5845/6353)
2026-09-07T06:59:14.1749968Z Updating files:  93% (5909/6353)
2026-09-07T06:59:14.1872230Z Updating files:  94% (5972/6353)
2026-09-07T06:59:14.1995717Z Updating files:  95% (6036/6353)
2026-09-07T06:59:14.2120987Z Updating files:  96% (6099/6353)
2026-09-07T06:59:14.2250715Z Updating files:  97% (6163/6353)
2026-09-07T06:59:14.2402332Z Updating files:  98% (6226/6353)
2026-09-07T06:59:14.2551320Z Updating files:  99% (6290/6353)
2026-09-07T06:59:14.2551929Z Updating files: 100% (6353/6353)
2026-09-07T06:59:14.2552145Z Updating files: 100% (6353/6353), done.
2026-09-07T06:59:14.2743062Z Switched to a new branch 'main'
2026-09-07T06:59:14.3831720Z branch 'main' set up to track 'origin/main'.
2026-09-07T06:59:14.3938987Z ##[endgroup]
2026-09-07T06:59:14.3939422Z ##[group]Setting up auth for fetching submodules
2026-09-07T06:59:14.3948870Z [command]"C:\Program Files\Git\bin\git.exe" config --file D:\a\_temp\git-credentials-168c1b63-12eb-4835-9dee-bf9ccc3672db.config http.https://github.com/.extraheader "AUTHORIZATION: basic ***"
2026-09-07T06:59:14.4223610Z [command]"C:\Program Files\Git\bin\git.exe" config --global include.path D:\a\_temp\git-credentials-168c1b63-12eb-4835-9dee-bf9ccc3672db.config
2026-09-07T06:59:14.4478651Z [command]"C:\Program Files\Git\bin\git.exe" config --global --unset-all url.https://github.com/.insteadOf
2026-09-07T06:59:14.4725587Z [command]"C:\Program Files\Git\bin\git.exe" config --global --add url.https://github.com/.insteadOf git@github.com:
2026-09-07T06:59:14.4974057Z [command]"C:\Program Files\Git\bin\git.exe" config --global --add url.https://github.com/.insteadOf org-48746729@github.com:
2026-09-07T06:59:14.5219434Z ##[endgroup]
2026-09-07T06:59:14.5219870Z ##[group]Fetching submodules
2026-09-07T06:59:14.5227617Z [command]"C:\Program Files\Git\bin\git.exe" submodule sync --recursive
2026-09-07T06:59:15.1333068Z [command]"C:\Program Files\Git\bin\git.exe" -c protocol.version=2 submodule update --init --force --recursive
2026-09-07T06:59:15.5916541Z Submodule 'board_package/NU54DK_Zephyr_DTS' (https://github.com/Nucode01/NU54DK_Zephyr_DTS.git) registered for path 'board_package/NU54DK_Zephyr_DTS'
2026-09-07T06:59:15.6472729Z Cloning into 'D:/a/NU54DK_Arduino_Core/NU54DK_Arduino_Core/board_package/NU54DK_Zephyr_DTS'...
2026-09-07T06:59:16.6974952Z Submodule path 'board_package/NU54DK_Zephyr_DTS': checked out 'fe65f2f0880bd05b32e562d9bf1ee59142b4f4d3'
2026-09-07T06:59:16.7168868Z [command]"C:\Program Files\Git\bin\git.exe" submodule foreach --recursive "git config --local gc.auto 0"
2026-09-07T06:59:17.1546353Z Entering 'board_package/NU54DK_Zephyr_DTS'
2026-09-07T06:59:17.2099045Z ##[endgroup]
2026-09-07T06:59:17.2099493Z ##[group]Persisting credentials for submodules
2026-09-07T06:59:17.2108854Z [command]"C:\Program Files\Git\bin\git.exe" submodule foreach --recursive "sh -c \"git config --local --name-only --get-regexp 'url\.https\:\/\/github\.com\/\.insteadOf' && git config --local --unset-all 'url.https://github.com/.insteadOf' || :\""
2026-09-07T06:59:17.6605398Z Entering 'board_package/NU54DK_Zephyr_DTS'
2026-09-07T06:59:17.7357803Z [command]"C:\Program Files\Git\bin\git.exe" submodule foreach --recursive "git config --local --show-origin --name-only --get-regexp remote.origin.url"
2026-09-07T06:59:18.2057679Z Entering 'board_package/NU54DK_Zephyr_DTS'
2026-09-07T06:59:18.2406763Z file:D:/a/NU54DK_Arduino_Core/NU54DK_Arduino_Core/.git/modules/board_package/NU54DK_Zephyr_DTS/config	remote.origin.url
2026-09-07T06:59:18.2687194Z [command]"C:\Program Files\Git\bin\git.exe" config --file D:/a/NU54DK_Arduino_Core/NU54DK_Arduino_Core/.git/modules/board_package/NU54DK_Zephyr_DTS/config includeIf.gitdir:D:/a/NU54DK_Arduino_Core/NU54DK_Arduino_Core/.git/modules/board_package/NU54DK_Zephyr_DTS.path D:\a\_temp\git-credentials-168c1b63-12eb-4835-9dee-bf9ccc3672db.config
2026-09-07T06:59:18.2998232Z [command]"C:\Program Files\Git\bin\git.exe" config --file D:/a/NU54DK_Arduino_Core/NU54DK_Arduino_Core/.git/modules/board_package/NU54DK_Zephyr_DTS/config includeIf.gitdir:/github/workspace/.git/modules/board_package/NU54DK_Zephyr_DTS.path /github/runner_temp/git-credentials-168c1b63-12eb-4835-9dee-bf9ccc3672db.config
2026-09-07T06:59:18.3255508Z [command]"C:\Program Files\Git\bin\git.exe" submodule foreach --recursive "git config --local --add 'url.https://github.com/.insteadOf' 'git@github.com:'"
2026-09-07T06:59:18.8497271Z Entering 'board_package/NU54DK_Zephyr_DTS'
2026-09-07T06:59:18.8999611Z [command]"C:\Program Files\Git\bin\git.exe" submodule foreach --recursive "git config --local --add 'url.https://github.com/.insteadOf' 'org-48746729@github.com:'"
2026-09-07T06:59:19.3584887Z Entering 'board_package/NU54DK_Zephyr_DTS'
2026-09-07T06:59:19.4132120Z ##[endgroup]
2026-09-07T06:59:19.4466843Z [command]"C:\Program Files\Git\bin\git.exe" log -1 --format=%H
2026-09-07T06:59:19.4702970Z 828166109968b2ceb40fc2d9c054255558d995d5
2026-09-07T06:59:19.5121295Z ##[group]Run actions/setup-python@5fda3b95a4ea91299a34e894583c3862153e4b97
2026-09-07T06:59:19.5121664Z with:
2026-09-07T06:59:19.5122053Z   python-version: 3.12.10
2026-09-07T06:59:19.5122251Z   check-latest: false
2026-09-07T06:59:19.5124433Z   token: ***
2026-09-07T06:59:19.5124607Z   update-environment: true
2026-09-07T06:59:19.5124792Z   allow-prereleases: false
2026-09-07T06:59:19.5125027Z   freethreaded: false
2026-09-07T06:59:19.5125218Z env:
2026-09-07T06:59:19.5125394Z   NUCODE_NCS_INSTALL_ROOT: D:\ncs
2026-09-07T06:59:19.5125666Z   NUCODE_NCS_ROOT: D:\ncs\v3.4.0
2026-09-07T06:59:19.5125961Z   NUCODE_TOOLCHAIN_ROOT: D:\ncs\toolchains\dcbdc366a1
2026-09-07T06:59:19.5126356Z   NUCODE_PREREQUISITE_STATE_ROOT: D:\nu54-prerequisites
2026-09-07T06:59:19.5126684Z   M12_EVIDENCE: D:\a\NU54DK_Arduino_Core\NU54DK_Arduino_Core\m12-evidence\v0.3.0-ble
2026-09-07T06:59:19.5127051Z   NUCODE_CI_TEMP: D:\t
2026-09-07T06:59:19.5127284Z ##[endgroup]
2026-09-07T06:59:19.6391180Z ##[group]Installed versions
2026-09-07T06:59:19.6465006Z Successfully set up CPython (3.12.10)
2026-09-07T06:59:19.6465608Z ##[endgroup]
2026-09-07T06:59:19.6735127Z Node 20 is being deprecated. This workflow is running with Node 24 by default. If you need to temporarily use Node 20, you can set the ACTIONS_ALLOW_USE_UNSECURE_NODE_VERSION=true environment variable. For more information see: https://github.blog/changelog/2025-09-19-deprecation-of-node-20-on-github-actions-runners/
2026-09-07T06:59:19.6736267Z ##[group]Run arduino/setup-arduino-cli@81d310742121c928ea9c8bbd407b4217b432ae02
2026-09-07T06:59:19.6736554Z with:
2026-09-07T06:59:19.6736709Z   version: 1.5.1
2026-09-07T06:59:19.6739090Z   token: ***
2026-09-07T06:59:19.6739230Z env:
2026-09-07T06:59:19.6739377Z   NUCODE_NCS_INSTALL_ROOT: D:\ncs
2026-09-07T06:59:19.6739569Z   NUCODE_NCS_ROOT: D:\ncs\v3.4.0
2026-09-07T06:59:19.6739784Z   NUCODE_TOOLCHAIN_ROOT: D:\ncs\toolchains\dcbdc366a1
2026-09-07T06:59:19.6740082Z   NUCODE_PREREQUISITE_STATE_ROOT: D:\nu54-prerequisites
2026-09-07T06:59:19.6740446Z   M12_EVIDENCE: D:\a\NU54DK_Arduino_Core\NU54DK_Arduino_Core\m12-evidence\v0.3.0-ble
2026-09-07T06:59:19.6740745Z   NUCODE_CI_TEMP: D:\t
2026-09-07T06:59:19.6740965Z   pythonLocation: C:\hostedtoolcache\windows\Python\3.12.10\x64
2026-09-07T06:59:19.6741317Z   PKG_CONFIG_PATH: C:\hostedtoolcache\windows\Python\3.12.10\x64/lib/pkgconfig
2026-09-07T06:59:19.6741652Z   Python_ROOT_DIR: C:\hostedtoolcache\windows\Python\3.12.10\x64
2026-09-07T06:59:19.6741949Z   Python2_ROOT_DIR: C:\hostedtoolcache\windows\Python\3.12.10\x64
2026-09-07T06:59:19.6742244Z   Python3_ROOT_DIR: C:\hostedtoolcache\windows\Python\3.12.10\x64
2026-09-07T06:59:19.6742477Z ##[endgroup]
2026-09-07T06:59:20.7798818Z [command]"C:\Program Files\PowerShell\7\pwsh.exe" -NoLogo -NoProfile -NonInteractive -ExecutionPolicy Unrestricted -Command "$ErrorActionPreference = 'Stop' ; try { Add-Type -AssemblyName System.IO.Compression.ZipFile } catch { } ; try { [System.IO.Compression.ZipFile]::ExtractToDirectory('D:\a\_temp\76b3e086-f027-49f2-a05e-b48302983250', 'D:\a\_temp\117e5faf-b982-4ca2-a5af-f80c27510303', $true) } catch { if (($_.Exception.GetType().FullName -eq 'System.Management.Automation.MethodException') -or ($_.Exception.GetType().FullName -eq 'System.Management.Automation.RuntimeException') ){ Expand-Archive -LiteralPath 'D:\a\_temp\76b3e086-f027-49f2-a05e-b48302983250' -DestinationPath 'D:\a\_temp\117e5faf-b982-4ca2-a5af-f80c27510303' -Force } else { throw $_ } } ;"
2026-09-07T06:59:21.3408330Z ##[group]Run python tools/ci/verify_ci_lock.py --github-output
2026-09-07T06:59:21.3408813Z [36;1mpython tools/ci/verify_ci_lock.py --github-output[0m
2026-09-07T06:59:21.7687984Z shell: C:\Program Files\PowerShell\7\pwsh.EXE -command ". '{0}'"
2026-09-07T06:59:21.7688293Z env:
2026-09-07T06:59:21.7688459Z   NUCODE_NCS_INSTALL_ROOT: D:\ncs
2026-09-07T06:59:21.7688663Z   NUCODE_NCS_ROOT: D:\ncs\v3.4.0
2026-09-07T06:59:21.7688903Z   NUCODE_TOOLCHAIN_ROOT: D:\ncs\toolchains\dcbdc366a1
2026-09-07T06:59:21.7689195Z   NUCODE_PREREQUISITE_STATE_ROOT: D:\nu54-prerequisites
2026-09-07T06:59:21.7689519Z   M12_EVIDENCE: D:\a\NU54DK_Arduino_Core\NU54DK_Arduino_Core\m12-evidence\v0.3.0-ble
2026-09-07T06:59:21.7689813Z   NUCODE_CI_TEMP: D:\t
2026-09-07T06:59:21.7690036Z   pythonLocation: C:\hostedtoolcache\windows\Python\3.12.10\x64
2026-09-07T06:59:21.7690379Z   PKG_CONFIG_PATH: C:\hostedtoolcache\windows\Python\3.12.10\x64/lib/pkgconfig
2026-09-07T06:59:21.7690767Z   Python_ROOT_DIR: C:\hostedtoolcache\windows\Python\3.12.10\x64
2026-09-07T06:59:21.7691070Z   Python2_ROOT_DIR: C:\hostedtoolcache\windows\Python\3.12.10\x64
2026-09-07T06:59:21.7691357Z   Python3_ROOT_DIR: C:\hostedtoolcache\windows\Python\3.12.10\x64
2026-09-07T06:59:21.7691591Z ##[endgroup]
2026-09-07T06:59:24.1005044Z {"container": "ghcr.io/nrfconnect/sdk-nrf-toolchain@sha256:f1dca44678dae83e37404e33f369786f5b2ffe2ed497eec1815f66c3a868bace", "linux_cache_key": "ncs-linux-amd64-99553055607b2e9885fbc80ccd11fa9da81c2df0-bf801e4e3d19e1ffa76164346480cb7734dd2800-tc-fbf7391cab-img-f1dca44678dae83e37404e33f369786f5b2ffe2ed497eec1815f66c3a868bace", "lock_sha256": "8c5ab4deaf0bb21dc83957330c49531d011e142959c6f93f7b47052bba5146f3", "ncs_revision": "99553055607b2e9885fbc80ccd11fa9da81c2df0", "windows_cache_key": "ncs-windows-x64-99553055607b2e9885fbc80ccd11fa9da81c2df0-bf801e4e3d19e1ffa76164346480cb7734dd2800-tc-dcbdc366a1", "zephyr_revision": "bf801e4e3d19e1ffa76164346480cb7734dd2800"}
2026-09-07T06:59:24.2124355Z ##[group]Run actions/cache@55cc8345863c7cc4c66a329aec7e433d2d1c52a9
2026-09-07T06:59:24.2124678Z with:
2026-09-07T06:59:24.2124864Z   path: ~\AppData\Local\NUCODE\NU54DK_Arduino_Core
2026-09-07T06:59:24.2125375Z   key: ncs-windows-x64-99553055607b2e9885fbc80ccd11fa9da81c2df0-bf801e4e3d19e1ffa76164346480cb7734dd2800-tc-dcbdc366a1-builder-v1
2026-09-07T06:59:24.2125870Z   enableCrossOsArchive: false
2026-09-07T06:59:24.2126060Z   fail-on-cache-miss: false
2026-09-07T06:59:24.2126243Z   lookup-only: false
2026-09-07T06:59:24.2126403Z   save-always: false
2026-09-07T06:59:24.2126541Z env:
2026-09-07T06:59:24.2126682Z   NUCODE_NCS_INSTALL_ROOT: D:\ncs
2026-09-07T06:59:24.2126869Z   NUCODE_NCS_ROOT: D:\ncs\v3.4.0
2026-09-07T06:59:24.2127081Z   NUCODE_TOOLCHAIN_ROOT: D:\ncs\toolchains\dcbdc366a1
2026-09-07T06:59:24.2127531Z   NUCODE_PREREQUISITE_STATE_ROOT: D:\nu54-prerequisites
2026-09-07T06:59:24.2127901Z   M12_EVIDENCE: D:\a\NU54DK_Arduino_Core\NU54DK_Arduino_Core\m12-evidence\v0.3.0-ble
2026-09-07T06:59:24.2128200Z   NUCODE_CI_TEMP: D:\t
2026-09-07T06:59:24.2128422Z   pythonLocation: C:\hostedtoolcache\windows\Python\3.12.10\x64
2026-09-07T06:59:24.2128902Z   PKG_CONFIG_PATH: C:\hostedtoolcache\windows\Python\3.12.10\x64/lib/pkgconfig
2026-09-07T06:59:24.2129245Z   Python_ROOT_DIR: C:\hostedtoolcache\windows\Python\3.12.10\x64
2026-09-07T06:59:24.2129541Z   Python2_ROOT_DIR: C:\hostedtoolcache\windows\Python\3.12.10\x64
2026-09-07T06:59:24.2129830Z   Python3_ROOT_DIR: C:\hostedtoolcache\windows\Python\3.12.10\x64
2026-09-07T06:59:24.2130076Z ##[endgroup]
2026-09-07T06:59:24.6575961Z Cache hit for: ncs-windows-x64-99553055607b2e9885fbc80ccd11fa9da81c2df0-bf801e4e3d19e1ffa76164346480cb7734dd2800-tc-dcbdc366a1-builder-v1
2026-09-07T06:59:25.6334505Z Received 9266879 of 9266879 (100.0%), 11.9 MBs/sec
2026-09-07T06:59:25.6335862Z Cache Size: ~9 MB (9266879 B)
2026-09-07T06:59:25.6385941Z [command]"C:\Program Files\Git\usr\bin\tar.exe" -xf D:/a/_temp/a77d4d15-1e69-4efa-85d8-61c7306cb9d1/cache.tzst -P -C D:/a/NU54DK_Arduino_Core/NU54DK_Arduino_Core --force-local --use-compress-program "zstd -d"
2026-09-07T06:59:25.9340757Z Cache restored successfully
2026-09-07T06:59:25.9433874Z Cache restored from key: ncs-windows-x64-99553055607b2e9885fbc80ccd11fa9da81c2df0-bf801e4e3d19e1ffa76164346480cb7734dd2800-tc-dcbdc366a1-builder-v1
2026-09-07T06:59:25.9658996Z ##[group]Run powershell.exe -NoLogo -NoProfile -NonInteractive -ExecutionPolicy Bypass -File .\tools\nu54-prerequisites\install-nordic.ps1 -PlatformRoot . -NcsRoot "$env:NUCODE_NCS_INSTALL_ROOT"
2026-09-07T06:59:25.9660135Z [36;1mpowershell.exe -NoLogo -NoProfile -NonInteractive -ExecutionPolicy Bypass -File .\tools\nu54-prerequisites\install-nordic.ps1 -PlatformRoot . -NcsRoot "$env:NUCODE_NCS_INSTALL_ROOT"[0m
2026-09-07T06:59:25.9714789Z shell: C:\Windows\System32\WindowsPowerShell\v1.0\powershell.EXE -command ". '{0}'"
2026-09-07T06:59:25.9715110Z env:
2026-09-07T06:59:25.9715257Z   NUCODE_NCS_INSTALL_ROOT: D:\ncs
2026-09-07T06:59:25.9715461Z   NUCODE_NCS_ROOT: D:\ncs\v3.4.0
2026-09-07T06:59:25.9715679Z   NUCODE_TOOLCHAIN_ROOT: D:\ncs\toolchains\dcbdc366a1
2026-09-07T06:59:25.9715954Z   NUCODE_PREREQUISITE_STATE_ROOT: D:\nu54-prerequisites
2026-09-07T06:59:25.9716288Z   M12_EVIDENCE: D:\a\NU54DK_Arduino_Core\NU54DK_Arduino_Core\m12-evidence\v0.3.0-ble
2026-09-07T06:59:25.9716613Z   NUCODE_CI_TEMP: D:\t
2026-09-07T06:59:25.9716845Z   pythonLocation: C:\hostedtoolcache\windows\Python\3.12.10\x64
2026-09-07T06:59:25.9717353Z   PKG_CONFIG_PATH: C:\hostedtoolcache\windows\Python\3.12.10\x64/lib/pkgconfig
2026-09-07T06:59:25.9717694Z   Python_ROOT_DIR: C:\hostedtoolcache\windows\Python\3.12.10\x64
2026-09-07T06:59:25.9718001Z   Python2_ROOT_DIR: C:\hostedtoolcache\windows\Python\3.12.10\x64
2026-09-07T06:59:25.9718292Z   Python3_ROOT_DIR: C:\hostedtoolcache\windows\Python\3.12.10\x64
2026-09-07T06:59:25.9718530Z ##[endgroup]
2026-09-07T06:59:30.9287739Z [NU54DK] 공식 nRF Util byte 준비
2026-09-07T06:59:31.0676477Z [NU54DK] sdk-manager 1.16.1 설치
2026-09-07T06:59:32.5315284Z [NU54DK] Toolchain dcbdc366a1 설치 또는 재개
2026-09-07T06:59:33.1432206Z Using the global server for downloads. Use '--region cn' for the server in Mainland China.
2026-09-07T07:00:43.4264060Z [NU54DK] NCS v3.4.0 설치 또는 재개
2026-09-07T07:00:44.8467934Z Using the global server for downloads. Use '--region cn' for the server in Mainland China.
2026-09-07T07:03:59.1446043Z Warning: The SDK has been installed to 'D:\ncs\v3.4.0' but it has not been registered with cmake. Please run 'nrfutil sdk-manager sdk register v3.4.0' or run 'west zephyr-export' within the SDK folder.
2026-09-07T07:03:59.1506862Z [NU54DK] 설치 byte와 revision 최종 검증
2026-09-07T07:04:02.3112379Z [NU54DK] 완료 marker 재검증
2026-09-07T07:04:02.7918278Z [NU54DK] Nordic prerequisite installation PASS.
2026-09-07T07:04:02.7923494Z 설치 root: D:\ncs
2026-09-07T07:04:02.7939081Z 검증 log : C:\Users\runneradmin\AppData\Local\NUCODE\NU54DK_Arduino_Core\logs\prerequisites-20260907-065930.log
2026-09-07T07:04:02.9465569Z ##[group]Run python tools/ci/verify_ci_lock.py --workspace "$env:NUCODE_NCS_ROOT"
2026-09-07T07:04:02.9466178Z [36;1mpython tools/ci/verify_ci_lock.py --workspace "$env:NUCODE_NCS_ROOT"[0m
2026-09-07T07:04:02.9610944Z shell: C:\Program Files\PowerShell\7\pwsh.EXE -command ". '{0}'"
2026-09-07T07:04:02.9611275Z env:
2026-09-07T07:04:02.9611511Z   NUCODE_NCS_INSTALL_ROOT: D:\ncs
2026-09-07T07:04:02.9612295Z   NUCODE_NCS_ROOT: D:\ncs\v3.4.0
2026-09-07T07:04:02.9612597Z   NUCODE_TOOLCHAIN_ROOT: D:\ncs\toolchains\dcbdc366a1
2026-09-07T07:04:02.9612944Z   NUCODE_PREREQUISITE_STATE_ROOT: D:\nu54-prerequisites
2026-09-07T07:04:02.9613350Z   M12_EVIDENCE: D:\a\NU54DK_Arduino_Core\NU54DK_Arduino_Core\m12-evidence\v0.3.0-ble
2026-09-07T07:04:02.9613708Z   NUCODE_CI_TEMP: D:\t
2026-09-07T07:04:02.9613985Z   pythonLocation: C:\hostedtoolcache\windows\Python\3.12.10\x64
2026-09-07T07:04:02.9614384Z   PKG_CONFIG_PATH: C:\hostedtoolcache\windows\Python\3.12.10\x64/lib/pkgconfig
2026-09-07T07:04:02.9614860Z   Python_ROOT_DIR: C:\hostedtoolcache\windows\Python\3.12.10\x64
2026-09-07T07:04:02.9615255Z   Python2_ROOT_DIR: C:\hostedtoolcache\windows\Python\3.12.10\x64
2026-09-07T07:04:02.9615618Z   Python3_ROOT_DIR: C:\hostedtoolcache\windows\Python\3.12.10\x64
2026-09-07T07:04:02.9615915Z ##[endgroup]
2026-09-07T07:04:04.7528198Z {"container": "ghcr.io/nrfconnect/sdk-nrf-toolchain@sha256:f1dca44678dae83e37404e33f369786f5b2ffe2ed497eec1815f66c3a868bace", "linux_cache_key": "ncs-linux-amd64-99553055607b2e9885fbc80ccd11fa9da81c2df0-bf801e4e3d19e1ffa76164346480cb7734dd2800-tc-fbf7391cab-img-f1dca44678dae83e37404e33f369786f5b2ffe2ed497eec1815f66c3a868bace", "lock_sha256": "8c5ab4deaf0bb21dc83957330c49531d011e142959c6f93f7b47052bba5146f3", "ncs_revision": "99553055607b2e9885fbc80ccd11fa9da81c2df0", "windows_cache_key": "ncs-windows-x64-99553055607b2e9885fbc80ccd11fa9da81c2df0-bf801e4e3d19e1ffa76164346480cb7734dd2800-tc-dcbdc366a1", "zephyr_revision": "bf801e4e3d19e1ffa76164346480cb7734dd2800"}
2026-09-07T07:04:04.8677702Z ##[group]Run New-Item -ItemType Directory -Path $env:M12_EVIDENCE -Force | Out-Null
2026-09-07T07:04:04.8680213Z [36;1mNew-Item -ItemType Directory -Path $env:M12_EVIDENCE -Force | Out-Null[0m
2026-09-07T07:04:04.8680837Z [36;1mNew-Item -ItemType Directory -Path $env:NUCODE_CI_TEMP -Force | Out-Null[0m
2026-09-07T07:04:04.8681498Z [36;1m$env:TEMP = $env:NUCODE_CI_TEMP[0m
2026-09-07T07:04:04.8681936Z [36;1m$env:TMP = $env:NUCODE_CI_TEMP[0m
2026-09-07T07:04:04.8683725Z [36;1m$cli = (Get-Command arduino-cli.exe).Source[0m
2026-09-07T07:04:04.8684581Z [36;1m& $cli version 2>&1 | Tee-Object -FilePath (Join-Path $env:M12_EVIDENCE 'arduino-cli-version.txt')[0m
2026-09-07T07:04:04.8685245Z [36;1m$previousErrorAction = $ErrorActionPreference[0m
2026-09-07T07:04:04.8685866Z [36;1m$ErrorActionPreference = 'Continue'[0m
2026-09-07T07:04:04.8686251Z [36;1mpython .\tests\arduino-cli\run_smoke.py --cli $cli --group 'v0.3.0-ble' 2>&1 |[0m
2026-09-07T07:04:04.8687431Z [36;1m  Tee-Object -FilePath (Join-Path $env:M12_EVIDENCE 'arduino-build.log')[0m
2026-09-07T07:04:04.8687797Z [36;1m$commandExitCode = $LASTEXITCODE[0m
2026-09-07T07:04:04.8688102Z [36;1m$ErrorActionPreference = $previousErrorAction[0m
2026-09-07T07:04:04.8688469Z [36;1mif ($commandExitCode -ne 0) { exit $commandExitCode }[0m
2026-09-07T07:04:04.8755238Z shell: C:\Windows\System32\WindowsPowerShell\v1.0\powershell.EXE -command ". '{0}'"
2026-09-07T07:04:04.8755632Z env:
2026-09-07T07:04:04.8755875Z   NUCODE_NCS_INSTALL_ROOT: D:\ncs
2026-09-07T07:04:04.8756145Z   NUCODE_NCS_ROOT: D:\ncs\v3.4.0
2026-09-07T07:04:04.8756429Z   NUCODE_TOOLCHAIN_ROOT: D:\ncs\toolchains\dcbdc366a1
2026-09-07T07:04:04.8757347Z   NUCODE_PREREQUISITE_STATE_ROOT: D:\nu54-prerequisites
2026-09-07T07:04:04.8757857Z   M12_EVIDENCE: D:\a\NU54DK_Arduino_Core\NU54DK_Arduino_Core\m12-evidence\v0.3.0-ble
2026-09-07T07:04:04.8758263Z   NUCODE_CI_TEMP: D:\t
2026-09-07T07:04:04.8758561Z   pythonLocation: C:\hostedtoolcache\windows\Python\3.12.10\x64
2026-09-07T07:04:04.8758973Z   PKG_CONFIG_PATH: C:\hostedtoolcache\windows\Python\3.12.10\x64/lib/pkgconfig
2026-09-07T07:04:04.8759402Z   Python_ROOT_DIR: C:\hostedtoolcache\windows\Python\3.12.10\x64
2026-09-07T07:04:04.8759767Z   Python2_ROOT_DIR: C:\hostedtoolcache\windows\Python\3.12.10\x64
2026-09-07T07:04:04.8760128Z   Python3_ROOT_DIR: C:\hostedtoolcache\windows\Python\3.12.10\x64
2026-09-07T07:04:04.8760449Z ##[endgroup]
2026-09-07T07:04:05.5379791Z arduino-cli  Version: 1.5.1 Commit: 01f3d4f2b Date: 2026-06-05T10:22:12Z
2026-09-07T07:04:07.2845642Z SMOKE_TEST_START=v0.3.0-ble/m19m20
2026-09-07T07:12:28.9994525Z PASS: m19m20
2026-09-07T07:12:28.9994941Z SMOKE_TEST_START=v0.3.0-ble/m21
2026-09-07T07:14:40.1615550Z PASS: m21
2026-09-07T07:14:40.1615933Z ARDUINO_SMOKE_GROUP_PASS=v0.3.0-ble;TESTS=2
2026-09-07T07:14:41.7532763Z ##[group]Run actions/upload-artifact@043fb46d1a93c77aae656e7c1c64a875d1fc6a0a
2026-09-07T07:14:41.7533261Z with:
2026-09-07T07:14:41.7533596Z   name: m12-arduino-v0.3.0-ble-828166109968b2ceb40fc2d9c054255558d995d5
2026-09-07T07:14:41.7534025Z   path: D:\a\NU54DK_Arduino_Core\NU54DK_Arduino_Core\m12-evidence\v0.3.0-ble
2026-09-07T07:14:41.7534368Z   if-no-files-found: warn
2026-09-07T07:14:41.7534622Z   retention-days: 14
2026-09-07T07:14:41.7534849Z   compression-level: 6
2026-09-07T07:14:41.7535068Z   overwrite: false
2026-09-07T07:14:41.7535290Z   include-hidden-files: false
2026-09-07T07:14:41.7535524Z   archive: true
2026-09-07T07:14:41.7535831Z env:
2026-09-07T07:14:41.7536028Z   NUCODE_NCS_INSTALL_ROOT: D:\ncs
2026-09-07T07:14:41.7536279Z   NUCODE_NCS_ROOT: D:\ncs\v3.4.0
2026-09-07T07:14:41.7536551Z   NUCODE_TOOLCHAIN_ROOT: D:\ncs\toolchains\dcbdc366a1
2026-09-07T07:14:41.7536920Z   NUCODE_PREREQUISITE_STATE_ROOT: D:\nu54-prerequisites
2026-09-07T07:14:41.7537397Z   M12_EVIDENCE: D:\a\NU54DK_Arduino_Core\NU54DK_Arduino_Core\m12-evidence\v0.3.0-ble
2026-09-07T07:14:41.7537756Z   NUCODE_CI_TEMP: D:\t
2026-09-07T07:14:41.7538043Z   pythonLocation: C:\hostedtoolcache\windows\Python\3.12.10\x64
2026-09-07T07:14:41.7538449Z   PKG_CONFIG_PATH: C:\hostedtoolcache\windows\Python\3.12.10\x64/lib/pkgconfig
2026-09-07T07:14:41.7538886Z   Python_ROOT_DIR: C:\hostedtoolcache\windows\Python\3.12.10\x64
2026-09-07T07:14:41.7539250Z   Python2_ROOT_DIR: C:\hostedtoolcache\windows\Python\3.12.10\x64
2026-09-07T07:14:41.7539600Z   Python3_ROOT_DIR: C:\hostedtoolcache\windows\Python\3.12.10\x64
2026-09-07T07:14:41.7539920Z ##[endgroup]
2026-09-07T07:14:42.7683236Z With the provided path, there will be 2 files uploaded
2026-09-07T07:14:42.7687243Z Artifact name is valid!
2026-09-07T07:14:42.7688184Z Root directory input is valid!
2026-09-07T07:14:43.1198220Z Uploading artifact: m12-arduino-v0.3.0-ble-828166109968b2ceb40fc2d9c054255558d995d5.zip
2026-09-07T07:14:43.1236801Z Beginning upload of artifact content to blob storage
2026-09-07T07:14:43.4624146Z Uploaded bytes 504
2026-09-07T07:14:43.5183462Z Finished uploading artifact content to blob storage!
2026-09-07T07:14:43.5184968Z SHA256 digest of uploaded artifact is 9252ac45a597fc65d918e3ee2703d25bbe6b37b469945d2eece7957753f47411
2026-09-07T07:14:43.5185884Z Finalizing artifact upload
2026-09-07T07:14:43.8739440Z Artifact m12-arduino-v0.3.0-ble-828166109968b2ceb40fc2d9c054255558d995d5 successfully finalized. Artifact ID 10008053037
2026-09-07T07:14:43.8740724Z Artifact m12-arduino-v0.3.0-ble-828166109968b2ceb40fc2d9c054255558d995d5 has been successfully uploaded! Final size is 504 bytes. Artifact ID is 10008053037
2026-09-07T07:14:43.8747180Z Artifact download URL: https://github.com/EIDOSDATA/NU54DK_Arduino_Core/actions/runs/34092876773/artifacts/10008053037
2026-09-07T07:14:43.9106468Z Post job cleanup.
2026-09-07T07:14:44.0564434Z Cache hit occurred on the primary key ncs-windows-x64-99553055607b2e9885fbc80ccd11fa9da81c2df0-bf801e4e3d19e1ffa76164346480cb7734dd2800-tc-dcbdc366a1-builder-v1, not saving cache.
2026-09-07T07:14:44.0813723Z Post job cleanup.
2026-09-07T07:14:44.2331501Z Post job cleanup.
2026-09-07T07:14:44.3753647Z [command]"C:\Program Files\Git\bin\git.exe" version
2026-09-07T07:14:44.3994158Z git version 2.55.0.windows.5
2026-09-07T07:14:44.4049973Z Temporarily overriding HOME='D:\a\_temp\93396e0d-0eca-4dee-935c-8bb7e44bebe5' before making global git config changes
2026-09-07T07:14:44.4050893Z Adding repository directory to the temporary git global config as a safe directory
2026-09-07T07:14:44.4058493Z [command]"C:\Program Files\Git\bin\git.exe" config --global --add safe.directory D:\a\NU54DK_Arduino_Core\NU54DK_Arduino_Core
2026-09-07T07:14:44.4301114Z Removing SSH command configuration
2026-09-07T07:14:44.4310452Z [command]"C:\Program Files\Git\bin\git.exe" config --local --name-only --get-regexp core\.sshCommand
2026-09-07T07:14:44.4564306Z [command]"C:\Program Files\Git\bin\git.exe" submodule foreach --recursive "sh -c \"git config --local --name-only --get-regexp 'core\.sshCommand' && git config --local --unset-all 'core.sshCommand' || :\""
2026-09-07T07:14:44.9668490Z Entering 'board_package/NU54DK_Zephyr_DTS'
2026-09-07T07:14:45.0417207Z Removing HTTP extra header
2026-09-07T07:14:45.0426167Z [command]"C:\Program Files\Git\bin\git.exe" config --local --name-only --get-regexp http\.https\:\/\/github\.com\/\.extraheader
2026-09-07T07:14:45.0676748Z [command]"C:\Program Files\Git\bin\git.exe" submodule foreach --recursive "sh -c \"git config --local --name-only --get-regexp 'http\.https\:\/\/github\.com\/\.extraheader' && git config --local --unset-all 'http.https://github.com/.extraheader' || :\""
2026-09-07T07:14:45.5033526Z Entering 'board_package/NU54DK_Zephyr_DTS'
2026-09-07T07:14:45.5768986Z Removing includeIf entries pointing to credentials config files
2026-09-07T07:14:45.5779194Z [command]"C:\Program Files\Git\bin\git.exe" config --local --name-only --get-regexp ^includeIf\.gitdir:
2026-09-07T07:14:45.6001470Z includeif.gitdir:D:/a/NU54DK_Arduino_Core/NU54DK_Arduino_Core/.git.path
2026-09-07T07:14:45.6001966Z includeif.gitdir:D:/a/NU54DK_Arduino_Core/NU54DK_Arduino_Core/.git/worktrees/*.path
2026-09-07T07:14:45.6002326Z includeif.gitdir:/github/workspace/.git.path
2026-09-07T07:14:45.6002601Z includeif.gitdir:/github/workspace/.git/worktrees/*.path
2026-09-07T07:14:45.6037063Z [command]"C:\Program Files\Git\bin\git.exe" config --local --get-all includeif.gitdir:D:/a/NU54DK_Arduino_Core/NU54DK_Arduino_Core/.git.path
2026-09-07T07:14:45.6255888Z D:\a\_temp\git-credentials-168c1b63-12eb-4835-9dee-bf9ccc3672db.config
2026-09-07T07:14:45.6295578Z [command]"C:\Program Files\Git\bin\git.exe" config --local --unset includeif.gitdir:D:/a/NU54DK_Arduino_Core/NU54DK_Arduino_Core/.git.path D\:\\a\\_temp\\git\-credentials\-168c1b63\-12eb\-4835\-9dee\-bf9ccc3672db\.config
2026-09-07T07:14:45.6598004Z [command]"C:\Program Files\Git\bin\git.exe" config --local --get-all includeif.gitdir:D:/a/NU54DK_Arduino_Core/NU54DK_Arduino_Core/.git/worktrees/*.path
2026-09-07T07:14:45.6812025Z D:\a\_temp\git-credentials-168c1b63-12eb-4835-9dee-bf9ccc3672db.config
2026-09-07T07:14:45.6847225Z [command]"C:\Program Files\Git\bin\git.exe" config --local --unset includeif.gitdir:D:/a/NU54DK_Arduino_Core/NU54DK_Arduino_Core/.git/worktrees/*.path D\:\\a\\_temp\\git\-credentials\-168c1b63\-12eb\-4835\-9dee\-bf9ccc3672db\.config
2026-09-07T07:14:45.7097535Z [command]"C:\Program Files\Git\bin\git.exe" config --local --get-all includeif.gitdir:/github/workspace/.git.path
2026-09-07T07:14:45.7309486Z /github/runner_temp/git-credentials-168c1b63-12eb-4835-9dee-bf9ccc3672db.config
2026-09-07T07:14:45.7345029Z [command]"C:\Program Files\Git\bin\git.exe" config --local --unset includeif.gitdir:/github/workspace/.git.path \/github\/runner_temp\/git\-credentials\-168c1b63\-12eb\-4835\-9dee\-bf9ccc3672db\.config
2026-09-07T07:14:45.7596695Z [command]"C:\Program Files\Git\bin\git.exe" config --local --get-all includeif.gitdir:/github/workspace/.git/worktrees/*.path
2026-09-07T07:14:45.7811869Z /github/runner_temp/git-credentials-168c1b63-12eb-4835-9dee-bf9ccc3672db.config
2026-09-07T07:14:45.7846005Z [command]"C:\Program Files\Git\bin\git.exe" config --local --unset includeif.gitdir:/github/workspace/.git/worktrees/*.path \/github\/runner_temp\/git\-credentials\-168c1b63\-12eb\-4835\-9dee\-bf9ccc3672db\.config
2026-09-07T07:14:45.8097126Z [command]"C:\Program Files\Git\bin\git.exe" submodule foreach --recursive "git config --local --show-origin --name-only --get-regexp remote.origin.url"
2026-09-07T07:14:46.3098732Z Entering 'board_package/NU54DK_Zephyr_DTS'
2026-09-07T07:14:46.3390903Z file:D:/a/NU54DK_Arduino_Core/NU54DK_Arduino_Core/.git/modules/board_package/NU54DK_Zephyr_DTS/config	remote.origin.url
2026-09-07T07:14:46.3608474Z [command]"C:\Program Files\Git\bin\git.exe" config --file D:/a/NU54DK_Arduino_Core/NU54DK_Arduino_Core/.git/modules/board_package/NU54DK_Zephyr_DTS/config --name-only --get-regexp ^includeIf\.gitdir:
2026-09-07T07:14:46.3824193Z includeif.gitdir:D:/a/NU54DK_Arduino_Core/NU54DK_Arduino_Core/.git/modules/board_package/NU54DK_Zephyr_DTS.path
2026-09-07T07:14:46.3824842Z includeif.gitdir:/github/workspace/.git/modules/board_package/NU54DK_Zephyr_DTS.path
2026-09-07T07:14:46.3859505Z [command]"C:\Program Files\Git\bin\git.exe" config --file D:/a/NU54DK_Arduino_Core/NU54DK_Arduino_Core/.git/modules/board_package/NU54DK_Zephyr_DTS/config --get-all includeif.gitdir:D:/a/NU54DK_Arduino_Core/NU54DK_Arduino_Core/.git/modules/board_package/NU54DK_Zephyr_DTS.path
2026-09-07T07:14:46.4071361Z D:\a\_temp\git-credentials-168c1b63-12eb-4835-9dee-bf9ccc3672db.config
2026-09-07T07:14:46.4107340Z [command]"C:\Program Files\Git\bin\git.exe" config --file D:/a/NU54DK_Arduino_Core/NU54DK_Arduino_Core/.git/modules/board_package/NU54DK_Zephyr_DTS/config --unset includeif.gitdir:D:/a/NU54DK_Arduino_Core/NU54DK_Arduino_Core/.git/modules/board_package/NU54DK_Zephyr_DTS.path D\:\\a\\_temp\\git\-credentials\-168c1b63\-12eb\-4835\-9dee\-bf9ccc3672db\.config
2026-09-07T07:14:46.4365053Z [command]"C:\Program Files\Git\bin\git.exe" config --file D:/a/NU54DK_Arduino_Core/NU54DK_Arduino_Core/.git/modules/board_package/NU54DK_Zephyr_DTS/config --get-all includeif.gitdir:/github/workspace/.git/modules/board_package/NU54DK_Zephyr_DTS.path
2026-09-07T07:14:46.4584649Z /github/runner_temp/git-credentials-168c1b63-12eb-4835-9dee-bf9ccc3672db.config
2026-09-07T07:14:46.4621015Z [command]"C:\Program Files\Git\bin\git.exe" config --file D:/a/NU54DK_Arduino_Core/NU54DK_Arduino_Core/.git/modules/board_package/NU54DK_Zephyr_DTS/config --unset includeif.gitdir:/github/workspace/.git/modules/board_package/NU54DK_Zephyr_DTS.path \/github\/runner_temp\/git\-credentials\-168c1b63\-12eb\-4835\-9dee\-bf9ccc3672db\.config
2026-09-07T07:14:46.4887783Z Removing credentials config 'D:\a\_temp\git-credentials-168c1b63-12eb-4835-9dee-bf9ccc3672db.config'
2026-09-07T07:14:46.5091018Z Cleaning up orphan processes
2026-09-07T07:14:46.6533186Z ##[warning]Node.js 20 is deprecated. The following actions target Node.js 20 but are being forced to run on Node.js 24: arduino/setup-arduino-cli@81d310742121c928ea9c8bbd407b4217b432ae02. For more information see: https://github.blog/changelog/2025-09-19-deprecation-of-node-20-on-github-actions-runners/
