2026-09-07T06:54:00.2064704Z Current runner version: '2.337.0'
2026-09-07T06:54:00.2100660Z ##[group]Runner Image Provisioner
2026-09-07T06:54:00.2101920Z Hosted Compute Agent
2026-09-07T06:54:00.2102859Z Version: 20260828.587
2026-09-07T06:54:00.2104079Z Commit: abac92662cab4cc7352de4f9f9d2e2419aad9c29
2026-09-07T06:54:00.2105330Z Build Date: 2026-08-28T16:44:25Z
2026-09-07T06:54:00.2106553Z Worker ID: {b584cdfd-33eb-4d6b-8139-d991f49b1aec}
2026-09-07T06:54:00.2107705Z Azure Region: northcentralus
2026-09-07T06:54:00.2108665Z ##[endgroup]
2026-09-07T06:54:00.2111078Z ##[group]Operating System
2026-09-07T06:54:00.2112094Z Ubuntu
2026-09-07T06:54:00.2112994Z 24.04.4
2026-09-07T06:54:00.2113802Z LTS
2026-09-07T06:54:00.2114599Z ##[endgroup]
2026-09-07T06:54:00.2115797Z ##[group]Runner Image
2026-09-07T06:54:00.2116814Z Image: ubuntu-24.04
2026-09-07T06:54:00.2117766Z Version: 20260831.293.1
2026-09-07T06:54:00.2119958Z Included Software: https://github.com/actions/runner-images/blob/ubuntu24/20260831.293/images/ubuntu/Ubuntu2404-Readme.md
2026-09-07T06:54:00.2122636Z Image Release: https://github.com/actions/runner-images/releases/tag/ubuntu24%2F20260831.293
2026-09-07T06:54:00.2124267Z ##[endgroup]
2026-09-07T06:54:00.2126707Z ##[group]GITHUB_TOKEN Permissions
2026-09-07T06:54:00.2129866Z Contents: read
2026-09-07T06:54:00.2130871Z Metadata: read
2026-09-07T06:54:00.2131800Z ##[endgroup]
2026-09-07T06:54:00.2133927Z Secret source: Actions
2026-09-07T06:54:00.2135513Z Prepare workflow directory
2026-09-07T06:54:00.2468449Z Prepare all required actions
2026-09-07T06:54:00.2518003Z Getting action download info
2026-09-07T06:54:00.4946085Z Download action repository 'actions/checkout@3d3c42e5aac5ba805825da76410c181273ba90b1' (SHA:3d3c42e5aac5ba805825da76410c181273ba90b1)
2026-09-07T06:54:00.5806990Z Download action repository 'actions/setup-python@5fda3b95a4ea91299a34e894583c3862153e4b97' (SHA:5fda3b95a4ea91299a34e894583c3862153e4b97)
2026-09-07T06:54:00.7621290Z Complete job name: M14 Core native semantic runtime
2026-09-07T06:54:00.8466145Z ##[group]Run actions/checkout@3d3c42e5aac5ba805825da76410c181273ba90b1
2026-09-07T06:54:00.8467204Z with:
2026-09-07T06:54:00.8467644Z   fetch-depth: 0
2026-09-07T06:54:00.8468106Z   submodules: recursive
2026-09-07T06:54:00.8468628Z   repository: EIDOSDATA/NU54DK_Arduino_Core
2026-09-07T06:54:00.8472989Z   token: ***
2026-09-07T06:54:00.8473461Z   ssh-strict: true
2026-09-07T06:54:00.8473925Z   ssh-user: git
2026-09-07T06:54:00.8474382Z   persist-credentials: true
2026-09-07T06:54:00.8474886Z   clean: true
2026-09-07T06:54:00.8475347Z   sparse-checkout-cone-mode: true
2026-09-07T06:54:00.8475886Z   fetch-tags: false
2026-09-07T06:54:00.8476341Z   show-progress: true
2026-09-07T06:54:00.8476805Z   lfs: false
2026-09-07T06:54:00.8477238Z   set-safe-directory: true
2026-09-07T06:54:00.8477754Z   allow-unsafe-pr-checkout: false
2026-09-07T06:54:00.8478522Z ##[endgroup]
2026-09-07T06:54:00.9483481Z Syncing repository: EIDOSDATA/NU54DK_Arduino_Core
2026-09-07T06:54:00.9485806Z ##[group]Getting Git version info
2026-09-07T06:54:00.9486694Z Working directory is '/home/runner/work/NU54DK_Arduino_Core/NU54DK_Arduino_Core'
2026-09-07T06:54:00.9487992Z [command]/usr/bin/git version
2026-09-07T06:54:00.9507591Z git version 2.55.0
2026-09-07T06:54:00.9561136Z ##[endgroup]
2026-09-07T06:54:00.9587267Z Temporarily overriding HOME='/home/runner/work/_temp/0036a70a-7967-47de-9b72-97a7b422d1b8' before making global git config changes
2026-09-07T06:54:00.9589724Z Adding repository directory to the temporary git global config as a safe directory
2026-09-07T06:54:00.9595907Z [command]/usr/bin/git config --global --add safe.directory /home/runner/work/NU54DK_Arduino_Core/NU54DK_Arduino_Core
2026-09-07T06:54:00.9646168Z Deleting the contents of '/home/runner/work/NU54DK_Arduino_Core/NU54DK_Arduino_Core'
2026-09-07T06:54:00.9648380Z ##[group]Determining repository object format
2026-09-07T06:54:00.9650253Z ##[endgroup]
2026-09-07T06:54:00.9651409Z ##[group]Initializing the repository
2026-09-07T06:54:00.9654661Z [command]/usr/bin/git init /home/runner/work/NU54DK_Arduino_Core/NU54DK_Arduino_Core
2026-09-07T06:54:00.9731702Z hint: Using 'master' as the name for the initial branch. This default branch name
2026-09-07T06:54:00.9735082Z hint: will change to "main" in Git 3.0. To configure the initial branch name
2026-09-07T06:54:00.9736697Z hint: to use in all of your new repositories, which will suppress this warning,
2026-09-07T06:54:00.9737867Z hint: call:
2026-09-07T06:54:00.9738501Z hint:
2026-09-07T06:54:00.9739481Z hint: 	git config --global init.defaultBranch <name>
2026-09-07T06:54:00.9740444Z hint:
2026-09-07T06:54:00.9741344Z hint: Names commonly chosen instead of 'master' are 'main', 'trunk' and
2026-09-07T06:54:00.9742829Z hint: 'development'. The just-created branch can be renamed via this command:
2026-09-07T06:54:00.9744021Z hint:
2026-09-07T06:54:00.9744778Z hint: 	git branch -m <name>
2026-09-07T06:54:00.9745517Z hint:
2026-09-07T06:54:00.9746539Z hint: Disable this message with "git config set advice.defaultBranchName false"
2026-09-07T06:54:00.9748348Z Initialized empty Git repository in /home/runner/work/NU54DK_Arduino_Core/NU54DK_Arduino_Core/.git/
2026-09-07T06:54:00.9751429Z [command]/usr/bin/git remote add origin https://github.com/EIDOSDATA/NU54DK_Arduino_Core
2026-09-07T06:54:00.9797422Z ##[endgroup]
2026-09-07T06:54:00.9798631Z ##[group]Disabling automatic garbage collection
2026-09-07T06:54:00.9801014Z [command]/usr/bin/git config --local gc.auto 0
2026-09-07T06:54:00.9834071Z ##[endgroup]
2026-09-07T06:54:00.9835539Z ##[group]Setting up auth
2026-09-07T06:54:00.9836338Z Removing SSH command configuration
2026-09-07T06:54:00.9840051Z [command]/usr/bin/git config --local --name-only --get-regexp core\.sshCommand
2026-09-07T06:54:00.9873643Z [command]/usr/bin/git submodule foreach --recursive sh -c "git config --local --name-only --get-regexp 'core\.sshCommand' && git config --local --unset-all 'core.sshCommand' || :"
2026-09-07T06:54:01.0216728Z Removing HTTP extra header
2026-09-07T06:54:01.0223387Z [command]/usr/bin/git config --local --name-only --get-regexp http\.https\:\/\/github\.com\/\.extraheader
2026-09-07T06:54:01.0262758Z [command]/usr/bin/git submodule foreach --recursive sh -c "git config --local --name-only --get-regexp 'http\.https\:\/\/github\.com\/\.extraheader' && git config --local --unset-all 'http.https://github.com/.extraheader' || :"
2026-09-07T06:54:01.0510904Z Removing includeIf entries pointing to credentials config files
2026-09-07T06:54:01.0516186Z [command]/usr/bin/git config --local --name-only --get-regexp ^includeIf\.gitdir:
2026-09-07T06:54:01.0554607Z [command]/usr/bin/git submodule foreach --recursive git config --local --show-origin --name-only --get-regexp remote.origin.url
2026-09-07T06:54:01.0805882Z [command]/usr/bin/git config --file /home/runner/work/_temp/git-credentials-b697aa39-2114-46a4-9a2b-5b9a57c788d3.config http.https://github.com/.extraheader AUTHORIZATION: basic ***
2026-09-07T06:54:01.0849206Z [command]/usr/bin/git config --local includeIf.gitdir:/home/runner/work/NU54DK_Arduino_Core/NU54DK_Arduino_Core/.git.path /home/runner/work/_temp/git-credentials-b697aa39-2114-46a4-9a2b-5b9a57c788d3.config
2026-09-07T06:54:01.0885687Z [command]/usr/bin/git config --local includeIf.gitdir:/home/runner/work/NU54DK_Arduino_Core/NU54DK_Arduino_Core/.git/worktrees/*.path /home/runner/work/_temp/git-credentials-b697aa39-2114-46a4-9a2b-5b9a57c788d3.config
2026-09-07T06:54:01.0923946Z [command]/usr/bin/git config --local includeIf.gitdir:/github/workspace/.git.path /github/runner_temp/git-credentials-b697aa39-2114-46a4-9a2b-5b9a57c788d3.config
2026-09-07T06:54:01.0960882Z [command]/usr/bin/git config --local includeIf.gitdir:/github/workspace/.git/worktrees/*.path /github/runner_temp/git-credentials-b697aa39-2114-46a4-9a2b-5b9a57c788d3.config
2026-09-07T06:54:01.0993203Z ##[endgroup]
2026-09-07T06:54:01.0994001Z ##[group]Fetching the repository
2026-09-07T06:54:01.0999583Z [command]/usr/bin/git -c protocol.version=2 fetch --no-tags --prune --no-recurse-submodules origin +refs/heads/*:refs/remotes/origin/* +refs/tags/*:refs/tags/*
2026-09-07T06:54:03.9492261Z From https://github.com/EIDOSDATA/NU54DK_Arduino_Core
2026-09-07T06:54:03.9494004Z  * [new branch]      main               -> origin/main
2026-09-07T06:54:03.9495336Z  * [new tag]         m10-preview-0.0.90 -> m10-preview-0.0.90
2026-09-07T06:54:03.9496605Z  * [new tag]         m10-preview-0.0.91 -> m10-preview-0.0.91
2026-09-07T06:54:03.9497868Z  * [new tag]         m10-preview-0.0.92 -> m10-preview-0.0.92
2026-09-07T06:54:03.9499495Z  * [new tag]         m10-preview-0.0.93 -> m10-preview-0.0.93
2026-09-07T06:54:03.9501349Z  * [new tag]         m10-preview-0.0.94 -> m10-preview-0.0.94
2026-09-07T06:54:03.9503010Z  * [new tag]         m10-preview-0.0.95 -> m10-preview-0.0.95
2026-09-07T06:54:03.9504594Z  * [new tag]         m10-preview-0.0.96 -> m10-preview-0.0.96
2026-09-07T06:54:03.9506080Z  * [new tag]         m10-preview-0.0.97 -> m10-preview-0.0.97
2026-09-07T06:54:03.9507460Z  * [new tag]         v0.1.0             -> v0.1.0
2026-09-07T06:54:03.9508711Z  * [new tag]         v0.1.0-rc.2        -> v0.1.0-rc.2
2026-09-07T06:54:03.9510660Z  * [new tag]         v0.2.0             -> v0.2.0
2026-09-07T06:54:03.9512423Z  * [new tag]         v0.2.0-rc.1        -> v0.2.0-rc.1
2026-09-07T06:54:03.9514195Z  * [new tag]         v0.2.0-rc.2        -> v0.2.0-rc.2
2026-09-07T06:54:03.9516022Z  * [new tag]         v0.3.0             -> v0.3.0
2026-09-07T06:54:03.9517199Z  * [new tag]         v0.3.0-rc.1        -> v0.3.0-rc.1
2026-09-07T06:54:03.9518386Z  * [new tag]         v0.3.0-rc.2        -> v0.3.0-rc.2
2026-09-07T06:54:03.9519789Z  * [new tag]         v0.3.0-rc.3        -> v0.3.0-rc.3
2026-09-07T06:54:03.9522375Z [command]/usr/bin/git branch --list --remote origin/main
2026-09-07T06:54:03.9542406Z   origin/main
2026-09-07T06:54:03.9550918Z [command]/usr/bin/git rev-parse refs/remotes/origin/main
2026-09-07T06:54:03.9580232Z 828166109968b2ceb40fc2d9c054255558d995d5
2026-09-07T06:54:03.9587209Z ##[endgroup]
2026-09-07T06:54:03.9590498Z ##[group]Determining the checkout info
2026-09-07T06:54:03.9593670Z ##[endgroup]
2026-09-07T06:54:03.9595468Z [command]/usr/bin/git sparse-checkout disable
2026-09-07T06:54:03.9647837Z [command]/usr/bin/git config --local --unset-all extensions.worktreeConfig
2026-09-07T06:54:03.9685935Z ##[group]Checking out the ref
2026-09-07T06:54:03.9689310Z [command]/usr/bin/git checkout --progress --force -B main refs/remotes/origin/main
2026-09-07T06:54:04.6236610Z Switched to a new branch 'main'
2026-09-07T06:54:04.6239191Z branch 'main' set up to track 'origin/main'.
2026-09-07T06:54:04.6275094Z ##[endgroup]
2026-09-07T06:54:04.6275852Z ##[group]Setting up auth for fetching submodules
2026-09-07T06:54:04.6282810Z [command]/usr/bin/git config --file /home/runner/work/_temp/git-credentials-b697aa39-2114-46a4-9a2b-5b9a57c788d3.config http.https://github.com/.extraheader AUTHORIZATION: basic ***
2026-09-07T06:54:04.6330694Z [command]/usr/bin/git config --global include.path /home/runner/work/_temp/git-credentials-b697aa39-2114-46a4-9a2b-5b9a57c788d3.config
2026-09-07T06:54:04.6367918Z [command]/usr/bin/git config --global --unset-all url.https://github.com/.insteadOf
2026-09-07T06:54:04.6404995Z [command]/usr/bin/git config --global --add url.https://github.com/.insteadOf git@github.com:
2026-09-07T06:54:04.6451294Z [command]/usr/bin/git config --global --add url.https://github.com/.insteadOf org-48746729@github.com:
2026-09-07T06:54:04.6484679Z ##[endgroup]
2026-09-07T06:54:04.6485403Z ##[group]Fetching submodules
2026-09-07T06:54:04.6488271Z [command]/usr/bin/git submodule sync --recursive
2026-09-07T06:54:04.6751021Z [command]/usr/bin/git -c protocol.version=2 submodule update --init --force --recursive
2026-09-07T06:54:04.7006628Z Submodule 'board_package/NU54DK_Zephyr_DTS' (https://github.com/Nucode01/NU54DK_Zephyr_DTS.git) registered for path 'board_package/NU54DK_Zephyr_DTS'
2026-09-07T06:54:04.7036653Z Cloning into '/home/runner/work/NU54DK_Arduino_Core/NU54DK_Arduino_Core/board_package/NU54DK_Zephyr_DTS'...
2026-09-07T06:54:05.4015946Z Submodule path 'board_package/NU54DK_Zephyr_DTS': checked out 'fe65f2f0880bd05b32e562d9bf1ee59142b4f4d3'
2026-09-07T06:54:05.4050375Z [command]/usr/bin/git submodule foreach --recursive git config --local gc.auto 0
2026-09-07T06:54:05.4321119Z Entering 'board_package/NU54DK_Zephyr_DTS'
2026-09-07T06:54:05.4378526Z ##[endgroup]
2026-09-07T06:54:05.4379534Z ##[group]Persisting credentials for submodules
2026-09-07T06:54:05.4386510Z [command]/usr/bin/git submodule foreach --recursive sh -c "git config --local --name-only --get-regexp 'url\.https\:\/\/github\.com\/\.insteadOf' && git config --local --unset-all 'url.https://github.com/.insteadOf' || :"
2026-09-07T06:54:05.4632246Z Entering 'board_package/NU54DK_Zephyr_DTS'
2026-09-07T06:54:05.4693641Z [command]/usr/bin/git submodule foreach --recursive git config --local --show-origin --name-only --get-regexp remote.origin.url
2026-09-07T06:54:05.4943188Z Entering 'board_package/NU54DK_Zephyr_DTS'
2026-09-07T06:54:05.4968016Z file:/home/runner/work/NU54DK_Arduino_Core/NU54DK_Arduino_Core/.git/modules/board_package/NU54DK_Zephyr_DTS/config	remote.origin.url
2026-09-07T06:54:05.5007492Z [command]/usr/bin/git config --file /home/runner/work/NU54DK_Arduino_Core/NU54DK_Arduino_Core/.git/modules/board_package/NU54DK_Zephyr_DTS/config includeIf.gitdir:/home/runner/work/NU54DK_Arduino_Core/NU54DK_Arduino_Core/.git/modules/board_package/NU54DK_Zephyr_DTS.path /home/runner/work/_temp/git-credentials-b697aa39-2114-46a4-9a2b-5b9a57c788d3.config
2026-09-07T06:54:05.5053600Z [command]/usr/bin/git config --file /home/runner/work/NU54DK_Arduino_Core/NU54DK_Arduino_Core/.git/modules/board_package/NU54DK_Zephyr_DTS/config includeIf.gitdir:/github/workspace/.git/modules/board_package/NU54DK_Zephyr_DTS.path /github/runner_temp/git-credentials-b697aa39-2114-46a4-9a2b-5b9a57c788d3.config
2026-09-07T06:54:05.5099305Z [command]/usr/bin/git submodule foreach --recursive git config --local --add 'url.https://github.com/.insteadOf' 'git@github.com:'
2026-09-07T06:54:05.5348582Z Entering 'board_package/NU54DK_Zephyr_DTS'
2026-09-07T06:54:05.5404342Z [command]/usr/bin/git submodule foreach --recursive git config --local --add 'url.https://github.com/.insteadOf' 'org-48746729@github.com:'
2026-09-07T06:54:05.5650666Z Entering 'board_package/NU54DK_Zephyr_DTS'
2026-09-07T06:54:05.5702578Z ##[endgroup]
2026-09-07T06:54:05.5750114Z [command]/usr/bin/git log -1 --format=%H
2026-09-07T06:54:05.5781330Z 828166109968b2ceb40fc2d9c054255558d995d5
2026-09-07T06:54:05.6037696Z ##[group]Run actions/setup-python@5fda3b95a4ea91299a34e894583c3862153e4b97
2026-09-07T06:54:05.6038101Z with:
2026-09-07T06:54:05.6038317Z   python-version: 3.12.10
2026-09-07T06:54:05.6038561Z   check-latest: false
2026-09-07T06:54:05.6041288Z   token: ***
2026-09-07T06:54:05.6041516Z   update-environment: true
2026-09-07T06:54:05.6041770Z   allow-prereleases: false
2026-09-07T06:54:05.6042008Z   freethreaded: false
2026-09-07T06:54:05.6042227Z ##[endgroup]
2026-09-07T06:54:05.7292779Z ##[group]Installed versions
2026-09-07T06:54:05.7307818Z Version 3.12.10 was not found in the local cache
2026-09-07T06:54:06.4259410Z Version 3.12.10 is available for downloading
2026-09-07T06:54:06.4260743Z Download from "https://github.com/actions/python-versions/releases/download/3.12.10-14343898437/python-3.12.10-linux-24.04-x64.tar.gz"
2026-09-07T06:54:07.1018342Z Extract downloaded archive
2026-09-07T06:54:07.1139877Z [command]/usr/bin/tar xz --warning=no-unknown-keyword --overwrite -C /home/runner/work/_temp/8743acb0-8f84-425d-93c9-f9e8eed958bb -f /home/runner/work/_temp/fafa8e21-1bd8-41ef-a40b-b40beab60493
2026-09-07T06:54:09.3558017Z Execute installation script
2026-09-07T06:54:09.3659476Z Check if Python hostedtoolcache folder exist...
2026-09-07T06:54:09.3660007Z Create Python 3.12.10 folder
2026-09-07T06:54:09.3673511Z Copy Python binaries to hostedtoolcache folder
2026-09-07T06:54:09.8609937Z Create additional symlinks (Required for the UsePythonVersion Azure Pipelines task and the setup-python GitHub Action)
2026-09-07T06:54:09.8655484Z Upgrading pip...
2026-09-07T06:54:12.2823451Z Looking in links: /tmp/tmpsvd106pz
2026-09-07T06:54:12.2827041Z Requirement already satisfied: pip in /opt/hostedtoolcache/Python/3.12.10/x64/lib/python3.12/site-packages (25.0.1)
2026-09-07T06:54:13.3619068Z Collecting pip
2026-09-07T06:54:13.3948672Z Downloading pip-26.2.1-py3-none-any.whl.metadata (4.6 kB)
2026-09-07T06:54:13.4023068Z Downloading pip-26.2.1-py3-none-any.whl (1.8 MB)
2026-09-07T06:54:13.4456882Z ━━━━━━━━━━━━━━━━━━━━━━━━━━━━━━━━━━━━━━━━ 1.8/1.8 MB 64.7 MB/s eta 0:00:00
2026-09-07T06:54:13.4457625Z 
2026-09-07T06:54:13.4627194Z Installing collected packages: pip
2026-09-07T06:54:13.4628599Z Attempting uninstall: pip
2026-09-07T06:54:13.4650480Z Found existing installation: pip 25.0.1
2026-09-07T06:54:13.4983683Z Uninstalling pip-25.0.1:
2026-09-07T06:54:13.5040943Z Successfully uninstalled pip-25.0.1
2026-09-07T06:54:14.5616452Z Successfully installed pip-26.2.1
2026-09-07T06:54:14.6113688Z Create complete file
2026-09-07T06:54:14.6159603Z Successfully set up CPython (3.12.10)
2026-09-07T06:54:14.6160998Z ##[endgroup]
2026-09-07T06:54:14.6325120Z ##[group]Run python -m unittest -v tests.host.test_m14_core_contract
2026-09-07T06:54:14.6325680Z [36;1mpython -m unittest -v tests.host.test_m14_core_contract[0m
2026-09-07T06:54:14.6373170Z shell: /usr/bin/bash -e {0}
2026-09-07T06:54:14.6373519Z env:
2026-09-07T06:54:14.6373907Z   pythonLocation: /opt/hostedtoolcache/Python/3.12.10/x64
2026-09-07T06:54:14.6374595Z   PKG_CONFIG_PATH: /opt/hostedtoolcache/Python/3.12.10/x64/lib/pkgconfig
2026-09-07T06:54:14.6375275Z   Python_ROOT_DIR: /opt/hostedtoolcache/Python/3.12.10/x64
2026-09-07T06:54:14.6375880Z   Python2_ROOT_DIR: /opt/hostedtoolcache/Python/3.12.10/x64
2026-09-07T06:54:14.6376493Z   Python3_ROOT_DIR: /opt/hostedtoolcache/Python/3.12.10/x64
2026-09-07T06:54:14.6377114Z   LD_LIBRARY_PATH: /opt/hostedtoolcache/Python/3.12.10/x64/lib
2026-09-07T06:54:14.6377632Z ##[endgroup]
2026-09-07T06:54:16.4850390Z test_core_utility_random_f_and_diagnostics_compile_link (tests.host.test_m14_core_contract.M14CoreContractTests.test_core_utility_random_f_and_diagnostics_compile_link) ... ok
2026-09-07T06:54:16.6343870Z test_disabled_peripheral_stubs_compile_link_and_fail_closed (tests.host.test_m14_core_contract.M14CoreContractTests.test_disabled_peripheral_stubs_compile_link_and_fail_closed) ... ok
2026-09-07T06:54:17.0483357Z test_generated_native_runtime_semantics (tests.host.test_m14_core_contract.M14CoreContractTests.test_generated_native_runtime_semantics) ... ok
2026-09-07T06:54:17.0486296Z test_peripheral_config_matrix_has_real_link_targets (tests.host.test_m14_core_contract.M14CoreContractTests.test_peripheral_config_matrix_has_real_link_targets) ... ok
2026-09-07T06:54:17.0487865Z test_production_sources_are_registered (tests.host.test_m14_core_contract.M14CoreContractTests.test_production_sources_are_registered) ... ok
2026-09-07T06:54:17.0488406Z 
2026-09-07T06:54:17.0488589Z ----------------------------------------------------------------------
2026-09-07T06:54:17.0489293Z Ran 5 tests in 1.888s
2026-09-07T06:54:17.0489468Z 
2026-09-07T06:54:17.0489574Z OK
2026-09-07T06:54:17.0687016Z Post job cleanup.
2026-09-07T06:54:17.2010065Z Post job cleanup.
2026-09-07T06:54:17.2886436Z [command]/usr/bin/git version
2026-09-07T06:54:17.2939774Z git version 2.55.0
2026-09-07T06:54:17.2976696Z Temporarily overriding HOME='/home/runner/work/_temp/18781b1c-f015-49b8-8e90-328844a98370' before making global git config changes
2026-09-07T06:54:17.2978329Z Adding repository directory to the temporary git global config as a safe directory
2026-09-07T06:54:17.2982762Z [command]/usr/bin/git config --global --add safe.directory /home/runner/work/NU54DK_Arduino_Core/NU54DK_Arduino_Core
2026-09-07T06:54:17.3018168Z Removing SSH command configuration
2026-09-07T06:54:17.3024926Z [command]/usr/bin/git config --local --name-only --get-regexp core\.sshCommand
2026-09-07T06:54:17.3062144Z [command]/usr/bin/git submodule foreach --recursive sh -c "git config --local --name-only --get-regexp 'core\.sshCommand' && git config --local --unset-all 'core.sshCommand' || :"
2026-09-07T06:54:17.3329190Z Entering 'board_package/NU54DK_Zephyr_DTS'
2026-09-07T06:54:17.3401518Z Removing HTTP extra header
2026-09-07T06:54:17.3407928Z [command]/usr/bin/git config --local --name-only --get-regexp http\.https\:\/\/github\.com\/\.extraheader
2026-09-07T06:54:17.3449192Z [command]/usr/bin/git submodule foreach --recursive sh -c "git config --local --name-only --get-regexp 'http\.https\:\/\/github\.com\/\.extraheader' && git config --local --unset-all 'http.https://github.com/.extraheader' || :"
2026-09-07T06:54:17.3766454Z Entering 'board_package/NU54DK_Zephyr_DTS'
2026-09-07T06:54:17.3866674Z Removing includeIf entries pointing to credentials config files
2026-09-07T06:54:17.3867831Z [command]/usr/bin/git config --local --name-only --get-regexp ^includeIf\.gitdir:
2026-09-07T06:54:17.3895149Z includeif.gitdir:/home/runner/work/NU54DK_Arduino_Core/NU54DK_Arduino_Core/.git.path
2026-09-07T06:54:17.3905858Z includeif.gitdir:/home/runner/work/NU54DK_Arduino_Core/NU54DK_Arduino_Core/.git/worktrees/*.path
2026-09-07T06:54:17.3907009Z includeif.gitdir:/github/workspace/.git.path
2026-09-07T06:54:17.3907909Z includeif.gitdir:/github/workspace/.git/worktrees/*.path
2026-09-07T06:54:17.3922729Z [command]/usr/bin/git config --local --get-all includeif.gitdir:/home/runner/work/NU54DK_Arduino_Core/NU54DK_Arduino_Core/.git.path
2026-09-07T06:54:17.3948644Z /home/runner/work/_temp/git-credentials-b697aa39-2114-46a4-9a2b-5b9a57c788d3.config
2026-09-07T06:54:17.3972497Z [command]/usr/bin/git config --local --unset includeif.gitdir:/home/runner/work/NU54DK_Arduino_Core/NU54DK_Arduino_Core/.git.path \/home\/runner\/work\/_temp\/git\-credentials\-b697aa39\-2114\-46a4\-9a2b\-5b9a57c788d3\.config
2026-09-07T06:54:17.4022988Z [command]/usr/bin/git config --local --get-all includeif.gitdir:/home/runner/work/NU54DK_Arduino_Core/NU54DK_Arduino_Core/.git/worktrees/*.path
2026-09-07T06:54:17.4063082Z /home/runner/work/_temp/git-credentials-b697aa39-2114-46a4-9a2b-5b9a57c788d3.config
2026-09-07T06:54:17.4072878Z [command]/usr/bin/git config --local --unset includeif.gitdir:/home/runner/work/NU54DK_Arduino_Core/NU54DK_Arduino_Core/.git/worktrees/*.path \/home\/runner\/work\/_temp\/git\-credentials\-b697aa39\-2114\-46a4\-9a2b\-5b9a57c788d3\.config
2026-09-07T06:54:17.4113348Z [command]/usr/bin/git config --local --get-all includeif.gitdir:/github/workspace/.git.path
2026-09-07T06:54:17.4144165Z /github/runner_temp/git-credentials-b697aa39-2114-46a4-9a2b-5b9a57c788d3.config
2026-09-07T06:54:17.4154228Z [command]/usr/bin/git config --local --unset includeif.gitdir:/github/workspace/.git.path \/github\/runner_temp\/git\-credentials\-b697aa39\-2114\-46a4\-9a2b\-5b9a57c788d3\.config
2026-09-07T06:54:17.4196080Z [command]/usr/bin/git config --local --get-all includeif.gitdir:/github/workspace/.git/worktrees/*.path
2026-09-07T06:54:17.4226301Z /github/runner_temp/git-credentials-b697aa39-2114-46a4-9a2b-5b9a57c788d3.config
2026-09-07T06:54:17.4240640Z [command]/usr/bin/git config --local --unset includeif.gitdir:/github/workspace/.git/worktrees/*.path \/github\/runner_temp\/git\-credentials\-b697aa39\-2114\-46a4\-9a2b\-5b9a57c788d3\.config
2026-09-07T06:54:17.4276898Z [command]/usr/bin/git submodule foreach --recursive git config --local --show-origin --name-only --get-regexp remote.origin.url
2026-09-07T06:54:17.4541272Z Entering 'board_package/NU54DK_Zephyr_DTS'
2026-09-07T06:54:17.4562931Z file:/home/runner/work/NU54DK_Arduino_Core/NU54DK_Arduino_Core/.git/modules/board_package/NU54DK_Zephyr_DTS/config	remote.origin.url
2026-09-07T06:54:17.4598768Z [command]/usr/bin/git config --file /home/runner/work/NU54DK_Arduino_Core/NU54DK_Arduino_Core/.git/modules/board_package/NU54DK_Zephyr_DTS/config --name-only --get-regexp ^includeIf\.gitdir:
2026-09-07T06:54:17.4630005Z includeif.gitdir:/home/runner/work/NU54DK_Arduino_Core/NU54DK_Arduino_Core/.git/modules/board_package/NU54DK_Zephyr_DTS.path
2026-09-07T06:54:17.4630960Z includeif.gitdir:/github/workspace/.git/modules/board_package/NU54DK_Zephyr_DTS.path
2026-09-07T06:54:17.4637580Z [command]/usr/bin/git config --file /home/runner/work/NU54DK_Arduino_Core/NU54DK_Arduino_Core/.git/modules/board_package/NU54DK_Zephyr_DTS/config --get-all includeif.gitdir:/home/runner/work/NU54DK_Arduino_Core/NU54DK_Arduino_Core/.git/modules/board_package/NU54DK_Zephyr_DTS.path
2026-09-07T06:54:17.4664578Z /home/runner/work/_temp/git-credentials-b697aa39-2114-46a4-9a2b-5b9a57c788d3.config
2026-09-07T06:54:17.4672603Z [command]/usr/bin/git config --file /home/runner/work/NU54DK_Arduino_Core/NU54DK_Arduino_Core/.git/modules/board_package/NU54DK_Zephyr_DTS/config --unset includeif.gitdir:/home/runner/work/NU54DK_Arduino_Core/NU54DK_Arduino_Core/.git/modules/board_package/NU54DK_Zephyr_DTS.path \/home\/runner\/work\/_temp\/git\-credentials\-b697aa39\-2114\-46a4\-9a2b\-5b9a57c788d3\.config
2026-09-07T06:54:17.4710591Z [command]/usr/bin/git config --file /home/runner/work/NU54DK_Arduino_Core/NU54DK_Arduino_Core/.git/modules/board_package/NU54DK_Zephyr_DTS/config --get-all includeif.gitdir:/github/workspace/.git/modules/board_package/NU54DK_Zephyr_DTS.path
2026-09-07T06:54:17.4737239Z /github/runner_temp/git-credentials-b697aa39-2114-46a4-9a2b-5b9a57c788d3.config
2026-09-07T06:54:17.4746507Z [command]/usr/bin/git config --file /home/runner/work/NU54DK_Arduino_Core/NU54DK_Arduino_Core/.git/modules/board_package/NU54DK_Zephyr_DTS/config --unset includeif.gitdir:/github/workspace/.git/modules/board_package/NU54DK_Zephyr_DTS.path \/github\/runner_temp\/git\-credentials\-b697aa39\-2114\-46a4\-9a2b\-5b9a57c788d3\.config
2026-09-07T06:54:17.4782445Z Removing credentials config '/home/runner/work/_temp/git-credentials-b697aa39-2114-46a4-9a2b-5b9a57c788d3.config'
2026-09-07T06:54:17.4925729Z Cleaning up orphan processes
