test_production_gap_lifecycle (test_r12_ble_gap.BleGapTests.test_production_gap_lifecycle)
! @brief PE-COFF 기본 weak 정의를 먼저 링크하고 GAP 수명주기를 검증합니다. ... 
  test_production_gap_lifecycle (test_r12_ble_gap.BleGapTests.test_production_gap_lifecycle) (scenario='lifecycle')
! @brief PE-COFF 기본 weak 정의를 먼저 링크하고 GAP 수명주기를 검증합니다. ... ERROR
  test_production_gap_lifecycle (test_r12_ble_gap.BleGapTests.test_production_gap_lifecycle) (scenario='late_callback')
! @brief PE-COFF 기본 weak 정의를 먼저 링크하고 GAP 수명주기를 검증합니다. ... ERROR
  test_production_gap_lifecycle (test_r12_ble_gap.BleGapTests.test_production_gap_lifecycle) (scenario='reconnect')
! @brief PE-COFF 기본 weak 정의를 먼저 링크하고 GAP 수명주기를 검증합니다. ... ERROR
  test_production_gap_lifecycle (test_r12_ble_gap.BleGapTests.test_production_gap_lifecycle) (scenario='queue_overflow')
! @brief PE-COFF 기본 weak 정의를 먼저 링크하고 GAP 수명주기를 검증합니다. ... ERROR
  test_production_gap_lifecycle (test_r12_ble_gap.BleGapTests.test_production_gap_lifecycle) (scenario='reentrant')
! @brief PE-COFF 기본 weak 정의를 먼저 링크하고 GAP 수명주기를 검증합니다. ... ERROR
  test_production_gap_lifecycle (test_r12_ble_gap.BleGapTests.test_production_gap_lifecycle) (scenario='pending_end')
! @brief PE-COFF 기본 weak 정의를 먼저 링크하고 GAP 수명주기를 검증합니다. ... ERROR
  test_production_gap_lifecycle (test_r12_ble_gap.BleGapTests.test_production_gap_lifecycle) (scenario='scan_copy')
! @brief PE-COFF 기본 weak 정의를 먼저 링크하고 GAP 수명주기를 검증합니다. ... ERROR
  test_production_gap_lifecycle (test_r12_ble_gap.BleGapTests.test_production_gap_lifecycle) (scenario='driver_failure')
! @brief PE-COFF 기본 weak 정의를 먼저 링크하고 GAP 수명주기를 검증합니다. ... ERROR
  test_production_gap_lifecycle (test_r12_ble_gap.BleGapTests.test_production_gap_lifecycle) (scenario='settings_failure')
! @brief PE-COFF 기본 weak 정의를 먼저 링크하고 GAP 수명주기를 검증합니다. ... ERROR
  test_production_gap_lifecycle (test_r12_ble_gap.BleGapTests.test_production_gap_lifecycle) (scenario='advertising')
! @brief PE-COFF 기본 weak 정의를 먼저 링크하고 GAP 수명주기를 검증합니다. ... ERROR
test_production_gatt_lifecycle (test_r12_ble_gatt.BleGattTests.test_production_gatt_lifecycle)
! @brief PE-COFF 기본 weak 정의를 먼저 링크하고 GATT 구현의 대체를 검증합니다. ... 
  test_production_gatt_lifecycle (test_r12_ble_gatt.BleGattTests.test_production_gatt_lifecycle) (scenario='registration_failure')
! @brief PE-COFF 기본 weak 정의를 먼저 링크하고 GATT 구현의 대체를 검증합니다. ... ERROR
  test_production_gatt_lifecycle (test_r12_ble_gatt.BleGattTests.test_production_gatt_lifecycle) (scenario='server_copy')
! @brief PE-COFF 기본 weak 정의를 먼저 링크하고 GATT 구현의 대체를 검증합니다. ... ERROR
  test_production_gatt_lifecycle (test_r12_ble_gatt.BleGattTests.test_production_gatt_lifecycle) (scenario='server_overflow')
! @brief PE-COFF 기본 weak 정의를 먼저 링크하고 GATT 구현의 대체를 검증합니다. ... ERROR
  test_production_gatt_lifecycle (test_r12_ble_gatt.BleGattTests.test_production_gatt_lifecycle) (scenario='server_reentrant')
! @brief PE-COFF 기본 weak 정의를 먼저 링크하고 GATT 구현의 대체를 검증합니다. ... ERROR
  test_production_gatt_lifecycle (test_r12_ble_gatt.BleGattTests.test_production_gatt_lifecycle) (scenario='notification')
! @brief PE-COFF 기본 weak 정의를 먼저 링크하고 GATT 구현의 대체를 검증합니다. ... ERROR
  test_production_gatt_lifecycle (test_r12_ble_gatt.BleGattTests.test_production_gatt_lifecycle) (scenario='indication')
! @brief PE-COFF 기본 weak 정의를 먼저 링크하고 GATT 구현의 대체를 검증합니다. ... ERROR
  test_production_gatt_lifecycle (test_r12_ble_gatt.BleGattTests.test_production_gatt_lifecycle) (scenario='discovery_failure')
! @brief PE-COFF 기본 weak 정의를 먼저 링크하고 GATT 구현의 대체를 검증합니다. ... ERROR
  test_production_gatt_lifecycle (test_r12_ble_gatt.BleGattTests.test_production_gatt_lifecycle) (scenario='client_io')
! @brief PE-COFF 기본 weak 정의를 먼저 링크하고 GATT 구현의 대체를 검증합니다. ... ERROR
  test_production_gatt_lifecycle (test_r12_ble_gatt.BleGattTests.test_production_gatt_lifecycle) (scenario='client_late')
! @brief PE-COFF 기본 weak 정의를 먼저 링크하고 GATT 구현의 대체를 검증합니다. ... ERROR
  test_production_gatt_lifecycle (test_r12_ble_gatt.BleGattTests.test_production_gatt_lifecycle) (scenario='subscription')
! @brief PE-COFF 기본 weak 정의를 먼저 링크하고 GATT 구현의 대체를 검증합니다. ... ERROR
  test_production_gatt_lifecycle (test_r12_ble_gatt.BleGattTests.test_production_gatt_lifecycle) (scenario='att_failure')
! @brief PE-COFF 기본 weak 정의를 먼저 링크하고 GATT 구현의 대체를 검증합니다. ... ERROR
test_production_security_lifecycle (test_r12_ble_security.BleSecurityTests.test_production_security_lifecycle)
! @brief PE-COFF 기본 weak 정의를 먼저 링크하고 보안 구현의 대체를 검증합니다. ... ok

======================================================================
ERROR: test_production_gap_lifecycle (test_r12_ble_gap.BleGapTests.test_production_gap_lifecycle) (scenario='lifecycle')
! @brief PE-COFF 기본 weak 정의를 먼저 링크하고 GAP 수명주기를 검증합니다.
----------------------------------------------------------------------
Traceback (most recent call last):
  File "C:\Users\eidos\GitHub\NU54DK_Arduino_Core\tests\host\test_r12_ble_gap.py", line 38, in test_production_gap_lifecycle
    result = subprocess.run([str(binary), scenario], capture_output=True, timeout=10)
             ^^^^^^^^^^^^^^^^^^^^^^^^^^^^^^^^^^^^^^^^^^^^^^^^^^^^^^^^^^^^^^^^^^^^^^^^
  File "C:\NU54DEV\tools\python-3.12.10\Lib\subprocess.py", line 548, in run
    with Popen(*popenargs, **kwargs) as process:
         ^^^^^^^^^^^^^^^^^^^^^^^^^^^
  File "C:\NU54DEV\tools\python-3.12.10\Lib\subprocess.py", line 1026, in __init__
    self._execute_child(args, executable, preexec_fn, close_fds,
  File "C:\NU54DEV\tools\python-3.12.10\Lib\subprocess.py", line 1538, in _execute_child
    hp, ht, pid, tid = _winapi.CreateProcess(executable, args,
                       ^^^^^^^^^^^^^^^^^^^^^^^^^^^^^^^^^^^^^^^
OSError: [WinError 4551] 애플리케이션 제어 정책에서 이 파일을 차단했습니다

======================================================================
ERROR: test_production_gap_lifecycle (test_r12_ble_gap.BleGapTests.test_production_gap_lifecycle) (scenario='late_callback')
! @brief PE-COFF 기본 weak 정의를 먼저 링크하고 GAP 수명주기를 검증합니다.
----------------------------------------------------------------------
Traceback (most recent call last):
  File "C:\Users\eidos\GitHub\NU54DK_Arduino_Core\tests\host\test_r12_ble_gap.py", line 38, in test_production_gap_lifecycle
    result = subprocess.run([str(binary), scenario], capture_output=True, timeout=10)
             ^^^^^^^^^^^^^^^^^^^^^^^^^^^^^^^^^^^^^^^^^^^^^^^^^^^^^^^^^^^^^^^^^^^^^^^^
  File "C:\NU54DEV\tools\python-3.12.10\Lib\subprocess.py", line 548, in run
    with Popen(*popenargs, **kwargs) as process:
         ^^^^^^^^^^^^^^^^^^^^^^^^^^^
  File "C:\NU54DEV\tools\python-3.12.10\Lib\subprocess.py", line 1026, in __init__
    self._execute_child(args, executable, preexec_fn, close_fds,
  File "C:\NU54DEV\tools\python-3.12.10\Lib\subprocess.py", line 1538, in _execute_child
    hp, ht, pid, tid = _winapi.CreateProcess(executable, args,
                       ^^^^^^^^^^^^^^^^^^^^^^^^^^^^^^^^^^^^^^^
OSError: [WinError 4551] 애플리케이션 제어 정책에서 이 파일을 차단했습니다

======================================================================
ERROR: test_production_gap_lifecycle (test_r12_ble_gap.BleGapTests.test_production_gap_lifecycle) (scenario='reconnect')
! @brief PE-COFF 기본 weak 정의를 먼저 링크하고 GAP 수명주기를 검증합니다.
----------------------------------------------------------------------
Traceback (most recent call last):
  File "C:\Users\eidos\GitHub\NU54DK_Arduino_Core\tests\host\test_r12_ble_gap.py", line 38, in test_production_gap_lifecycle
    result = subprocess.run([str(binary), scenario], capture_output=True, timeout=10)
             ^^^^^^^^^^^^^^^^^^^^^^^^^^^^^^^^^^^^^^^^^^^^^^^^^^^^^^^^^^^^^^^^^^^^^^^^
  File "C:\NU54DEV\tools\python-3.12.10\Lib\subprocess.py", line 548, in run
    with Popen(*popenargs, **kwargs) as process:
         ^^^^^^^^^^^^^^^^^^^^^^^^^^^
  File "C:\NU54DEV\tools\python-3.12.10\Lib\subprocess.py", line 1026, in __init__
    self._execute_child(args, executable, preexec_fn, close_fds,
  File "C:\NU54DEV\tools\python-3.12.10\Lib\subprocess.py", line 1538, in _execute_child
    hp, ht, pid, tid = _winapi.CreateProcess(executable, args,
                       ^^^^^^^^^^^^^^^^^^^^^^^^^^^^^^^^^^^^^^^
OSError: [WinError 4551] 애플리케이션 제어 정책에서 이 파일을 차단했습니다

======================================================================
ERROR: test_production_gap_lifecycle (test_r12_ble_gap.BleGapTests.test_production_gap_lifecycle) (scenario='queue_overflow')
! @brief PE-COFF 기본 weak 정의를 먼저 링크하고 GAP 수명주기를 검증합니다.
----------------------------------------------------------------------
Traceback (most recent call last):
  File "C:\Users\eidos\GitHub\NU54DK_Arduino_Core\tests\host\test_r12_ble_gap.py", line 38, in test_production_gap_lifecycle
    result = subprocess.run([str(binary), scenario], capture_output=True, timeout=10)
             ^^^^^^^^^^^^^^^^^^^^^^^^^^^^^^^^^^^^^^^^^^^^^^^^^^^^^^^^^^^^^^^^^^^^^^^^
  File "C:\NU54DEV\tools\python-3.12.10\Lib\subprocess.py", line 548, in run
    with Popen(*popenargs, **kwargs) as process:
         ^^^^^^^^^^^^^^^^^^^^^^^^^^^
  File "C:\NU54DEV\tools\python-3.12.10\Lib\subprocess.py", line 1026, in __init__
    self._execute_child(args, executable, preexec_fn, close_fds,
  File "C:\NU54DEV\tools\python-3.12.10\Lib\subprocess.py", line 1538, in _execute_child
    hp, ht, pid, tid = _winapi.CreateProcess(executable, args,
                       ^^^^^^^^^^^^^^^^^^^^^^^^^^^^^^^^^^^^^^^
OSError: [WinError 4551] 애플리케이션 제어 정책에서 이 파일을 차단했습니다

======================================================================
ERROR: test_production_gap_lifecycle (test_r12_ble_gap.BleGapTests.test_production_gap_lifecycle) (scenario='reentrant')
! @brief PE-COFF 기본 weak 정의를 먼저 링크하고 GAP 수명주기를 검증합니다.
----------------------------------------------------------------------
Traceback (most recent call last):
  File "C:\Users\eidos\GitHub\NU54DK_Arduino_Core\tests\host\test_r12_ble_gap.py", line 38, in test_production_gap_lifecycle
    result = subprocess.run([str(binary), scenario], capture_output=True, timeout=10)
             ^^^^^^^^^^^^^^^^^^^^^^^^^^^^^^^^^^^^^^^^^^^^^^^^^^^^^^^^^^^^^^^^^^^^^^^^
  File "C:\NU54DEV\tools\python-3.12.10\Lib\subprocess.py", line 548, in run
    with Popen(*popenargs, **kwargs) as process:
         ^^^^^^^^^^^^^^^^^^^^^^^^^^^
  File "C:\NU54DEV\tools\python-3.12.10\Lib\subprocess.py", line 1026, in __init__
    self._execute_child(args, executable, preexec_fn, close_fds,
  File "C:\NU54DEV\tools\python-3.12.10\Lib\subprocess.py", line 1538, in _execute_child
    hp, ht, pid, tid = _winapi.CreateProcess(executable, args,
                       ^^^^^^^^^^^^^^^^^^^^^^^^^^^^^^^^^^^^^^^
OSError: [WinError 4551] 애플리케이션 제어 정책에서 이 파일을 차단했습니다

======================================================================
ERROR: test_production_gap_lifecycle (test_r12_ble_gap.BleGapTests.test_production_gap_lifecycle) (scenario='pending_end')
! @brief PE-COFF 기본 weak 정의를 먼저 링크하고 GAP 수명주기를 검증합니다.
----------------------------------------------------------------------
Traceback (most recent call last):
  File "C:\Users\eidos\GitHub\NU54DK_Arduino_Core\tests\host\test_r12_ble_gap.py", line 38, in test_production_gap_lifecycle
    result = subprocess.run([str(binary), scenario], capture_output=True, timeout=10)
             ^^^^^^^^^^^^^^^^^^^^^^^^^^^^^^^^^^^^^^^^^^^^^^^^^^^^^^^^^^^^^^^^^^^^^^^^
  File "C:\NU54DEV\tools\python-3.12.10\Lib\subprocess.py", line 548, in run
    with Popen(*popenargs, **kwargs) as process:
         ^^^^^^^^^^^^^^^^^^^^^^^^^^^
  File "C:\NU54DEV\tools\python-3.12.10\Lib\subprocess.py", line 1026, in __init__
    self._execute_child(args, executable, preexec_fn, close_fds,
  File "C:\NU54DEV\tools\python-3.12.10\Lib\subprocess.py", line 1538, in _execute_child
    hp, ht, pid, tid = _winapi.CreateProcess(executable, args,
                       ^^^^^^^^^^^^^^^^^^^^^^^^^^^^^^^^^^^^^^^
OSError: [WinError 4551] 애플리케이션 제어 정책에서 이 파일을 차단했습니다

======================================================================
ERROR: test_production_gap_lifecycle (test_r12_ble_gap.BleGapTests.test_production_gap_lifecycle) (scenario='scan_copy')
! @brief PE-COFF 기본 weak 정의를 먼저 링크하고 GAP 수명주기를 검증합니다.
----------------------------------------------------------------------
Traceback (most recent call last):
  File "C:\Users\eidos\GitHub\NU54DK_Arduino_Core\tests\host\test_r12_ble_gap.py", line 38, in test_production_gap_lifecycle
    result = subprocess.run([str(binary), scenario], capture_output=True, timeout=10)
             ^^^^^^^^^^^^^^^^^^^^^^^^^^^^^^^^^^^^^^^^^^^^^^^^^^^^^^^^^^^^^^^^^^^^^^^^
  File "C:\NU54DEV\tools\python-3.12.10\Lib\subprocess.py", line 548, in run
    with Popen(*popenargs, **kwargs) as process:
         ^^^^^^^^^^^^^^^^^^^^^^^^^^^
  File "C:\NU54DEV\tools\python-3.12.10\Lib\subprocess.py", line 1026, in __init__
    self._execute_child(args, executable, preexec_fn, close_fds,
  File "C:\NU54DEV\tools\python-3.12.10\Lib\subprocess.py", line 1538, in _execute_child
    hp, ht, pid, tid = _winapi.CreateProcess(executable, args,
                       ^^^^^^^^^^^^^^^^^^^^^^^^^^^^^^^^^^^^^^^
OSError: [WinError 4551] 애플리케이션 제어 정책에서 이 파일을 차단했습니다

======================================================================
ERROR: test_production_gap_lifecycle (test_r12_ble_gap.BleGapTests.test_production_gap_lifecycle) (scenario='driver_failure')
! @brief PE-COFF 기본 weak 정의를 먼저 링크하고 GAP 수명주기를 검증합니다.
----------------------------------------------------------------------
Traceback (most recent call last):
  File "C:\Users\eidos\GitHub\NU54DK_Arduino_Core\tests\host\test_r12_ble_gap.py", line 38, in test_production_gap_lifecycle
    result = subprocess.run([str(binary), scenario], capture_output=True, timeout=10)
             ^^^^^^^^^^^^^^^^^^^^^^^^^^^^^^^^^^^^^^^^^^^^^^^^^^^^^^^^^^^^^^^^^^^^^^^^
  File "C:\NU54DEV\tools\python-3.12.10\Lib\subprocess.py", line 548, in run
    with Popen(*popenargs, **kwargs) as process:
         ^^^^^^^^^^^^^^^^^^^^^^^^^^^
  File "C:\NU54DEV\tools\python-3.12.10\Lib\subprocess.py", line 1026, in __init__
    self._execute_child(args, executable, preexec_fn, close_fds,
  File "C:\NU54DEV\tools\python-3.12.10\Lib\subprocess.py", line 1538, in _execute_child
    hp, ht, pid, tid = _winapi.CreateProcess(executable, args,
                       ^^^^^^^^^^^^^^^^^^^^^^^^^^^^^^^^^^^^^^^
OSError: [WinError 4551] 애플리케이션 제어 정책에서 이 파일을 차단했습니다

======================================================================
ERROR: test_production_gap_lifecycle (test_r12_ble_gap.BleGapTests.test_production_gap_lifecycle) (scenario='settings_failure')
! @brief PE-COFF 기본 weak 정의를 먼저 링크하고 GAP 수명주기를 검증합니다.
----------------------------------------------------------------------
Traceback (most recent call last):
  File "C:\Users\eidos\GitHub\NU54DK_Arduino_Core\tests\host\test_r12_ble_gap.py", line 38, in test_production_gap_lifecycle
    result = subprocess.run([str(binary), scenario], capture_output=True, timeout=10)
             ^^^^^^^^^^^^^^^^^^^^^^^^^^^^^^^^^^^^^^^^^^^^^^^^^^^^^^^^^^^^^^^^^^^^^^^^
  File "C:\NU54DEV\tools\python-3.12.10\Lib\subprocess.py", line 548, in run
    with Popen(*popenargs, **kwargs) as process:
         ^^^^^^^^^^^^^^^^^^^^^^^^^^^
  File "C:\NU54DEV\tools\python-3.12.10\Lib\subprocess.py", line 1026, in __init__
    self._execute_child(args, executable, preexec_fn, close_fds,
  File "C:\NU54DEV\tools\python-3.12.10\Lib\subprocess.py", line 1538, in _execute_child
    hp, ht, pid, tid = _winapi.CreateProcess(executable, args,
                       ^^^^^^^^^^^^^^^^^^^^^^^^^^^^^^^^^^^^^^^
OSError: [WinError 4551] 애플리케이션 제어 정책에서 이 파일을 차단했습니다

======================================================================
ERROR: test_production_gap_lifecycle (test_r12_ble_gap.BleGapTests.test_production_gap_lifecycle) (scenario='advertising')
! @brief PE-COFF 기본 weak 정의를 먼저 링크하고 GAP 수명주기를 검증합니다.
----------------------------------------------------------------------
Traceback (most recent call last):
  File "C:\Users\eidos\GitHub\NU54DK_Arduino_Core\tests\host\test_r12_ble_gap.py", line 38, in test_production_gap_lifecycle
    result = subprocess.run([str(binary), scenario], capture_output=True, timeout=10)
             ^^^^^^^^^^^^^^^^^^^^^^^^^^^^^^^^^^^^^^^^^^^^^^^^^^^^^^^^^^^^^^^^^^^^^^^^
  File "C:\NU54DEV\tools\python-3.12.10\Lib\subprocess.py", line 548, in run
    with Popen(*popenargs, **kwargs) as process:
         ^^^^^^^^^^^^^^^^^^^^^^^^^^^
  File "C:\NU54DEV\tools\python-3.12.10\Lib\subprocess.py", line 1026, in __init__
    self._execute_child(args, executable, preexec_fn, close_fds,
  File "C:\NU54DEV\tools\python-3.12.10\Lib\subprocess.py", line 1538, in _execute_child
    hp, ht, pid, tid = _winapi.CreateProcess(executable, args,
                       ^^^^^^^^^^^^^^^^^^^^^^^^^^^^^^^^^^^^^^^
OSError: [WinError 4551] 애플리케이션 제어 정책에서 이 파일을 차단했습니다

======================================================================
ERROR: test_production_gatt_lifecycle (test_r12_ble_gatt.BleGattTests.test_production_gatt_lifecycle) (scenario='registration_failure')
! @brief PE-COFF 기본 weak 정의를 먼저 링크하고 GATT 구현의 대체를 검증합니다.
----------------------------------------------------------------------
Traceback (most recent call last):
  File "C:\Users\eidos\GitHub\NU54DK_Arduino_Core\tests\host\test_r12_ble_gatt.py", line 43, in test_production_gatt_lifecycle
    result = subprocess.run([str(binary), scenario], capture_output=True, timeout=10)
             ^^^^^^^^^^^^^^^^^^^^^^^^^^^^^^^^^^^^^^^^^^^^^^^^^^^^^^^^^^^^^^^^^^^^^^^^
  File "C:\NU54DEV\tools\python-3.12.10\Lib\subprocess.py", line 548, in run
    with Popen(*popenargs, **kwargs) as process:
         ^^^^^^^^^^^^^^^^^^^^^^^^^^^
  File "C:\NU54DEV\tools\python-3.12.10\Lib\subprocess.py", line 1026, in __init__
    self._execute_child(args, executable, preexec_fn, close_fds,
  File "C:\NU54DEV\tools\python-3.12.10\Lib\subprocess.py", line 1538, in _execute_child
    hp, ht, pid, tid = _winapi.CreateProcess(executable, args,
                       ^^^^^^^^^^^^^^^^^^^^^^^^^^^^^^^^^^^^^^^
OSError: [WinError 4551] 애플리케이션 제어 정책에서 이 파일을 차단했습니다

======================================================================
ERROR: test_production_gatt_lifecycle (test_r12_ble_gatt.BleGattTests.test_production_gatt_lifecycle) (scenario='server_copy')
! @brief PE-COFF 기본 weak 정의를 먼저 링크하고 GATT 구현의 대체를 검증합니다.
----------------------------------------------------------------------
Traceback (most recent call last):
  File "C:\Users\eidos\GitHub\NU54DK_Arduino_Core\tests\host\test_r12_ble_gatt.py", line 43, in test_production_gatt_lifecycle
    result = subprocess.run([str(binary), scenario], capture_output=True, timeout=10)
             ^^^^^^^^^^^^^^^^^^^^^^^^^^^^^^^^^^^^^^^^^^^^^^^^^^^^^^^^^^^^^^^^^^^^^^^^
  File "C:\NU54DEV\tools\python-3.12.10\Lib\subprocess.py", line 548, in run
    with Popen(*popenargs, **kwargs) as process:
         ^^^^^^^^^^^^^^^^^^^^^^^^^^^
  File "C:\NU54DEV\tools\python-3.12.10\Lib\subprocess.py", line 1026, in __init__
    self._execute_child(args, executable, preexec_fn, close_fds,
  File "C:\NU54DEV\tools\python-3.12.10\Lib\subprocess.py", line 1538, in _execute_child
    hp, ht, pid, tid = _winapi.CreateProcess(executable, args,
                       ^^^^^^^^^^^^^^^^^^^^^^^^^^^^^^^^^^^^^^^
OSError: [WinError 4551] 애플리케이션 제어 정책에서 이 파일을 차단했습니다

======================================================================
ERROR: test_production_gatt_lifecycle (test_r12_ble_gatt.BleGattTests.test_production_gatt_lifecycle) (scenario='server_overflow')
! @brief PE-COFF 기본 weak 정의를 먼저 링크하고 GATT 구현의 대체를 검증합니다.
----------------------------------------------------------------------
Traceback (most recent call last):
  File "C:\Users\eidos\GitHub\NU54DK_Arduino_Core\tests\host\test_r12_ble_gatt.py", line 43, in test_production_gatt_lifecycle
    result = subprocess.run([str(binary), scenario], capture_output=True, timeout=10)
             ^^^^^^^^^^^^^^^^^^^^^^^^^^^^^^^^^^^^^^^^^^^^^^^^^^^^^^^^^^^^^^^^^^^^^^^^
  File "C:\NU54DEV\tools\python-3.12.10\Lib\subprocess.py", line 548, in run
    with Popen(*popenargs, **kwargs) as process:
         ^^^^^^^^^^^^^^^^^^^^^^^^^^^
  File "C:\NU54DEV\tools\python-3.12.10\Lib\subprocess.py", line 1026, in __init__
    self._execute_child(args, executable, preexec_fn, close_fds,
  File "C:\NU54DEV\tools\python-3.12.10\Lib\subprocess.py", line 1538, in _execute_child
    hp, ht, pid, tid = _winapi.CreateProcess(executable, args,
                       ^^^^^^^^^^^^^^^^^^^^^^^^^^^^^^^^^^^^^^^
OSError: [WinError 4551] 애플리케이션 제어 정책에서 이 파일을 차단했습니다

======================================================================
ERROR: test_production_gatt_lifecycle (test_r12_ble_gatt.BleGattTests.test_production_gatt_lifecycle) (scenario='server_reentrant')
! @brief PE-COFF 기본 weak 정의를 먼저 링크하고 GATT 구현의 대체를 검증합니다.
----------------------------------------------------------------------
Traceback (most recent call last):
  File "C:\Users\eidos\GitHub\NU54DK_Arduino_Core\tests\host\test_r12_ble_gatt.py", line 43, in test_production_gatt_lifecycle
    result = subprocess.run([str(binary), scenario], capture_output=True, timeout=10)
             ^^^^^^^^^^^^^^^^^^^^^^^^^^^^^^^^^^^^^^^^^^^^^^^^^^^^^^^^^^^^^^^^^^^^^^^^
  File "C:\NU54DEV\tools\python-3.12.10\Lib\subprocess.py", line 548, in run
    with Popen(*popenargs, **kwargs) as process:
         ^^^^^^^^^^^^^^^^^^^^^^^^^^^
  File "C:\NU54DEV\tools\python-3.12.10\Lib\subprocess.py", line 1026, in __init__
    self._execute_child(args, executable, preexec_fn, close_fds,
  File "C:\NU54DEV\tools\python-3.12.10\Lib\subprocess.py", line 1538, in _execute_child
    hp, ht, pid, tid = _winapi.CreateProcess(executable, args,
                       ^^^^^^^^^^^^^^^^^^^^^^^^^^^^^^^^^^^^^^^
OSError: [WinError 4551] 애플리케이션 제어 정책에서 이 파일을 차단했습니다

======================================================================
ERROR: test_production_gatt_lifecycle (test_r12_ble_gatt.BleGattTests.test_production_gatt_lifecycle) (scenario='notification')
! @brief PE-COFF 기본 weak 정의를 먼저 링크하고 GATT 구현의 대체를 검증합니다.
----------------------------------------------------------------------
Traceback (most recent call last):
  File "C:\Users\eidos\GitHub\NU54DK_Arduino_Core\tests\host\test_r12_ble_gatt.py", line 43, in test_production_gatt_lifecycle
    result = subprocess.run([str(binary), scenario], capture_output=True, timeout=10)
             ^^^^^^^^^^^^^^^^^^^^^^^^^^^^^^^^^^^^^^^^^^^^^^^^^^^^^^^^^^^^^^^^^^^^^^^^
  File "C:\NU54DEV\tools\python-3.12.10\Lib\subprocess.py", line 548, in run
    with Popen(*popenargs, **kwargs) as process:
         ^^^^^^^^^^^^^^^^^^^^^^^^^^^
  File "C:\NU54DEV\tools\python-3.12.10\Lib\subprocess.py", line 1026, in __init__
    self._execute_child(args, executable, preexec_fn, close_fds,
  File "C:\NU54DEV\tools\python-3.12.10\Lib\subprocess.py", line 1538, in _execute_child
    hp, ht, pid, tid = _winapi.CreateProcess(executable, args,
                       ^^^^^^^^^^^^^^^^^^^^^^^^^^^^^^^^^^^^^^^
OSError: [WinError 4551] 애플리케이션 제어 정책에서 이 파일을 차단했습니다

======================================================================
ERROR: test_production_gatt_lifecycle (test_r12_ble_gatt.BleGattTests.test_production_gatt_lifecycle) (scenario='indication')
! @brief PE-COFF 기본 weak 정의를 먼저 링크하고 GATT 구현의 대체를 검증합니다.
----------------------------------------------------------------------
Traceback (most recent call last):
  File "C:\Users\eidos\GitHub\NU54DK_Arduino_Core\tests\host\test_r12_ble_gatt.py", line 43, in test_production_gatt_lifecycle
    result = subprocess.run([str(binary), scenario], capture_output=True, timeout=10)
             ^^^^^^^^^^^^^^^^^^^^^^^^^^^^^^^^^^^^^^^^^^^^^^^^^^^^^^^^^^^^^^^^^^^^^^^^
  File "C:\NU54DEV\tools\python-3.12.10\Lib\subprocess.py", line 548, in run
    with Popen(*popenargs, **kwargs) as process:
         ^^^^^^^^^^^^^^^^^^^^^^^^^^^
  File "C:\NU54DEV\tools\python-3.12.10\Lib\subprocess.py", line 1026, in __init__
    self._execute_child(args, executable, preexec_fn, close_fds,
  File "C:\NU54DEV\tools\python-3.12.10\Lib\subprocess.py", line 1538, in _execute_child
    hp, ht, pid, tid = _winapi.CreateProcess(executable, args,
                       ^^^^^^^^^^^^^^^^^^^^^^^^^^^^^^^^^^^^^^^
OSError: [WinError 4551] 애플리케이션 제어 정책에서 이 파일을 차단했습니다

======================================================================
ERROR: test_production_gatt_lifecycle (test_r12_ble_gatt.BleGattTests.test_production_gatt_lifecycle) (scenario='discovery_failure')
! @brief PE-COFF 기본 weak 정의를 먼저 링크하고 GATT 구현의 대체를 검증합니다.
----------------------------------------------------------------------
Traceback (most recent call last):
  File "C:\Users\eidos\GitHub\NU54DK_Arduino_Core\tests\host\test_r12_ble_gatt.py", line 43, in test_production_gatt_lifecycle
    result = subprocess.run([str(binary), scenario], capture_output=True, timeout=10)
             ^^^^^^^^^^^^^^^^^^^^^^^^^^^^^^^^^^^^^^^^^^^^^^^^^^^^^^^^^^^^^^^^^^^^^^^^
  File "C:\NU54DEV\tools\python-3.12.10\Lib\subprocess.py", line 548, in run
    with Popen(*popenargs, **kwargs) as process:
         ^^^^^^^^^^^^^^^^^^^^^^^^^^^
  File "C:\NU54DEV\tools\python-3.12.10\Lib\subprocess.py", line 1026, in __init__
    self._execute_child(args, executable, preexec_fn, close_fds,
  File "C:\NU54DEV\tools\python-3.12.10\Lib\subprocess.py", line 1538, in _execute_child
    hp, ht, pid, tid = _winapi.CreateProcess(executable, args,
                       ^^^^^^^^^^^^^^^^^^^^^^^^^^^^^^^^^^^^^^^
OSError: [WinError 4551] 애플리케이션 제어 정책에서 이 파일을 차단했습니다

======================================================================
ERROR: test_production_gatt_lifecycle (test_r12_ble_gatt.BleGattTests.test_production_gatt_lifecycle) (scenario='client_io')
! @brief PE-COFF 기본 weak 정의를 먼저 링크하고 GATT 구현의 대체를 검증합니다.
----------------------------------------------------------------------
Traceback (most recent call last):
  File "C:\Users\eidos\GitHub\NU54DK_Arduino_Core\tests\host\test_r12_ble_gatt.py", line 43, in test_production_gatt_lifecycle
    result = subprocess.run([str(binary), scenario], capture_output=True, timeout=10)
             ^^^^^^^^^^^^^^^^^^^^^^^^^^^^^^^^^^^^^^^^^^^^^^^^^^^^^^^^^^^^^^^^^^^^^^^^
  File "C:\NU54DEV\tools\python-3.12.10\Lib\subprocess.py", line 548, in run
    with Popen(*popenargs, **kwargs) as process:
         ^^^^^^^^^^^^^^^^^^^^^^^^^^^
  File "C:\NU54DEV\tools\python-3.12.10\Lib\subprocess.py", line 1026, in __init__
    self._execute_child(args, executable, preexec_fn, close_fds,
  File "C:\NU54DEV\tools\python-3.12.10\Lib\subprocess.py", line 1538, in _execute_child
    hp, ht, pid, tid = _winapi.CreateProcess(executable, args,
                       ^^^^^^^^^^^^^^^^^^^^^^^^^^^^^^^^^^^^^^^
OSError: [WinError 4551] 애플리케이션 제어 정책에서 이 파일을 차단했습니다

======================================================================
ERROR: test_production_gatt_lifecycle (test_r12_ble_gatt.BleGattTests.test_production_gatt_lifecycle) (scenario='client_late')
! @brief PE-COFF 기본 weak 정의를 먼저 링크하고 GATT 구현의 대체를 검증합니다.
----------------------------------------------------------------------
Traceback (most recent call last):
  File "C:\Users\eidos\GitHub\NU54DK_Arduino_Core\tests\host\test_r12_ble_gatt.py", line 43, in test_production_gatt_lifecycle
    result = subprocess.run([str(binary), scenario], capture_output=True, timeout=10)
             ^^^^^^^^^^^^^^^^^^^^^^^^^^^^^^^^^^^^^^^^^^^^^^^^^^^^^^^^^^^^^^^^^^^^^^^^
  File "C:\NU54DEV\tools\python-3.12.10\Lib\subprocess.py", line 548, in run
    with Popen(*popenargs, **kwargs) as process:
         ^^^^^^^^^^^^^^^^^^^^^^^^^^^
  File "C:\NU54DEV\tools\python-3.12.10\Lib\subprocess.py", line 1026, in __init__
    self._execute_child(args, executable, preexec_fn, close_fds,
  File "C:\NU54DEV\tools\python-3.12.10\Lib\subprocess.py", line 1538, in _execute_child
    hp, ht, pid, tid = _winapi.CreateProcess(executable, args,
                       ^^^^^^^^^^^^^^^^^^^^^^^^^^^^^^^^^^^^^^^
OSError: [WinError 4551] 애플리케이션 제어 정책에서 이 파일을 차단했습니다

======================================================================
ERROR: test_production_gatt_lifecycle (test_r12_ble_gatt.BleGattTests.test_production_gatt_lifecycle) (scenario='subscription')
! @brief PE-COFF 기본 weak 정의를 먼저 링크하고 GATT 구현의 대체를 검증합니다.
----------------------------------------------------------------------
Traceback (most recent call last):
  File "C:\Users\eidos\GitHub\NU54DK_Arduino_Core\tests\host\test_r12_ble_gatt.py", line 43, in test_production_gatt_lifecycle
    result = subprocess.run([str(binary), scenario], capture_output=True, timeout=10)
             ^^^^^^^^^^^^^^^^^^^^^^^^^^^^^^^^^^^^^^^^^^^^^^^^^^^^^^^^^^^^^^^^^^^^^^^^
  File "C:\NU54DEV\tools\python-3.12.10\Lib\subprocess.py", line 548, in run
    with Popen(*popenargs, **kwargs) as process:
         ^^^^^^^^^^^^^^^^^^^^^^^^^^^
  File "C:\NU54DEV\tools\python-3.12.10\Lib\subprocess.py", line 1026, in __init__
    self._execute_child(args, executable, preexec_fn, close_fds,
  File "C:\NU54DEV\tools\python-3.12.10\Lib\subprocess.py", line 1538, in _execute_child
    hp, ht, pid, tid = _winapi.CreateProcess(executable, args,
                       ^^^^^^^^^^^^^^^^^^^^^^^^^^^^^^^^^^^^^^^
OSError: [WinError 4551] 애플리케이션 제어 정책에서 이 파일을 차단했습니다

======================================================================
ERROR: test_production_gatt_lifecycle (test_r12_ble_gatt.BleGattTests.test_production_gatt_lifecycle) (scenario='att_failure')
! @brief PE-COFF 기본 weak 정의를 먼저 링크하고 GATT 구현의 대체를 검증합니다.
----------------------------------------------------------------------
Traceback (most recent call last):
  File "C:\Users\eidos\GitHub\NU54DK_Arduino_Core\tests\host\test_r12_ble_gatt.py", line 43, in test_production_gatt_lifecycle
    result = subprocess.run([str(binary), scenario], capture_output=True, timeout=10)
             ^^^^^^^^^^^^^^^^^^^^^^^^^^^^^^^^^^^^^^^^^^^^^^^^^^^^^^^^^^^^^^^^^^^^^^^^
  File "C:\NU54DEV\tools\python-3.12.10\Lib\subprocess.py", line 548, in run
    with Popen(*popenargs, **kwargs) as process:
         ^^^^^^^^^^^^^^^^^^^^^^^^^^^
  File "C:\NU54DEV\tools\python-3.12.10\Lib\subprocess.py", line 1026, in __init__
    self._execute_child(args, executable, preexec_fn, close_fds,
  File "C:\NU54DEV\tools\python-3.12.10\Lib\subprocess.py", line 1538, in _execute_child
    hp, ht, pid, tid = _winapi.CreateProcess(executable, args,
                       ^^^^^^^^^^^^^^^^^^^^^^^^^^^^^^^^^^^^^^^
OSError: [WinError 4551] 애플리케이션 제어 정책에서 이 파일을 차단했습니다

----------------------------------------------------------------------
Ran 3 tests in 23.639s

FAILED (errors=21)
