{
  "schema_version": 1,
  "type": "v04-pair-external-fixture",
  "status": "preflight",
  "fixture_id": 202,
  "fixture_revision": 2,
  "catalog_sha256": "50ad2ee57f26ac65cc9b88a0197c9064131fbffd5e060aea2a648e5f72ffd8e3",
  "core_revision": "1349e208073d0fd7d3b020a5e9facf771b371237",
  "board_revision": "fe65f2f0880bd05b32e562d9bf1ee59142b4f4d3",
  "scope": "uart-async-and-serial-sync-async-single-double-buffer",
  "swd_frequency_hz": 10000000,
  "external_wiring_executed": false,
  "campaign": {
    "repetitions": 1,
    "duration_seconds": 0,
    "progress_interval_seconds": 5,
    "interrupted_duration_reused": false
  },
  "devices": [
    {
      "role": 1,
      "uid_sha256": "32f71533ff6ba27fd38ed32a17bf6d80a90d4f4980221051ed5c5a2e7fdb63a9",
      "hex_sha256": "462e9c21f1c7d6f188cdc97901f5138c8e715d7c4a592741a3c8ade2f5100f2a",
      "elf_sha256": "fb8ce08bb520c3e69950d4ae7040fba8e2a38153914a9586ae547fe3ab943b85",
      "record_sha256": "afd0f41fb65ac194494cca56bfb3b2d356f7bba06a69c8920960370f307e250c"
    },
    {
      "role": 2,
      "uid_sha256": "4574ee31f25fe05f154395ea4d8c6aa0583b04a4f7a0ea97fe3d13b05eea8ca0",
      "hex_sha256": "933f67ce1ee02183b83dfecf9806ce5c9bc8e173c983042d5de71832724c526a",
      "elf_sha256": "7357b97f040c1a3007aa83b796092a1148eb5e882ec2ccc2b1d4f31fdf0d55bc",
      "record_sha256": "afd0f41fb65ac194494cca56bfb3b2d356f7bba06a69c8920960370f307e250c"
    }
  ],
  "results": [],
  "fixture": {
    "id": 202,
    "family": "spi",
    "banks": [
      0,
      1
    ],
    "instances": [
      [
        30
      ],
      [
        20,
        21,
        22
      ]
    ],
    "links": [
      {
        "dut": [
          "P2",
          25,
          "P0.0"
        ],
        "peer": [
          "P2",
          12,
          "P1.4"
        ],
        "signal": "SCK"
      },
      {
        "dut": [
          "P2",
          26,
          "P0.1"
        ],
        "peer": [
          "P2",
          11,
          "P1.5"
        ],
        "signal": "MOSI"
      },
      {
        "dut": [
          "P4",
          4,
          "P0.2"
        ],
        "peer": [
          "P2",
          10,
          "P1.6"
        ],
        "signal": "MISO"
      },
      {
        "dut": [
          "P4",
          5,
          "P0.3"
        ],
        "peer": [
          "P2",
          9,
          "P1.7"
        ],
        "signal": "CSN"
      },
      {
        "dut": [
          "P2",
          30,
          "GND"
        ],
        "peer": [
          "P2",
          30,
          "GND"
        ],
        "signal": "GND"
      }
    ],
    "notes": "양쪽 모두 유연 경로. controller/peripheral 역할을 바꿔도 MOSI↔MOSI, MISO↔MISO 연결 유지.",
    "pullups": []
  },
  "confirmation_template": {
    "fixture_id": 202,
    "fixture_revision": 2,
    "catalog_sha256": "50ad2ee57f26ac65cc9b88a0197c9064131fbffd5e060aea2a648e5f72ffd8e3",
    "core_revision": "1349e208073d0fd7d3b020a5e9facf771b371237",
    "board_revision": "fe65f2f0880bd05b32e562d9bf1ee59142b4f4d3",
    "uid_sha256": [
      "32f71533ff6ba27fd38ed32a17bf6d80a90d4f4980221051ed5c5a2e7fdb63a9",
      "4574ee31f25fe05f154395ea4d8c6aa0583b04a4f7a0ea97fe3d13b05eea8ca0"
    ],
    "hex_sha256": [
      "462e9c21f1c7d6f188cdc97901f5138c8e715d7c4a592741a3c8ade2f5100f2a",
      "933f67ce1ee02183b83dfecf9806ce5c9bc8e173c983042d5de71832724c526a"
    ],
    "dap_uart_disconnected_both": false,
    "swd_connected_both": false,
    "power_rails_not_joined": false,
    "equal_io_voltage_confirmed": false,
    "common_ground_confirmed": false,
    "links_match_catalog": false,
    "pullups_match_catalog": false,
    "extra_outputs_disconnected": false,
    "confirmed_at_unix": 0,
    "confirmed_by": ""
  }
}
V04_FIXTURE_PREFLIGHT_ONLY; no probe access, flash, reset or external output
