INFO    - Using Ninja..
INFO    - Zephyr version: ncs-v3.4.0
INFO    - Using 'zephyr/gnu' toolchain variant.
INFO    - Building initial testsuite list...
INFO    - Built testsuite list in 0.00 seconds
INFO    - Writing JSON report C:\pwm04\testplan.json
INFO    - Adding tasks to the queue...
INFO    - Added initial list of jobs to queue
ERROR   - nrf54l15dk/nrf54l15/cpuapp/nu54dk nucode.v04.pair_peer                       [31mERROR[39m: Build failure
ERROR   - see: [33mC:\pwm04\nrf54l15dk_nrf54l15_cpuapp_nu54dk\zephyr_gnu\nucode.v04.pair_peer\build.log[39m
INFO    - Total complete: [32m   1/   2[39m  50%  built (not run): [36m   0[39m, filtered: [39m   0[39m, failed: [39m   0[39m, error: [31m   1[39m
INFO    - Total complete: [32m   2/   2[39m  100%  built (not run): [36m   1[39m, filtered: [39m   0[39m, failed: [39m   0[39m, error: [31m   1[39m

INFO    - 2 test scenarios (2 configurations) selected, 0 configurations filtered (0 by static filter, 0 at runtime).
INFO    - 0 of 2 executed test configurations passed (0.00%), 1 built (not run), 0 failed, 1 errored, with no warnings in 89.71 seconds.
INFO    - 0 test configurations executed on platforms, 2 test configurations were only built.
INFO    - Saving reports...
INFO    - Writing JSON report C:\pwm04\twister.json
INFO    - Writing xunit report C:\pwm04\twister.xml...
INFO    - Writing xunit report C:\pwm04\twister_report.xml...
INFO    - -+-+-+-+-+-+-+-+-+-+-+-+-+-+-+-+-+-+-+-+-+-+-+-+-+-+-+-+-+-+-+-+-+-+-+-+-+-+-+-+
INFO    - The following issues were found (showing the top 10 items):
INFO    - 1) nucode.v04.pair_peer on nrf54l15dk/nrf54l15/cpuapp/nu54dk error (Build failure - error: 'this' pointer is null [-Werror=nonnull])
INFO    - 
INFO    - To rerun the tests, call twister using the following commandline:
INFO    - west twister -p <PLATFORM> -s <TEST ID> --detailed-test-id, for example:
INFO    - 
INFO    - west twister -p nrf54l15dk/nrf54l15/cpuapp/nu54dk -s nucode.v04.pair_peer --detailed-test-id
INFO    - or with west:
INFO    - west build -p -b nrf54l15dk/nrf54l15/cpuapp/nu54dk ..\..\Users\eidos\GitHub\NU54DK_Arduino_Core\tests\zephyr\v04_pair_hil -T nucode.v04.pair_peer
INFO    - -+-+-+-+-+-+-+-+-+-+-+-+-+-+-+-+-+-+-+-+-+-+-+-+-+-+-+-+-+-+-+-+-+-+-+-+-+-+-+-+
INFO    - Run completed
M12_ZEPHYR_BUILD_FAIL: Twister가 종료 코드 1로 실패했습니다. 실패 위치: nucode.v04.pair_peer: error (Build failure - error: 'this' pointer is null [-Werror=nonnull])
[M12-ZEPHYR] exec: C:\ncs\toolchains\dcbdc366a1\opt\bin\python.exe C:\ncs\v3.4.0\zephyr\scripts\twister --testsuite-root C:\Users\eidos\GitHub\NU54DK_Arduino_Core\tests\zephyr\v04_pair_hil --testsuite-root C:\Users\eidos\GitHub\NU54DK_Arduino_Core\tests\zephyr\v04_pair_hil --platform nrf54l15dk/nrf54l15/cpuapp/nu54dk --board-root C:\Users\eidos\GitHub\NU54DK_Arduino_Core\board_package\NU54DK_Zephyr_DTS\boards --build-only --ninja --detailed-test-id --jobs 2 --outdir C:\pwm04 --extra-args BOARD_ROOT=C:/Users/eidos/GitHub/NU54DK_Arduino_Core/board_package/NU54DK_Zephyr_DTS --extra-args EXTRA_ZEPHYR_MODULES=C:/Users/eidos/GitHub/NU54DK_Arduino_Core --extra-args USE_CCACHE=0 --scenario nucode.v04.pair_dut --scenario nucode.v04.pair_peer
