{
  "schema_version": 1,
  "type": "v04-pair-external-fixture",
  "status": "preflight",
  "fixture_id": 203,
  "fixture_revision": 2,
  "catalog_sha256": "50ad2ee57f26ac65cc9b88a0197c9064131fbffd5e060aea2a648e5f72ffd8e3",
  "core_revision": "be4920757fd9faf2ea38721d2aa374246a259f29",
  "board_revision": "fe65f2f0880bd05b32e562d9bf1ee59142b4f4d3",
  "scope": "uart-async-and-serial-sync-async-single-double-buffer",
  "swd_frequency_hz": 10000000,
  "external_wiring_executed": false,
  "campaign": {
    "repetitions": 1,
    "duration_seconds": 0,
    "progress_interval_seconds": 5,
    "interrupted_duration_reused": false
  },
  "devices": [
    {
      "role": 1,
      "uid_sha256": "32f71533ff6ba27fd38ed32a17bf6d80a90d4f4980221051ed5c5a2e7fdb63a9",
      "hex_sha256": "771b2f167cc01d8ef38ccfd43af0d45c41fc1956fcebef4e3ca83c7db12e1209",
      "elf_sha256": "bba74a6d67b59a946f61e627250168a0c435e76cdd49a9f8bc63e542728636be",
      "record_sha256": "33282154b7d6eb77779c28a39eba7d377c0a3023f705faee0e846181160a7ff6"
    },
    {
      "role": 2,
      "uid_sha256": "4574ee31f25fe05f154395ea4d8c6aa0583b04a4f7a0ea97fe3d13b05eea8ca0",
      "hex_sha256": "ada36a3b6a002c776a93a4a8738cd377ce0eafb43102a93cdd1dab4cb9774bef",
      "elf_sha256": "fb73cbb0a652d295ed1a000414a99220abfae407f770f0d14906d37885baf3a7",
      "record_sha256": "33282154b7d6eb77779c28a39eba7d377c0a3023f705faee0e846181160a7ff6"
    }
  ],
  "results": [],
  "fixture": {
    "id": 203,
    "family": "spi",
    "banks": [
      1,
      1
    ],
    "instances": [
      [
        20,
        21,
        22
      ],
      [
        20,
        21,
        22
      ]
    ],
    "links": [
      {
        "dut": [
          "P2",
          12,
          "P1.4"
        ],
        "peer": [
          "P2",
          12,
          "P1.4"
        ],
        "signal": "SCK"
      },
      {
        "dut": [
          "P2",
          11,
          "P1.5"
        ],
        "peer": [
          "P2",
          11,
          "P1.5"
        ],
        "signal": "MOSI"
      },
      {
        "dut": [
          "P2",
          10,
          "P1.6"
        ],
        "peer": [
          "P2",
          10,
          "P1.6"
        ],
        "signal": "MISO"
      },
      {
        "dut": [
          "P2",
          9,
          "P1.7"
        ],
        "peer": [
          "P2",
          9,
          "P1.7"
        ],
        "signal": "CSN"
      },
      {
        "dut": [
          "P2",
          30,
          "GND"
        ],
        "peer": [
          "P2",
          30,
          "GND"
        ],
        "signal": "GND"
      }
    ],
    "notes": "DAP 4개 신호를 모두 격리. P1.11/12 PMIC·VBAT 신호는 사용하지 않음.",
    "pullups": []
  },
  "confirmation_template": {
    "fixture_id": 203,
    "fixture_revision": 2,
    "catalog_sha256": "50ad2ee57f26ac65cc9b88a0197c9064131fbffd5e060aea2a648e5f72ffd8e3",
    "core_revision": "be4920757fd9faf2ea38721d2aa374246a259f29",
    "board_revision": "fe65f2f0880bd05b32e562d9bf1ee59142b4f4d3",
    "uid_sha256": [
      "32f71533ff6ba27fd38ed32a17bf6d80a90d4f4980221051ed5c5a2e7fdb63a9",
      "4574ee31f25fe05f154395ea4d8c6aa0583b04a4f7a0ea97fe3d13b05eea8ca0"
    ],
    "hex_sha256": [
      "771b2f167cc01d8ef38ccfd43af0d45c41fc1956fcebef4e3ca83c7db12e1209",
      "ada36a3b6a002c776a93a4a8738cd377ce0eafb43102a93cdd1dab4cb9774bef"
    ],
    "dap_uart_disconnected_both": false,
    "swd_connected_both": false,
    "power_rails_not_joined": false,
    "equal_io_voltage_confirmed": false,
    "common_ground_confirmed": false,
    "links_match_catalog": false,
    "pullups_match_catalog": false,
    "extra_outputs_disconnected": false,
    "confirmed_at_unix": 0,
    "confirmed_by": ""
  }
}
V04_FIXTURE_PREFLIGHT_ONLY; no probe access, flash, reset or external output
