{
  "schema_version": 1,
  "type": "v04-pair-external-fixture",
  "status": "preflight",
  "fixture_id": 101,
  "fixture_revision": 2,
  "catalog_sha256": "50ad2ee57f26ac65cc9b88a0197c9064131fbffd5e060aea2a648e5f72ffd8e3",
  "core_revision": "154324ce7a865522374066ca957ebc98909c7c19",
  "board_revision": "fe65f2f0880bd05b32e562d9bf1ee59142b4f4d3",
  "scope": "uart-async-and-serial-sync-async-single-double-buffer",
  "swd_frequency_hz": 10000000,
  "external_wiring_executed": false,
  "campaign": {
    "repetitions": 1,
    "duration_seconds": 0,
    "progress_interval_seconds": 5,
    "interrupted_duration_reused": false
  },
  "devices": [
    {
      "role": 1,
      "uid_sha256": "32f71533ff6ba27fd38ed32a17bf6d80a90d4f4980221051ed5c5a2e7fdb63a9",
      "hex_sha256": "19c54019b7d5443ed13920ad5d181ba5bad7973131a99cf81c3d5ea81613dd7b",
      "elf_sha256": "68b2e6ae511e7886480e72287d7aed89a60045e75e08d4250f55136476b481db",
      "record_sha256": "3525bc285c24c57e92c679e1fb0d83be698412bad8f2ce311c575d0d7c3c0c84"
    },
    {
      "role": 2,
      "uid_sha256": "4574ee31f25fe05f154395ea4d8c6aa0583b04a4f7a0ea97fe3d13b05eea8ca0",
      "hex_sha256": "0801e040c8f1a905aaa5d85eca6e7f0b08cff8ca35d3a310b9866555dfae782c",
      "elf_sha256": "2fe72dbdf3fc618373b1c6d099be528da163f983ba4b4f140fe6db4a7ae5ef03",
      "record_sha256": "3525bc285c24c57e92c679e1fb0d83be698412bad8f2ce311c575d0d7c3c0c84"
    }
  ],
  "results": [],
  "fixture": {
    "id": 101,
    "family": "uarte",
    "banks": [
      2,
      1
    ],
    "instances": [
      [
        0,
        20
      ],
      [
        20,
        21,
        22
      ]
    ],
    "links": [
      {
        "dut": [
          "P4",
          21,
          "P2.2"
        ],
        "peer": [
          "P2",
          11,
          "P1.5"
        ],
        "signal": "DUT TXD -> peer RXD"
      },
      {
        "dut": [
          "P4",
          19,
          "P2.0"
        ],
        "peer": [
          "P2",
          12,
          "P1.4"
        ],
        "signal": "DUT RXD <- peer TXD"
      },
      {
        "dut": [
          "P2",
          19,
          "P2.5"
        ],
        "peer": [
          "P2",
          9,
          "P1.7"
        ],
        "signal": "DUT RTS -> peer CTS"
      },
      {
        "dut": [
          "P2",
          17,
          "P2.4"
        ],
        "peer": [
          "P2",
          10,
          "P1.6"
        ],
        "signal": "DUT CTS <- peer RTS"
      },
      {
        "dut": [
          "P2",
          30,
          "GND"
        ],
        "peer": [
          "P2",
          30,
          "GND"
        ],
        "signal": "GND"
      }
    ],
    "notes": "UART는 TXD-RXD와 RTS-CTS를 교차 연결합니다. flow control off vector에서는 RTS/CTS 선을 펌웨어가 구동하지 않습니다.",
    "pullups": []
  },
  "confirmation_template": {
    "fixture_id": 101,
    "fixture_revision": 2,
    "catalog_sha256": "50ad2ee57f26ac65cc9b88a0197c9064131fbffd5e060aea2a648e5f72ffd8e3",
    "core_revision": "154324ce7a865522374066ca957ebc98909c7c19",
    "board_revision": "fe65f2f0880bd05b32e562d9bf1ee59142b4f4d3",
    "uid_sha256": [
      "32f71533ff6ba27fd38ed32a17bf6d80a90d4f4980221051ed5c5a2e7fdb63a9",
      "4574ee31f25fe05f154395ea4d8c6aa0583b04a4f7a0ea97fe3d13b05eea8ca0"
    ],
    "hex_sha256": [
      "19c54019b7d5443ed13920ad5d181ba5bad7973131a99cf81c3d5ea81613dd7b",
      "0801e040c8f1a905aaa5d85eca6e7f0b08cff8ca35d3a310b9866555dfae782c"
    ],
    "dap_uart_disconnected_both": false,
    "swd_connected_both": false,
    "power_rails_not_joined": false,
    "equal_io_voltage_confirmed": false,
    "common_ground_confirmed": false,
    "links_match_catalog": false,
    "pullups_match_catalog": false,
    "extra_outputs_disconnected": false,
    "confirmed_at_unix": 0,
    "confirmed_by": ""
  }
}
V04_FIXTURE_PREFLIGHT_ONLY; no probe access, flash, reset or external output
