{
  "schema_version": 1,
  "type": "v04-pair-synthetic-signal",
  "status": "preflight",
  "fixture_id": 405,
  "fixture_revision": 3,
  "catalog_sha256": "bc9e9bb259c7a097947a22751553879cf8b84c215d89dbd672ebf25eb37d882d",
  "core_revision": "9fc12bfbdafbb8a4450ed6cc61ca97b9c1efd220",
  "board_revision": "fe65f2f0880bd05b32e562d9bf1ee59142b4f4d3",
  "scope": "two-board-analog-pwm-event-pdm-i2s-qdec",
  "swd_frequency_hz": 10000000,
  "external_wiring_executed": false,
  "repetitions": 1,
  "campaign": {
    "repetitions": 1,
    "duration_seconds": 0,
    "progress_interval_seconds": 5,
    "interrupted_duration_reused": false
  },
  "devices": [
    {
      "role": 1,
      "uid_sha256": "32f71533ff6ba27fd38ed32a17bf6d80a90d4f4980221051ed5c5a2e7fdb63a9",
      "hex_sha256": "14ab4d8410426113c4244161082f64a00e3061be89f735203e1f61e9bbf19ee7",
      "elf_sha256": "c0e25441d32264fd8718d05355afe7cb14c3ec9b219aef446224dd7075c73018",
      "record_sha256": "f0f483c4aec455390e0c84f8af9499647b1492c140670626d27edf71cd8d5a06"
    },
    {
      "role": 2,
      "uid_sha256": "4574ee31f25fe05f154395ea4d8c6aa0583b04a4f7a0ea97fe3d13b05eea8ca0",
      "hex_sha256": "484988cb1a323e90d8d476f5ac130dd08f8508f02a0a03d9f0c9e42c55b612b7",
      "elf_sha256": "40815116db22d70e278d5828188d90bd1abd03c02070f21edc203869baf07d09",
      "record_sha256": "f0f483c4aec455390e0c84f8af9499647b1492c140670626d27edf71cd8d5a06"
    }
  ],
  "results": [],
  "fixture": {
    "id": 405,
    "family": "analog",
    "banks": [
      1,
      1
    ],
    "instances": [
      [],
      []
    ],
    "links": [
      {
        "dut": [
          "P4",
          9,
          "P1.11"
        ],
        "peer": [
          "P4",
          12,
          "P1.14"
        ],
        "signal": "peer open-drain LOW/release -> DUT SAADC AIN4"
      },
      {
        "dut": [
          "P2",
          30,
          "GND"
        ],
        "peer": [
          "P2",
          30,
          "GND"
        ],
        "signal": "GND"
      }
    ],
    "notes": "P1.11/AIN4는 SB1을 통해 PMIC_INT/BQ25186 /INT와 공유합니다(원본 회로도 1·3쪽). B P1.14만 S0D1 LOW/해제로 구동하며 강한 HIGH/PWM 출력은 금지합니다. SB1 및 PMIC 설정 변경 없음. controller_role=2, 32/256 sample·single/double buffer마다 LOW→해제→LOW 12 vector. 406·407은 별도 준비·결선 확인 후 수행 대상입니다.",
    "pullups": [
      "B P1.14 내부 pull-up 사용. SB1 연결 시 보드 R3 10kΩ/VDD_MOD와 병렬. 외부 저항 없음. 실제 SB1 개폐와 무관하게 해제 시 HIGH가 관측되어야 PASS."
    ]
  },
  "confirmation_template": {
    "fixture_id": 405,
    "fixture_revision": 3,
    "catalog_sha256": "bc9e9bb259c7a097947a22751553879cf8b84c215d89dbd672ebf25eb37d882d",
    "core_revision": "9fc12bfbdafbb8a4450ed6cc61ca97b9c1efd220",
    "board_revision": "fe65f2f0880bd05b32e562d9bf1ee59142b4f4d3",
    "uid_sha256": [
      "32f71533ff6ba27fd38ed32a17bf6d80a90d4f4980221051ed5c5a2e7fdb63a9",
      "4574ee31f25fe05f154395ea4d8c6aa0583b04a4f7a0ea97fe3d13b05eea8ca0"
    ],
    "hex_sha256": [
      "14ab4d8410426113c4244161082f64a00e3061be89f735203e1f61e9bbf19ee7",
      "484988cb1a323e90d8d476f5ac130dd08f8508f02a0a03d9f0c9e42c55b612b7"
    ],
    "dap_uart_disconnected_both": false,
    "swd_connected_both": false,
    "power_rails_not_joined": false,
    "equal_io_voltage_confirmed": false,
    "common_ground_confirmed": false,
    "links_match_catalog": false,
    "pullups_match_catalog": false,
    "extra_outputs_disconnected": false,
    "confirmed_at_unix": 0,
    "confirmed_by": ""
  }
}
V04_SIGNAL_PREFLIGHT_ONLY; no probe access, flash, reset or external output
