{
  "schema_version": 1,
  "type": "v04-pair-external-fixture",
  "status": "preflight",
  "fixture_id": 201,
  "fixture_revision": 2,
  "catalog_sha256": "50ad2ee57f26ac65cc9b88a0197c9064131fbffd5e060aea2a648e5f72ffd8e3",
  "core_revision": "0f429e7ab9b5b8e24f4ff19e47abe60014975547",
  "board_revision": "fe65f2f0880bd05b32e562d9bf1ee59142b4f4d3",
  "scope": "uart-async-and-serial-sync-async-single-double-buffer",
  "swd_frequency_hz": 10000000,
  "external_wiring_executed": false,
  "campaign": {
    "repetitions": 1,
    "duration_seconds": 0,
    "progress_interval_seconds": 5,
    "interrupted_duration_reused": false
  },
  "devices": [
    {
      "role": 1,
      "uid_sha256": "32f71533ff6ba27fd38ed32a17bf6d80a90d4f4980221051ed5c5a2e7fdb63a9",
      "hex_sha256": "3c3534e6fe489e2fe343aa80d1a96afd0e954f2c5f6a0e5c3365f8e9255ca624",
      "elf_sha256": "eb6800d667a8b634b7bd44317ddde740968188cfcdc610ae040e40c079a94227",
      "record_sha256": "0afa002b2694e63209b1c58cc79257fb3037b5bceae12a3299c243eb274c06c6"
    },
    {
      "role": 2,
      "uid_sha256": "4574ee31f25fe05f154395ea4d8c6aa0583b04a4f7a0ea97fe3d13b05eea8ca0",
      "hex_sha256": "3b74dcb84714d8fc5d755b3d70f87cefa8943b59479ef8a17dbe351729a42c9a",
      "elf_sha256": "3338203e18ea4faf7c91b6411ea4c56ae4d16b68e6533ba00a102f1c376d2e5c",
      "record_sha256": "0afa002b2694e63209b1c58cc79257fb3037b5bceae12a3299c243eb274c06c6"
    }
  ],
  "results": [],
  "fixture": {
    "id": 201,
    "family": "spi",
    "banks": [
      2,
      1
    ],
    "instances": [
      [
        0,
        20
      ],
      [
        20,
        21,
        22
      ]
    ],
    "links": [
      {
        "dut": [
          "P4",
          20,
          "P2.1"
        ],
        "peer": [
          "P2",
          12,
          "P1.4"
        ],
        "signal": "SCK"
      },
      {
        "dut": [
          "P4",
          21,
          "P2.2"
        ],
        "peer": [
          "P2",
          11,
          "P1.5"
        ],
        "signal": "DUT MOSI / DUT SPIS MISO"
      },
      {
        "dut": [
          "P2",
          17,
          "P2.4"
        ],
        "peer": [
          "P2",
          10,
          "P1.6"
        ],
        "signal": "DUT MISO / DUT SPIS MOSI"
      },
      {
        "dut": [
          "P2",
          19,
          "P2.5"
        ],
        "peer": [
          "P2",
          9,
          "P1.7"
        ],
        "signal": "CSN"
      },
      {
        "dut": [
          "P2",
          30,
          "GND"
        ],
        "peer": [
          "P2",
          30,
          "GND"
        ],
        "signal": "GND"
      }
    ],
    "notes": "DUT가 SPIS로 바뀌면 P2 전용 MISO/MOSI가 교대하므로 peer P1의 MOSI/MISO를 펌웨어가 함께 교대. SCK/CSN 출력은 controller 한 대뿐.",
    "pullups": []
  },
  "confirmation_template": {
    "fixture_id": 201,
    "fixture_revision": 2,
    "catalog_sha256": "50ad2ee57f26ac65cc9b88a0197c9064131fbffd5e060aea2a648e5f72ffd8e3",
    "core_revision": "0f429e7ab9b5b8e24f4ff19e47abe60014975547",
    "board_revision": "fe65f2f0880bd05b32e562d9bf1ee59142b4f4d3",
    "uid_sha256": [
      "32f71533ff6ba27fd38ed32a17bf6d80a90d4f4980221051ed5c5a2e7fdb63a9",
      "4574ee31f25fe05f154395ea4d8c6aa0583b04a4f7a0ea97fe3d13b05eea8ca0"
    ],
    "hex_sha256": [
      "3c3534e6fe489e2fe343aa80d1a96afd0e954f2c5f6a0e5c3365f8e9255ca624",
      "3b74dcb84714d8fc5d755b3d70f87cefa8943b59479ef8a17dbe351729a42c9a"
    ],
    "dap_uart_disconnected_both": false,
    "swd_connected_both": false,
    "power_rails_not_joined": false,
    "equal_io_voltage_confirmed": false,
    "common_ground_confirmed": false,
    "links_match_catalog": false,
    "pullups_match_catalog": false,
    "extra_outputs_disconnected": false,
    "confirmed_at_unix": 0,
    "confirmed_by": ""
  }
}
V04_FIXTURE_PREFLIGHT_ONLY; no probe access, flash, reset or external output
