{
  "schema_version": 1,
  "type": "v04-pair-synthetic-signal",
  "status": "preflight",
  "fixture_id": 407,
  "fixture_revision": 5,
  "catalog_sha256": "e8db80525fcc9545ba6879453c22924d14123361c394702b147cdfec695aa511",
  "core_revision": "4a64c2562fdd5e9169faecf56b43043a0afec67c",
  "board_revision": "fe65f2f0880bd05b32e562d9bf1ee59142b4f4d3",
  "scope": "two-board-analog-pwm-event-pdm-i2s-qdec",
  "swd_frequency_hz": 10000000,
  "external_wiring_executed": false,
  "repetitions": 1,
  "campaign": {
    "repetitions": 1,
    "duration_seconds": 0,
    "progress_interval_seconds": 5,
    "interrupted_duration_reused": false
  },
  "devices": [
    {
      "role": 1,
      "uid_sha256": "32f71533ff6ba27fd38ed32a17bf6d80a90d4f4980221051ed5c5a2e7fdb63a9",
      "hex_sha256": "c3d9fe97d507bc0db669d32889cfb849762dae0ded5e9bdda11c995006a98b23",
      "elf_sha256": "1f46f1c55ce03e6c061508d653599a2a3940b137d7cd0145109c568dc6d63d3a",
      "record_sha256": "5071ed5614f5c07af7734865328c36bd5e5052180c47c4b87c8a75bdf7c8a4b4"
    },
    {
      "role": 2,
      "uid_sha256": "4574ee31f25fe05f154395ea4d8c6aa0583b04a4f7a0ea97fe3d13b05eea8ca0",
      "hex_sha256": "e2c2a51c801efe2354a91cc3f39b0732a79feb674539c80b0e9cfe5d761fa198",
      "elf_sha256": "ad600d976320a50cf4f4b2c4c4dd5515bc97fd98b4feb0eeae68dad2830b8a50",
      "record_sha256": "5071ed5614f5c07af7734865328c36bd5e5052180c47c4b87c8a75bdf7c8a4b4"
    }
  ],
  "results": [],
  "fixture": {
    "id": 407,
    "family": "analog",
    "banks": [
      1,
      1
    ],
    "instances": [
      [],
      []
    ],
    "links": [
      {
        "dut": [
          "P4",
          11,
          "P1.13"
        ],
        "peer": [
          "P4",
          12,
          "P1.14"
        ],
        "signal": "peer INPUT pull-down/up/down -> DUT SAADC AIN6"
      },
      {
        "dut": [
          "P2",
          30,
          "GND"
        ],
        "peer": [
          "P2",
          30,
          "GND"
        ],
        "signal": "GND"
      }
    ],
    "notes": "P1.13/AIN6은 SW1 신호(버튼 부품 SW2)와 공유하며 버튼을 누르면 GND로 연결됩니다(원본 회로도 1·8쪽). 버튼은 누르지 않습니다. B P1.14는 INPUT을 유지하고 내부 pull-down/up/down만 사용하며 출력 드라이버·PWM은 금지합니다. 25ms 정착 뒤 32/256 sample·single/double buffer 12 vector, 모든 LOW raw -256~512·HIGH raw 1024 초과~4095와 GPIO raw INPUT·DMA·cleanup을 요구합니다. controller_role=2. 버튼 자체·debounce·wake 시험이나 교정 전압 측정이 아닙니다. 기존 SB/PMIC 설정 유지.",
    "pullups": [
      "B P1.14 INPUT 내부 pull-down/up/down만 사용하고 종료 시 no-pull 입력으로 해제. 외부 저항·전원선 추가 없음. A P1.13 공유 버튼은 누르지 않음."
    ]
  },
  "confirmation_template": {
    "fixture_id": 407,
    "fixture_revision": 5,
    "catalog_sha256": "e8db80525fcc9545ba6879453c22924d14123361c394702b147cdfec695aa511",
    "core_revision": "4a64c2562fdd5e9169faecf56b43043a0afec67c",
    "board_revision": "fe65f2f0880bd05b32e562d9bf1ee59142b4f4d3",
    "uid_sha256": [
      "32f71533ff6ba27fd38ed32a17bf6d80a90d4f4980221051ed5c5a2e7fdb63a9",
      "4574ee31f25fe05f154395ea4d8c6aa0583b04a4f7a0ea97fe3d13b05eea8ca0"
    ],
    "hex_sha256": [
      "c3d9fe97d507bc0db669d32889cfb849762dae0ded5e9bdda11c995006a98b23",
      "e2c2a51c801efe2354a91cc3f39b0732a79feb674539c80b0e9cfe5d761fa198"
    ],
    "dap_uart_disconnected_both": false,
    "swd_connected_both": false,
    "power_rails_not_joined": false,
    "equal_io_voltage_confirmed": false,
    "common_ground_confirmed": false,
    "links_match_catalog": false,
    "pullups_match_catalog": false,
    "extra_outputs_disconnected": false,
    "confirmed_at_unix": 0,
    "confirmed_by": ""
  }
}
V04_SIGNAL_PREFLIGHT_ONLY; no probe access, flash, reset or external output
