SMOKE_TEST_START=custom/m32
M32_ARDUINO_BUILD_PASS=LePowerControlCentral
M32_ARDUINO_BUILD_PASS=LePowerControlPeripheral
M32_ARDUINO_BUILD_PASS=PathLossMonitorCentral
M32_ARDUINO_BUILD_PASS=PathLossMonitorPeripheral
M32_ARDUINO_BUILD_PASS=RssiPowerControlCentral
M32_ARDUINO_BUILD_PASS=RssiPowerControlPeripheral
M32_ARDUINO_BUILD_PASS=ConnectionSubratingCentral
M32_ARDUINO_BUILD_PASS=ConnectionSubratingPeripheral
M32_ARDUINO_BUILD_PASS=FrameSpaceUpdateCentral
M32_ARDUINO_BUILD_PASS=FrameSpaceUpdatePeripheral
M32_ARDUINO_BUILD_PASS=ShorterConnectionIntervalsCentral
M32_ARDUINO_BUILD_PASS=ShorterConnectionIntervalsPeripheral
M32_ARDUINO_BUILD_PASS=ExtendedLeFeaturePages
M32_ARDUINO_BUILD_PASS=SleepClockAccuracyUpdate
M32_ARDUINO_BUILD_PASS=BleThroughputCentral
M32_ARDUINO_BUILD_PASS=BleThroughputPeripheral
M32_ARDUINO_BUILD_PASS=LeChannelMapControl
M32_ARDUINO_BUILD_PASS=MultipleAdvertisingSets
M32_ARDUINO_BUILD_PASS=MultiplePeriodicSyncs
M32_ARDUINO_BUILD_PASS=MultipleBleIdentities
M32_ARDUINO_BUILD_PASS=AdvertisingAcceptList
M32_ARDUINO_BUILD_PASS=PeriodicAdvertiserList
M32_ARDUINO_BUILD_PASS=DirectedAdvertisingPeripheral
M32_ARDUINO_BUILD_PASS=DirectedAdvertisingCentral
M32_ARDUINO_BUILD_PASS=EncryptedAdvertisingPeripheral
M32_ARDUINO_BUILD_PASS=EncryptedAdvertisingCentral
M32_ARDUINO_BUILD_PASS=AdvertisingCodingSelection
M32_ARDUINO_BUILD_PASS=ScanWhileConnecting
M32_ARDUINO_BUILD_PASS=ScalableBleResources
M32_ARDUINO_BUILD_PASS=NordicLlpmPair
M32_ARDUINO_BUILD_PASS=NordicConnectionEventQos
M32_ARDUINO_BUILD_PASS=NordicChannelSurvey
M32_ARDUINO_BUILD_PASS=ConnectionTimeSyncCentral
M32_ARDUINO_BUILD_PASS=ConnectionTimeSyncPeripheral
M32_ARDUINO_BUILD_PASS=RadioEventTrigger
M32_ARDUINO_BUILD_PASS=ConnectionRadioNotification
M32_ARDUINO_BUILD_PASS=FlushableAclData
M32_ARDUINO_BUILD_PASS=MeshProvisioner
M32_ARDUINO_BUILD_PASS=MeshNode
M32_ARDUINO_BUILD_PASS=MeshHealth
M32_ARDUINO_BUILD_PASS=MeshRelay
M32_ARDUINO_BUILD_PASS=MeshFriend
M32_ARDUINO_BUILD_PASS=MeshLowPowerNode
M32_ARDUINO_BUILD_PASS=MeshProxy
M32_ARDUINO_BUILD_PASS=MeshOnOff
M32_ARDUINO_BUILD_PASS=MeshLevel
M32_ARDUINO_BUILD_PASS=MeshLight
M32_ARDUINO_BUILD_PASS=MeshSensor
M32_ARDUINO_BUILD_PASS=MeshTimeSceneScheduler
M32_MESH_MANAGEMENT_ARDUINO_BUILD_PASS=MeshRemoteProvisioner
M32_MESH_MANAGEMENT_ARDUINO_BUILD_PASS=MeshRemoteProvisioningServer
M32_MESH_MANAGEMENT_ARDUINO_BUILD_PASS=MeshSarConfigurationClient
M32_MESH_MANAGEMENT_ARDUINO_BUILD_PASS=MeshSarConfigurationServer
M32_MESH_MANAGEMENT_ARDUINO_BUILD_PASS=MeshOpcodeAggregatorClient
M32_MESH_MANAGEMENT_ARDUINO_BUILD_PASS=MeshOpcodeAggregatorServer
M32_MESH_MANAGEMENT_ARDUINO_BUILD_PASS=MeshLargeCompositionDataClient
M32_MESH_MANAGEMENT_ARDUINO_BUILD_PASS=MeshLargeCompositionDataServer
M32_MESH_MANAGEMENT_ARDUINO_BUILD_PASS=MeshPrivateBeaconClient
M32_MESH_MANAGEMENT_ARDUINO_BUILD_PASS=MeshPrivateBeaconServer
M32_MESH_MANAGEMENT_ARDUINO_BUILD_PASS=MeshOnDemandPrivateProxy
M32_MESH_MANAGEMENT_ARDUINO_BUILD_PASS=MeshProxySolicitation
M32_MESH_MANAGEMENT_ARDUINO_BUILD_PASS=MeshSubnetBridge
M32_MESH_UPDATE_ARDUINO_BUILD_PASS=MeshBlobClient
M32_MESH_UPDATE_ARDUINO_BUILD_PASS=MeshBlobServer
M32_MESH_UPDATE_ARDUINO_BUILD_PASS=MeshDfuTarget
M32_MESH_UPDATE_ARDUINO_BUILD_PASS=MeshFirmwareDistributor
M32_RADIO_ARDUINO_BUILD_PASS=Radio154Transmitter
M32_RADIO_ARDUINO_BUILD_PASS=Radio154Receiver
M32_RADIO_ARDUINO_BUILD_PASS=EsbPtx
M32_RADIO_ARDUINO_BUILD_PASS=EsbPrx
M32_COEXISTENCE_ARDUINO_BUILD_PASS=BleMeshCoexistence
M32_COEXISTENCE_ARDUINO_BUILD_PASS=Ble154Coexistence
M32_COEXISTENCE_ARDUINO_BUILD_PASS=BleEsbCoexistence
M32_COEXISTENCE_ARDUINO_BUILD_PASS=RadioCoexistenceOneWire
PASS: m32
ARDUINO_SMOKE_GROUP_PASS=custom;TESTS=1
