INFO    - Using Ninja..
INFO    - Zephyr version: ncs-v3.4.0
INFO    - Using 'zephyr/gnu' toolchain variant.
INFO    - Building initial testsuite list...
INFO    - Built testsuite list in 0.09 seconds
INFO    - Writing JSON report C:\d\testplan.json
[M12-ZEPHYR] exec: C:\Users\eidos\ncs\toolchains\dcbdc366a1\opt\bin\python.exe -I C:\Users\eidos\ncs\v3.4.0\zephyr\scripts\twister --testsuite-root C:\Users\eidos\GitHub\NU54DK_Arduino_Core\tests\zephyr\m32_ble_capability --testsuite-root C:\Users\eidos\GitHub\NU54DK_Arduino_Core\tests\zephyr\m32_ble_capability --testsuite-root C:\Users\eidos\GitHub\NU54DK_Arduino_Core\tests\zephyr\m32_ble_power_contract --testsuite-root C:\Users\eidos\GitHub\NU54DK_Arduino_Core\tests\zephyr\m32_ble_power_hil --testsuite-root C:\Users\eidos\GitHub\NU54DK_Arduino_Core\tests\zephyr\m32_ble_power_hil --testsuite-root C:\Users\eidos\GitHub\NU54DK_Arduino_Core\tests\zephyr\m32_ble_timing_contract --testsuite-root C:\Users\eidos\GitHub\NU54DK_Arduino_Core\tests\zephyr\m32_ble_timing_hil --testsuite-root C:\Users\eidos\GitHub\NU54DK_Arduino_Core\tests\zephyr\m32_ble_timing_hil --testsuite-root C:\Users\eidos\GitHub\NU54DK_Arduino_Core\tests\zephyr\m32_ble_advertising_contract --testsuite-root C:\Users\eidos\GitHub\NU54DK_Arduino_Core\tests\zephyr\m32_ble_ead_hil --testsuite-root C:\Users\eidos\GitHub\NU54DK_Arduino_Core\tests\zephyr\m32_ble_ead_hil --testsuite-root C:\Users\eidos\GitHub\NU54DK_Arduino_Core\tests\zephyr\m32_ble_advertising_hil --testsuite-root C:\Users\eidos\GitHub\NU54DK_Arduino_Core\tests\zephyr\m32_ble_advertising_hil --testsuite-root C:\Users\eidos\GitHub\NU54DK_Arduino_Core\tests\zephyr\m32_ble_advertising_hil --testsuite-root C:\Users\eidos\GitHub\NU54DK_Arduino_Core\tests\zephyr\m32_ble_privacy_hil --testsuite-root C:\Users\eidos\GitHub\NU54DK_Arduino_Core\tests\zephyr\m32_ble_privacy_hil --testsuite-root C:\Users\eidos\GitHub\NU54DK_Arduino_Core\tests\zephyr\m32_ble_privacy_hil --testsuite-root C:\Users\eidos\GitHub\NU54DK_Arduino_Core\tests\zephyr\m32_ble_nordic_hil --testsuite-root C:\Users\eidos\GitHub\NU54DK_Arduino_Core\tests\zephyr\m32_ble_nordic_hil --testsuite-root C:\Users\eidos\GitHub\NU54DK_Arduino_Core\tests\zephyr\m32_ble_scan_initiate_contract --testsuite-root C:\Users\eidos\GitHub\NU54DK_Arduino_Core\tests\zephyr\m32_ble_resource_contract --testsuite-root C:\Users\eidos\GitHub\NU54DK_Arduino_Core\tests\zephyr\m32_ble_resource_contract --testsuite-root C:\Users\eidos\GitHub\NU54DK_Arduino_Core\tests\zephyr\m32_ble_resource_contract --testsuite-root C:\Users\eidos\GitHub\NU54DK_Arduino_Core\tests\zephyr\m32_ble_nordic_contract --testsuite-root C:\Users\eidos\GitHub\NU54DK_Arduino_Core\tests\zephyr\m32_mesh_contract --testsuite-root C:\Users\eidos\GitHub\NU54DK_Arduino_Core\tests\zephyr\m32_mesh_hil --testsuite-root C:\Users\eidos\GitHub\NU54DK_Arduino_Core\tests\zephyr\m32_mesh_hil --testsuite-root C:\Users\eidos\GitHub\NU54DK_Arduino_Core\tests\zephyr\m32_mesh_hil --testsuite-root C:\Users\eidos\GitHub\NU54DK_Arduino_Core\tests\zephyr\m32_mesh_management_contract --testsuite-root C:\Users\eidos\GitHub\NU54DK_Arduino_Core\tests\zephyr\m32_mesh_management_hil --testsuite-root C:\Users\eidos\GitHub\NU54DK_Arduino_Core\tests\zephyr\m32_mesh_management_hil --testsuite-root C:\Users\eidos\GitHub\NU54DK_Arduino_Core\tests\zephyr\m32_mesh_management_hil --testsuite-root C:\Users\eidos\GitHub\NU54DK_Arduino_Core\tests\zephyr\m32_mesh_update_contract --testsuite-root C:\Users\eidos\GitHub\NU54DK_Arduino_Core\tests\zephyr\m32_mesh_update_hil --testsuite-root C:\Users\eidos\GitHub\NU54DK_Arduino_Core\tests\zephyr\m32_mesh_update_hil --testsuite-root C:\Users\eidos\GitHub\NU54DK_Arduino_Core\tests\zephyr\m32_mesh_update_hil --testsuite-root C:\Users\eidos\GitHub\NU54DK_Arduino_Core\tests\zephyr\m32_mesh_dfu_hil --testsuite-root C:\Users\eidos\GitHub\NU54DK_Arduino_Core\tests\zephyr\m32_mesh_dfu_hil --testsuite-root C:\Users\eidos\GitHub\NU54DK_Arduino_Core\tests\zephyr\m32_mesh_dfu_hil --testsuite-root C:\Users\eidos\GitHub\NU54DK_Arduino_Core\tests\zephyr\m32_mesh_dfu_hil --testsuite-root C:\Users\eidos\GitHub\NU54DK_Arduino_Core\tests\zephyr\m32_radio154_contract --testsuite-root C:\Users\eidos\GitHub\NU54DK_Arduino_Core\tests\zephyr\m32_radio154_hil --testsuite-root C:\Users\eidos\GitHub\NU54DK_Arduino_Core\tests\zephyr\m32_radio154_hil --testsuite-root C:\Users\eidos\GitHub\NU54DK_Arduino_Core\tests\zephyr\m32_esb_contract --testsuite-root C:\Users\eidos\GitHub\NU54DK_Arduino_Core\tests\zephyr\m32_esb_hil --testsuite-root C:\Users\eidos\GitHub\NU54DK_Arduino_Core\tests\zephyr\m32_esb_hil --testsuite-root C:\Users\eidos\GitHub\NU54DK_Arduino_Core\tests\zephyr\m32_coexistence_contract --testsuite-root C:\Users\eidos\GitHub\NU54DK_Arduino_Core\tests\zephyr\m32_coexistence_contract --testsuite-root C:\Users\eidos\GitHub\NU54DK_Arduino_Core\tests\zephyr\m32_coexistence_contract --testsuite-root C:\Users\eidos\GitHub\NU54DK_Arduino_Core\tests\zephyr\m32_coexistence_contract --testsuite-root C:\Users\eidos\GitHub\NU54DK_Arduino_Core\tests\zephyr\m32_coexistence_hil --testsuite-root C:\Users\eidos\GitHub\NU54DK_Arduino_Core\tests\zephyr\m32_coexistence_hil --testsuite-root C:\Users\eidos\GitHub\NU54DK_Arduino_Core\tests\zephyr\m32_coexistence_hil --testsuite-root C:\Users\eidos\GitHub\NU54DK_Arduino_Core\tests\zephyr\m32_coexistence_hil --testsuite-root C:\Users\eidos\GitHub\NU54DK_Arduino_Core\tests\zephyr\m32_coexistence_hil --testsuite-root C:\Users\eidos\GitHub\NU54DK_Arduino_Core\tests\zephyr\m32_coexistence_hil --testsuite-root C:\Users\eidos\GitHub\NU54DK_Arduino_Core\tests\zephyr\m32_coexistence_hil --testsuite-root C:\Users\eidos\GitHub\NU54DK_Arduino_Core\tests\zephyr\m32_coexistence_hil --testsuite-root C:\Users\eidos\GitHub\NU54DK_Arduino_Core\tests\zephyr\m32_coexistence_hil --testsuite-root C:\Users\eidos\GitHub\NU54DK_Arduino_Core\tests\zephyr\m32_regression_soak_hil --testsuite-root C:\Users\eidos\GitHub\NU54DK_Arduino_Core\tests\zephyr\m32_regression_soak_hil --testsuite-root C:\Users\eidos\GitHub\NU54DK_Arduino_Core\tests\zephyr\m32_regression_soak_hil --platform nrf54l15dk/nrf54l15/cpuapp/nu54dk --board-root C:\Users\eidos\GitHub\NU54DK_Arduino_Core\board_package\NU54DK_Zephyr_DTS\boards --build-only --ninja --short-build-path --detailed-test-id --jobs 4 --outdir C:\d --extra-args BOARD_ROOT=C:/Users/eidos/GitHub/NU54DK_Arduino_Core/board_package/NU54DK_Zephyr_DTS --extra-args EXTRA_ZEPHYR_MODULES=C:/Users/eidos/GitHub/NU54DK_Arduino_Core --extra-args USE_CCACHE=0 --scenario nucode.m32.ble_capability.baseline_sdc --scenario nucode.m32.ble_capability.extended_sdc --scenario nucode.m32.ble_power_contract --scenario nucode.m32.ble_power_hil.central --scenario nucode.m32.ble_power_hil.peripheral --scenario nucode.m32.ble_timing_contract --scenario nucode.m32.ble_timing_hil.central --scenario nucode.m32.ble_timing_hil.peripheral --scenario nucode.m32.ble.advertising.contract --scenario nucode.m32.ble_ead_hil.advertiser --scenario nucode.m32.ble_ead_hil.scanner --scenario nucode.m32.ble_advertising_hil.advertiser_a --scenario nucode.m32.ble_advertising_hil.advertiser_b --scenario nucode.m32.ble_advertising_hil.scanner --scenario nucode.m32.ble_privacy_hil.identity_a --scenario nucode.m32.ble_privacy_hil.identity_b --scenario nucode.m32.ble_privacy_hil.peer --scenario nucode.m32.ble_nordic_hil.central --scenario nucode.m32.ble_nordic_hil.peripheral --scenario nucode.m32.ble.scan_initiate.contract --scenario nucode.m32.ble.resource.c1p1 --scenario nucode.m32.ble.resource.c2p0 --scenario nucode.m32.ble.resource.c0p2 --scenario nucode.m32.ble.nordic.contract --scenario nucode.m32.mesh.contract --scenario nucode.m32.mesh_hil.provisioner --scenario nucode.m32.mesh_hil.node_a --scenario nucode.m32.mesh_hil.node_b --scenario nucode.m32.mesh_management_contract --scenario nucode.m32.mesh_management_hil.client --scenario nucode.m32.mesh_management_hil.server --scenario nucode.m32.mesh_management_hil.target --scenario nucode.m32.mesh_update_contract --scenario nucode.m32.mesh_update_hil.blob_client --scenario nucode.m32.mesh_update_hil.target_a --scenario nucode.m32.mesh_update_hil.target_b --scenario nucode.m32.mesh_dfu_hil.distributor --scenario nucode.m32.mesh_dfu_hil.target_a --scenario nucode.m32.mesh_dfu_hil.target_b --scenario nucode.m32.mesh_dfu_hil.candidate --scenario nucode.m32.radio154_contract --scenario nucode.m32.radio154_hil.transmitter --scenario nucode.m32.radio154_hil.receiver --scenario nucode.m32.esb_contract --scenario nucode.m32.esb_hil.ptx --scenario nucode.m32.esb_hil.prx --scenario nucode.m32.coexistence.ble_mesh --scenario nucode.m32.coexistence.ble_154 --scenario nucode.m32.coexistence.ble_esb --scenario nucode.m32.coexistence.external_one_wire --scenario nucode.m32.coexistence_hil.ble_154.dut --scenario nucode.m32.coexistence_hil.ble_154.radio_peer --scenario nucode.m32.coexistence_hil.ble_154.ble_peer --scenario nucode.m32.coexistence_hil.ble_esb.dut --scenario nucode.m32.coexistence_hil.ble_esb.radio_peer --scenario nucode.m32.coexistence_hil.ble_esb.ble_peer --scenario nucode.m32.coexistence_hil.ble_mesh.dut --scenario nucode.m32.coexistence_hil.ble_mesh.mesh_peer --scenario nucode.m32.coexistence_hil.ble_mesh.ble_peer --scenario nucode.m32.regression_soak_hil.peripheral --scenario nucode.m32.regression_soak_hil.mixed --scenario nucode.m32.regression_soak_hil.centralJunction created for C:\d\twister_links\test_0 <<===>> C:\d\nrf54l15dk_nrf54l15_cpuapp_nu54dk\zephyr_gnu\nucode.m32.ble_capability.baseline_sdc
Junction created for C:\d\twister_links\test_1 <<===>> C:\d\nrf54l15dk_nrf54l15_cpuapp_nu54dk\zephyr_gnu\nucode.m32.ble_capability.extended_sdc
Junction created for C:\d\twister_links\test_2 <<===>> C:\d\nrf54l15dk_nrf54l15_cpuapp_nu54dk\zephyr_gnu\nucode.m32.ble_power_contract
Junction created for C:\d\twister_links\test_3 <<===>> C:\d\nrf54l15dk_nrf54l15_cpuapp_nu54dk\zephyr_gnu\nucode.m32.ble_power_hil.central
Junction created for C:\d\twister_links\test_4 <<===>> C:\d\nrf54l15dk_nrf54l15_cpuapp_nu54dk\zephyr_gnu\nucode.m32.ble_power_hil.peripheral
Junction created for C:\d\twister_links\test_5 <<===>> C:\d\nrf54l15dk_nrf54l15_cpuapp_nu54dk\zephyr_gnu\nucode.m32.ble_timing_contract
Junction created for C:\d\twister_links\test_6 <<===>> C:\d\nrf54l15dk_nrf54l15_cpuapp_nu54dk\zephyr_gnu\nucode.m32.ble_timing_hil.central
Junction created for C:\d\twister_links\test_7 <<===>> C:\d\nrf54l15dk_nrf54l15_cpuapp_nu54dk\zephyr_gnu\nucode.m32.ble_timing_hil.peripheral
Junction created for C:\d\twister_links\test_8 <<===>> C:\d\nrf54l15dk_nrf54l15_cpuapp_nu54dk\zephyr_gnu\nucode.m32.ble.advertising.contract
Junction created for C:\d\twister_links\test_9 <<===>> C:\d\nrf54l15dk_nrf54l15_cpuapp_nu54dk\zephyr_gnu\nucode.m32.ble_ead_hil.advertiser
Junction created for C:\d\twister_links\test_10 <<===>> C:\d\nrf54l15dk_nrf54l15_cpuapp_nu54dk\zephyr_gnu\nucode.m32.ble_ead_hil.scanner
Junction created for C:\d\twister_links\test_11 <<===>> C:\d\nrf54l15dk_nrf54l15_cpuapp_nu54dk\zephyr_gnu\nucode.m32.ble_advertising_hil.advertiser_a
Junction created for C:\d\twister_links\test_12 <<===>> C:\d\nrf54l15dk_nrf54l15_cpuapp_nu54dk\zephyr_gnu\nucode.m32.ble_advertising_hil.advertiser_b
Junction created for C:\d\twister_links\test_13 <<===>> C:\d\nrf54l15dk_nrf54l15_cpuapp_nu54dk\zephyr_gnu\nucode.m32.ble_advertising_hil.scanner
Junction created for C:\d\twister_links\test_14 <<===>> C:\d\nrf54l15dk_nrf54l15_cpuapp_nu54dk\zephyr_gnu\nucode.m32.ble_privacy_hil.identity_a
Junction created for C:\d\twister_links\test_15 <<===>> C:\d\nrf54l15dk_nrf54l15_cpuapp_nu54dk\zephyr_gnu\nucode.m32.ble_privacy_hil.identity_b
Junction created for C:\d\twister_links\test_16 <<===>> C:\d\nrf54l15dk_nrf54l15_cpuapp_nu54dk\zephyr_gnu\nucode.m32.ble_privacy_hil.peer
Junction created for C:\d\twister_links\test_17 <<===>> C:\d\nrf54l15dk_nrf54l15_cpuapp_nu54dk\zephyr_gnu\nucode.m32.ble_nordic_hil.central
Junction created for C:\d\twister_links\test_18 <<===>> C:\d\nrf54l15dk_nrf54l15_cpuapp_nu54dk\zephyr_gnu\nucode.m32.ble_nordic_hil.peripheral
Junction created for C:\d\twister_links\test_19 <<===>> C:\d\nrf54l15dk_nrf54l15_cpuapp_nu54dk\zephyr_gnu\nucode.m32.ble.scan_initiate.contract
Junction created for C:\d\twister_links\test_20 <<===>> C:\d\nrf54l15dk_nrf54l15_cpuapp_nu54dk\zephyr_gnu\nucode.m32.ble.resource.c1p1
Junction created for C:\d\twister_links\test_21 <<===>> C:\d\nrf54l15dk_nrf54l15_cpuapp_nu54dk\zephyr_gnu\nucode.m32.ble.resource.c2p0
Junction created for C:\d\twister_links\test_22 <<===>> C:\d\nrf54l15dk_nrf54l15_cpuapp_nu54dk\zephyr_gnu\nucode.m32.ble.resource.c0p2
Junction created for C:\d\twister_links\test_23 <<===>> C:\d\nrf54l15dk_nrf54l15_cpuapp_nu54dk\zephyr_gnu\nucode.m32.ble.nordic.contract
Junction created for C:\d\twister_links\test_24 <<===>> C:\d\nrf54l15dk_nrf54l15_cpuapp_nu54dk\zephyr_gnu\nucode.m32.mesh.contract
Junction created for C:\d\twister_links\test_25 <<===>> C:\d\nrf54l15dk_nrf54l15_cpuapp_nu54dk\zephyr_gnu\nucode.m32.mesh_hil.provisioner
Junction created for C:\d\twister_links\test_26 <<===>> C:\d\nrf54l15dk_nrf54l15_cpuapp_nu54dk\zephyr_gnu\nucode.m32.mesh_hil.node_a
Junction created for C:\d\twister_links\test_27 <<===>> C:\d\nrf54l15dk_nrf54l15_cpuapp_nu54dk\zephyr_gnu\nucode.m32.mesh_hil.node_b
Junction created for C:\d\twister_links\test_28 <<===>> C:\d\nrf54l15dk_nrf54l15_cpuapp_nu54dk\zephyr_gnu\nucode.m32.mesh_management_contract
Junction created for C:\d\twister_links\test_29 <<===>> C:\d\nrf54l15dk_nrf54l15_cpuapp_nu54dk\zephyr_gnu\nucode.m32.mesh_management_hil.client
Junction created for C:\d\twister_links\test_30 <<===>> C:\d\nrf54l15dk_nrf54l15_cpuapp_nu54dk\zephyr_gnu\nucode.m32.mesh_management_hil.server
Junction created for C:\d\twister_links\test_31 <<===>> C:\d\nrf54l15dk_nrf54l15_cpuapp_nu54dk\zephyr_gnu\nucode.m32.mesh_management_hil.target
Junction created for C:\d\twister_links\test_32 <<===>> C:\d\nrf54l15dk_nrf54l15_cpuapp_nu54dk\zephyr_gnu\nucode.m32.mesh_update_contract
Junction created for C:\d\twister_links\test_33 <<===>> C:\d\nrf54l15dk_nrf54l15_cpuapp_nu54dk\zephyr_gnu\nucode.m32.mesh_update_hil.blob_client
Junction created for C:\d\twister_links\test_34 <<===>> C:\d\nrf54l15dk_nrf54l15_cpuapp_nu54dk\zephyr_gnu\nucode.m32.mesh_update_hil.target_a
Junction created for C:\d\twister_links\test_35 <<===>> C:\d\nrf54l15dk_nrf54l15_cpuapp_nu54dk\zephyr_gnu\nucode.m32.mesh_update_hil.target_b
Junction created for C:\d\twister_links\test_36 <<===>> C:\d\nrf54l15dk_nrf54l15_cpuapp_nu54dk\zephyr_gnu\nucode.m32.mesh_dfu_hil.distributor
Junction created for C:\d\twister_links\test_37 <<===>> C:\d\nrf54l15dk_nrf54l15_cpuapp_nu54dk\zephyr_gnu\nucode.m32.mesh_dfu_hil.target_a
Junction created for C:\d\twister_links\test_38 <<===>> C:\d\nrf54l15dk_nrf54l15_cpuapp_nu54dk\zephyr_gnu\nucode.m32.mesh_dfu_hil.target_b
Junction created for C:\d\twister_links\test_39 <<===>> C:\d\nrf54l15dk_nrf54l15_cpuapp_nu54dk\zephyr_gnu\nucode.m32.mesh_dfu_hil.candidate
Junction created for C:\d\twister_links\test_40 <<===>> C:\d\nrf54l15dk_nrf54l15_cpuapp_nu54dk\zephyr_gnu\nucode.m32.radio154_contract
Junction created for C:\d\twister_links\test_41 <<===>> C:\d\nrf54l15dk_nrf54l15_cpuapp_nu54dk\zephyr_gnu\nucode.m32.radio154_hil.transmitter
Junction created for C:\d\twister_links\test_42 <<===>> C:\d\nrf54l15dk_nrf54l15_cpuapp_nu54dk\zephyr_gnu\nucode.m32.radio154_hil.receiver
Junction created for C:\d\twister_links\test_43 <<===>> C:\d\nrf54l15dk_nrf54l15_cpuapp_nu54dk\zephyr_gnu\nucode.m32.esb_contract
Junction created for C:\d\twister_links\test_44 <<===>> C:\d\nrf54l15dk_nrf54l15_cpuapp_nu54dk\zephyr_gnu\nucode.m32.esb_hil.ptx
Junction created for C:\d\twister_links\test_45 <<===>> C:\d\nrf54l15dk_nrf54l15_cpuapp_nu54dk\zephyr_gnu\nucode.m32.esb_hil.prx
Junction created for C:\d\twister_links\test_46 <<===>> C:\d\nrf54l15dk_nrf54l15_cpuapp_nu54dk\zephyr_gnu\nucode.m32.coexistence.ble_mesh
Junction created for C:\d\twister_links\test_47 <<===>> C:\d\nrf54l15dk_nrf54l15_cpuapp_nu54dk\zephyr_gnu\nucode.m32.coexistence.ble_154
Junction created for C:\d\twister_links\test_48 <<===>> C:\d\nrf54l15dk_nrf54l15_cpuapp_nu54dk\zephyr_gnu\nucode.m32.coexistence.ble_esb
Junction created for C:\d\twister_links\test_49 <<===>> C:\d\nrf54l15dk_nrf54l15_cpuapp_nu54dk\zephyr_gnu\nucode.m32.coexistence.external_one_wire
Junction created for C:\d\twister_links\test_50 <<===>> C:\d\nrf54l15dk_nrf54l15_cpuapp_nu54dk\zephyr_gnu\nucode.m32.coexistence_hil.ble_154.dut
Junction created for C:\d\twister_links\test_51 <<===>> C:\d\nrf54l15dk_nrf54l15_cpuapp_nu54dk\zephyr_gnu\nucode.m32.coexistence_hil.ble_154.radio_peer
Junction created for C:\d\twister_links\test_52 <<===>> C:\d\nrf54l15dk_nrf54l15_cpuapp_nu54dk\zephyr_gnu\nucode.m32.coexistence_hil.ble_154.ble_peer
Junction created for C:\d\twister_links\test_53 <<===>> C:\d\nrf54l15dk_nrf54l15_cpuapp_nu54dk\zephyr_gnu\nucode.m32.coexistence_hil.ble_esb.dut
Junction created for C:\d\twister_links\test_54 <<===>> C:\d\nrf54l15dk_nrf54l15_cpuapp_nu54dk\zephyr_gnu\nucode.m32.coexistence_hil.ble_esb.radio_peer
Junction created for C:\d\twister_links\test_55 <<===>> C:\d\nrf54l15dk_nrf54l15_cpuapp_nu54dk\zephyr_gnu\nucode.m32.coexistence_hil.ble_esb.ble_peer
Junction created for C:\d\twister_links\test_56 <<===>> C:\d\nrf54l15dk_nrf54l15_cpuapp_nu54dk\zephyr_gnu\nucode.m32.coexistence_hil.ble_mesh.dut
Junction created for C:\d\twister_links\test_57 <<===>> C:\d\nrf54l15dk_nrf54l15_cpuapp_nu54dk\zephyr_gnu\nucode.m32.coexistence_hil.ble_mesh.mesh_peer
Junction created for C:\d\twister_links\test_58 <<===>> C:\d\nrf54l15dk_nrf54l15_cpuapp_nu54dk\zephyr_gnu\nucode.m32.coexistence_hil.ble_mesh.ble_peer
Junction created for C:\d\twister_links\test_59 <<===>> C:\d\nrf54l15dk_nrf54l15_cpuapp_nu54dk\zephyr_gnu\nucode.m32.regression_soak_hil.peripheral
Junction created for C:\d\twister_links\test_60 <<===>> C:\d\nrf54l15dk_nrf54l15_cpuapp_nu54dk\zephyr_gnu\nucode.m32.regression_soak_hil.mixed
Junction created for C:\d\twister_links\test_61 <<===>> C:\d\nrf54l15dk_nrf54l15_cpuapp_nu54dk\zephyr_gnu\nucode.m32.regression_soak_hil.central
INFO    - Adding tasks to the queue...
INFO    - Added initial list of jobs to queue
INFO    - Total complete: [32m   1/  62[39m   1%  built (not run): [36m   1[39m, filtered: [39m   0[39m, failed: [39m   0[39m, error: [39m   0[39m
INFO    - Total complete: [32m   2/  62[39m   3%  built (not run): [36m   2[39m, filtered: [39m   0[39m, failed: [39m   0[39m, error: [39m   0[39m
INFO    - Total complete: [32m   3/  62[39m   4%  built (not run): [36m   3[39m, filtered: [39m   0[39m, failed: [39m   0[39m, error: [39m   0[39m
INFO    - Total complete: [32m   4/  62[39m   6%  built (not run): [36m   4[39m, filtered: [39m   0[39m, failed: [39m   0[39m, error: [39m   0[39m
INFO    - Total complete: [32m   5/  62[39m   8%  built (not run): [36m   5[39m, filtered: [39m   0[39m, failed: [39m   0[39m, error: [39m   0[39m
INFO    - Total complete: [32m   6/  62[39m   9%  built (not run): [36m   6[39m, filtered: [39m   0[39m, failed: [39m   0[39m, error: [39m   0[39m
INFO    - Total complete: [32m   7/  62[39m  11%  built (not run): [36m   7[39m, filtered: [39m   0[39m, failed: [39m   0[39m, error: [39m   0[39m
INFO    - Total complete: [32m   8/  62[39m  12%  built (not run): [36m   8[39m, filtered: [39m   0[39m, failed: [39m   0[39m, error: [39m   0[39m
INFO    - Total complete: [32m   9/  62[39m  14%  built (not run): [36m   9[39m, filtered: [39m   0[39m, failed: [39m   0[39m, error: [39m   0[39m
INFO    - Total complete: [32m  10/  62[39m  16%  built (not run): [36m  10[39m, filtered: [39m   0[39m, failed: [39m   0[39m, error: [39m   0[39m
INFO    - Total complete: [32m  11/  62[39m  17%  built (not run): [36m  11[39m, filtered: [39m   0[39m, failed: [39m   0[39m, error: [39m   0[39m
INFO    - Total complete: [32m  12/  62[39m  19%  built (not run): [36m  12[39m, filtered: [39m   0[39m, failed: [39m   0[39m, error: [39m   0[39m
INFO    - Total complete: [32m  13/  62[39m  20%  built (not run): [36m  13[39m, filtered: [39m   0[39m, failed: [39m   0[39m, error: [39m   0[39m
INFO    - Total complete: [32m  14/  62[39m  22%  built (not run): [36m  14[39m, filtered: [39m   0[39m, failed: [39m   0[39m, error: [39m   0[39m
INFO    - Total complete: [32m  15/  62[39m  24%  built (not run): [36m  15[39m, filtered: [39m   0[39m, failed: [39m   0[39m, error: [39m   0[39m
INFO    - Total complete: [32m  16/  62[39m  25%  built (not run): [36m  16[39m, filtered: [39m   0[39m, failed: [39m   0[39m, error: [39m   0[39m
INFO    - Total complete: [32m  17/  62[39m  27%  built (not run): [36m  17[39m, filtered: [39m   0[39m, failed: [39m   0[39m, error: [39m   0[39m
INFO    - Total complete: [32m  18/  62[39m  29%  built (not run): [36m  18[39m, filtered: [39m   0[39m, failed: [39m   0[39m, error: [39m   0[39m
INFO    - Total complete: [32m  19/  62[39m  30%  built (not run): [36m  19[39m, filtered: [39m   0[39m, failed: [39m   0[39m, error: [39m   0[39m
INFO    - Total complete: [32m  20/  62[39m  32%  built (not run): [36m  20[39m, filtered: [39m   0[39m, failed: [39m   0[39m, error: [39m   0[39m
INFO    - Total complete: [32m  21/  62[39m  33%  built (not run): [36m  21[39m, filtered: [39m   0[39m, failed: [39m   0[39m, error: [39m   0[39m
INFO    - Total complete: [32m  22/  62[39m  35%  built (not run): [36m  22[39m, filtered: [39m   0[39m, failed: [39m   0[39m, error: [39m   0[39m
INFO    - Total complete: [32m  23/  62[39m  37%  built (not run): [36m  23[39m, filtered: [39m   0[39m, failed: [39m   0[39m, error: [39m   0[39m
INFO    - Total complete: [32m  24/  62[39m  38%  built (not run): [36m  24[39m, filtered: [39m   0[39m, failed: [39m   0[39m, error: [39m   0[39m
INFO    - Total complete: [32m  25/  62[39m  40%  built (not run): [36m  25[39m, filtered: [39m   0[39m, failed: [39m   0[39m, error: [39m   0[39m
INFO    - Total complete: [32m  26/  62[39m  41%  built (not run): [36m  26[39m, filtered: [39m   0[39m, failed: [39m   0[39m, error: [39m   0[39m
INFO    - Total complete: [32m  27/  62[39m  43%  built (not run): [36m  27[39m, filtered: [39m   0[39m, failed: [39m   0[39m, error: [39m   0[39m
INFO    - Total complete: [32m  28/  62[39m  45%  built (not run): [36m  28[39m, filtered: [39m   0[39m, failed: [39m   0[39m, error: [39m   0[39m
INFO    - Total complete: [32m  29/  62[39m  46%  built (not run): [36m  29[39m, filtered: [39m   0[39m, failed: [39m   0[39m, error: [39m   0[39m
INFO    - Total complete: [32m  30/  62[39m  48%  built (not run): [36m  30[39m, filtered: [39m   0[39m, failed: [39m   0[39m, error: [39m   0[39m
INFO    - Total complete: [32m  31/  62[39m  50%  built (not run): [36m  31[39m, filtered: [39m   0[39m, failed: [39m   0[39m, error: [39m   0[39m
INFO    - Total complete: [32m  32/  62[39m  51%  built (not run): [36m  32[39m, filtered: [39m   0[39m, failed: [39m   0[39m, error: [39m   0[39m
INFO    - Total complete: [32m  33/  62[39m  53%  built (not run): [36m  33[39m, filtered: [39m   0[39m, failed: [39m   0[39m, error: [39m   0[39m
INFO    - Total complete: [32m  34/  62[39m  54%  built (not run): [36m  34[39m, filtered: [39m   0[39m, failed: [39m   0[39m, error: [39m   0[39m
INFO    - Total complete: [32m  35/  62[39m  56%  built (not run): [36m  35[39m, filtered: [39m   0[39m, failed: [39m   0[39m, error: [39m   0[39m
INFO    - Total complete: [32m  36/  62[39m  58%  built (not run): [36m  36[39m, filtered: [39m   0[39m, failed: [39m   0[39m, error: [39m   0[39m
INFO    - Total complete: [32m  37/  62[39m  59%  built (not run): [36m  37[39m, filtered: [39m   0[39m, failed: [39m   0[39m, error: [39m   0[39m
INFO    - Total complete: [32m  38/  62[39m  61%  built (not run): [36m  38[39m, filtered: [39m   0[39m, failed: [39m   0[39m, error: [39m   0[39m
INFO    - Total complete: [32m  39/  62[39m  62%  built (not run): [36m  39[39m, filtered: [39m   0[39m, failed: [39m   0[39m, error: [39m   0[39m
INFO    - Total complete: [32m  40/  62[39m  64%  built (not run): [36m  40[39m, filtered: [39m   0[39m, failed: [39m   0[39m, error: [39m   0[39m
INFO    - Total complete: [32m  41/  62[39m  66%  built (not run): [36m  41[39m, filtered: [39m   0[39m, failed: [39m   0[39m, error: [39m   0[39m
INFO    - Total complete: [32m  42/  62[39m  67%  built (not run): [36m  42[39m, filtered: [39m   0[39m, failed: [39m   0[39m, error: [39m   0[39m
INFO    - Total complete: [32m  43/  62[39m  69%  built (not run): [36m  43[39m, filtered: [39m   0[39m, failed: [39m   0[39m, error: [39m   0[39m
INFO    - Total complete: [32m  44/  62[39m  70%  built (not run): [36m  44[39m, filtered: [39m   0[39m, failed: [39m   0[39m, error: [39m   0[39m
INFO    - Total complete: [32m  45/  62[39m  72%  built (not run): [36m  45[39m, filtered: [39m   0[39m, failed: [39m   0[39m, error: [39m   0[39m
INFO    - Total complete: [32m  46/  62[39m  74%  built (not run): [36m  46[39m, filtered: [39m   0[39m, failed: [39m   0[39m, error: [39m   0[39m
INFO    - Total complete: [32m  47/  62[39m  75%  built (not run): [36m  47[39m, filtered: [39m   0[39m, failed: [39m   0[39m, error: [39m   0[39m
INFO    - Total complete: [32m  48/  62[39m  77%  built (not run): [36m  48[39m, filtered: [39m   0[39m, failed: [39m   0[39m, error: [39m   0[39m
INFO    - Total complete: [32m  49/  62[39m  79%  built (not run): [36m  49[39m, filtered: [39m   0[39m, failed: [39m   0[39m, error: [39m   0[39m
INFO    - Total complete: [32m  50/  62[39m  80%  built (not run): [36m  50[39m, filtered: [39m   0[39m, failed: [39m   0[39m, error: [39m   0[39m
INFO    - Total complete: [32m  51/  62[39m  82%  built (not run): [36m  51[39m, filtered: [39m   0[39m, failed: [39m   0[39m, error: [39m   0[39m
INFO    - Total complete: [32m  52/  62[39m  83%  built (not run): [36m  52[39m, filtered: [39m   0[39m, failed: [39m   0[39m, error: [39m   0[39m
INFO    - Total complete: [32m  53/  62[39m  85%  built (not run): [36m  53[39m, filtered: [39m   0[39m, failed: [39m   0[39m, error: [39m   0[39m
INFO    - Total complete: [32m  54/  62[39m  87%  built (not run): [36m  54[39m, filtered: [39m   0[39m, failed: [39m   0[39m, error: [39m   0[39m
INFO    - Total complete: [32m  55/  62[39m  88%  built (not run): [36m  55[39m, filtered: [39m   0[39m, failed: [39m   0[39m, error: [39m   0[39m
INFO    - Total complete: [32m  56/  62[39m  90%  built (not run): [36m  56[39m, filtered: [39m   0[39m, failed: [39m   0[39m, error: [39m   0[39m
INFO    - Total complete: [32m  57/  62[39m  91%  built (not run): [36m  57[39m, filtered: [39m   0[39m, failed: [39m   0[39m, error: [39m   0[39m
INFO    - Total complete: [32m  58/  62[39m  93%  built (not run): [36m  58[39m, filtered: [39m   0[39m, failed: [39m   0[39m, error: [39m   0[39m
INFO    - Total complete: [32m  59/  62[39m  95%  built (not run): [36m  59[39m, filtered: [39m   0[39m, failed: [39m   0[39m, error: [39m   0[39m
INFO    - Total complete: [32m  60/  62[39m  96%  built (not run): [36m  60[39m, filtered: [39m   0[39m, failed: [39m   0[39m, error: [39m   0[39m
INFO    - Total complete: [32m  61/  62[39m  98%  built (not run): [36m  61[39m, filtered: [39m   0[39m, failed: [39m   0[39m, error: [39m   0[39m
INFO    - Total complete: [32m  62/  62[39m  100%  built (not run): [36m  62[39m, filtered: [39m   0[39m, failed: [39m   0[39m, error: [39m   0[39m

INFO    - 62 test scenarios (62 configurations) selected, 0 configurations filtered (0 by static filter, 0 at runtime).
INFO    - 0 of 62 executed test configurations passed (0.00%), 62 built (not run), 0 failed, 0 errored, with no warnings in 3442.55 seconds.
INFO    - 0 test configurations executed on platforms, 62 test configurations were only built.
INFO    - Saving reports...
INFO    - Writing JSON report C:\d\twister.json
INFO    - Writing xunit report C:\d\twister.xml...
INFO    - Writing xunit report C:\d\twister_report.xml...
INFO    - Run completed

M12_ZEPHYR_BUILD_PASS=62;GROUP=v0.6.0;M16_ROLE_BUILDS=0;SELECTION=full-group
