[NU54 1/5] 환경과 Feature set 확인
[NU54 2/5] Zephyr 구성 준비: new-cache, 작업자 15개
[NU54 2/5] Zephyr 구성 준비: selected-features, 작업자 15개
[NU54 3/5] 소스 컴파일 준비: source graph와 cache 검증
[NU54 3/5] 소스 컴파일 중: 작업자 15개, 전체 log C:\n54w02e-arduino\build-nucode_ble-beaconobserver\nu54-zephyr\logs\build.log
[NU54] 컴파일과 링크: 21/423
[NU54] 컴파일과 링크: 42/423
[NU54] 컴파일과 링크: 63/423
[NU54] 컴파일과 링크: 84/423
[NU54] 컴파일과 링크: 105/423
[NU54] 컴파일과 링크: 126/423
[NU54] 컴파일과 링크: 147/423
[NU54] 컴파일과 링크: 168/423
[NU54] 컴파일과 링크: 189/423
[NU54] 컴파일과 링크: 210/423
[NU54] 컴파일과 링크: 231/423
[NU54] 컴파일과 링크: 252/423
[NU54] 컴파일과 링크: 273/423
[NU54] 컴파일과 링크: 294/423
[NU54] 컴파일과 링크: 315/423
[NU54] 컴파일과 링크: 336/423
[NU54] 컴파일과 링크: 357/423
[NU54] 컴파일과 링크: 378/423
[NU54] 컴파일과 링크: 399/423
[NU54] 컴파일과 링크: 420/423
[NU54] 컴파일과 링크: 423/423
[NU54 4/5] 링크와 firmware 생성
[NU54 5/5] 산출물·메모리 검증 완료: 214.5초
Sketch uses 364528 bytes (24%) of program storage space. Maximum is 1490944 bytes.
Global variables use 156542 bytes (59%) of dynamic memory, leaving 105602 bytes for local variables. Maximum is 262144 bytes.
