[NU54 1/5] 환경과 Feature set 확인
[NU54 2/5] Zephyr 구성 준비: new-cache, 작업자 15개
[NU54 2/5] Zephyr 구성 준비: selected-features, 작업자 15개
[NU54 3/5] 소스 컴파일 준비: source graph와 cache 검증
[NU54 3/5] 소스 컴파일 중: 작업자 15개, 전체 log C:\n54w02e-arduino\build-nucode_ble_profiles-objectserver\nu54-zephyr\logs\build.log
[NU54] 컴파일과 링크: 22/450
[NU54] 컴파일과 링크: 44/450
[NU54] 컴파일과 링크: 66/450
[NU54] 컴파일과 링크: 88/450
[NU54] 컴파일과 링크: 110/450
[NU54] 컴파일과 링크: 132/450
[NU54] 컴파일과 링크: 154/450
[NU54] 컴파일과 링크: 176/450
[NU54] 컴파일과 링크: 198/450
[NU54] 컴파일과 링크: 220/450
[NU54] 컴파일과 링크: 242/450
[NU54] 컴파일과 링크: 264/450
[NU54] 컴파일과 링크: 286/450
[NU54] 컴파일과 링크: 308/450
[NU54] 컴파일과 링크: 330/450
[NU54] 컴파일과 링크: 352/450
[NU54] 컴파일과 링크: 374/450
[NU54] 컴파일과 링크: 396/450
[NU54] 컴파일과 링크: 418/450
[NU54] 컴파일과 링크: 440/450
[NU54] 컴파일과 링크: 450/450
[NU54 4/5] 링크와 firmware 생성
[NU54 5/5] 산출물·메모리 검증 완료: 232.4초
Sketch uses 389112 bytes (26%) of program storage space. Maximum is 1490944 bytes.
Global variables use 166190 bytes (63%) of dynamic memory, leaving 95954 bytes for local variables. Maximum is 262144 bytes.
