[NU54 1/5] 환경과 Feature set 확인
[NU54 2/5] Zephyr 구성 준비: new-cache, 작업자 15개
[NU54 2/5] Zephyr 구성 준비: selected-features, 작업자 15개
[NU54 3/5] 소스 컴파일 준비: source graph와 cache 검증
[NU54 3/5] 소스 컴파일 중: 작업자 15개, 전체 log C:\n54w02e-arduino\build-nucode_ble_profiles-objectclient\nu54-zephyr\logs\build.log
[NU54] 컴파일과 링크: 22/446
[NU54] 컴파일과 링크: 44/446
[NU54] 컴파일과 링크: 66/446
[NU54] 컴파일과 링크: 88/446
[NU54] 컴파일과 링크: 110/446
[NU54] 컴파일과 링크: 132/446
[NU54] 컴파일과 링크: 154/446
[NU54] 컴파일과 링크: 176/446
[NU54] 컴파일과 링크: 198/446
[NU54] 컴파일과 링크: 220/446
[NU54] 컴파일과 링크: 242/446
[NU54] 컴파일과 링크: 264/446
[NU54] 컴파일과 링크: 286/446
[NU54] 컴파일과 링크: 308/446
[NU54] 컴파일과 링크: 330/446
[NU54] 컴파일과 링크: 352/446
[NU54] 컴파일과 링크: 374/446
[NU54] 컴파일과 링크: 396/446
[NU54] 컴파일과 링크: 418/446
[NU54] 컴파일과 링크: 440/446
[NU54] 컴파일과 링크: 446/446
[NU54 4/5] 링크와 firmware 생성
[NU54 5/5] 산출물·메모리 검증 완료: 233.6초
Sketch uses 349708 bytes (23%) of program storage space. Maximum is 1490944 bytes.
Global variables use 154482 bytes (58%) of dynamic memory, leaving 107662 bytes for local variables. Maximum is 262144 bytes.
