{
  "schema_version": 1,
  "type": "v04-pair-synthetic-signal",
  "status": "preflight",
  "fixture_id": 440,
  "fixture_revision": 5,
  "catalog_sha256": "e8db80525fcc9545ba6879453c22924d14123361c394702b147cdfec695aa511",
  "core_revision": "8685cd8b361b0a8178b1c77227ede7c5e980aaa6",
  "board_revision": "fe65f2f0880bd05b32e562d9bf1ee59142b4f4d3",
  "scope": "two-board-analog-pwm-event-pdm-i2s-qdec",
  "swd_frequency_hz": 10000000,
  "external_wiring_executed": false,
  "repetitions": 1,
  "campaign": {
    "repetitions": 1,
    "duration_seconds": 0,
    "progress_interval_seconds": 5,
    "interrupted_duration_reused": false
  },
  "devices": [
    {
      "role": 1,
      "uid_sha256": "32f71533ff6ba27fd38ed32a17bf6d80a90d4f4980221051ed5c5a2e7fdb63a9",
      "hex_sha256": "8752652b25b85f7e25ac36568f77222affaaa8cd976b639644822dcaf11aa851",
      "elf_sha256": "d0849410436af26af628a83a452d166eb6a86b0a8381aabacceab8a746cba05d",
      "record_sha256": "07bc7e0c64b0ffbea00e09d49f3585bcba33f4db57799dbe828bdbbc60ff3087"
    },
    {
      "role": 2,
      "uid_sha256": "4574ee31f25fe05f154395ea4d8c6aa0583b04a4f7a0ea97fe3d13b05eea8ca0",
      "hex_sha256": "3297b1939445981ef768e971472f160979b4d177ccada41962b9e7b5d1ee6727",
      "elf_sha256": "8e1e143dfad146617645f1d306130b08972291010aae377e43453c5d0bf93a5f",
      "record_sha256": "07bc7e0c64b0ffbea00e09d49f3585bcba33f4db57799dbe828bdbbc60ff3087"
    }
  ],
  "results": [],
  "fixture": {
    "id": 440,
    "family": "pdm",
    "banks": [
      1,
      1
    ],
    "instances": [
      [
        20,
        21
      ],
      [
        20,
        21
      ]
    ],
    "links": [
      {
        "dut": [
          "P2",
          12,
          "P1.4"
        ],
        "peer": [
          "P2",
          11,
          "P1.5"
        ],
        "signal": "receiver PDM CLK -> generator SPIS SCK"
      },
      {
        "dut": [
          "P2",
          10,
          "P1.6"
        ],
        "peer": [
          "P2",
          9,
          "P1.7"
        ],
        "signal": "receiver PDM DATA <- generator SPIS MISO"
      },
      {
        "dut": [
          "P2",
          11,
          "P1.5"
        ],
        "peer": [
          "P2",
          12,
          "P1.4"
        ],
        "signal": "receiver gate LOW -> generator SPIS CSN"
      },
      {
        "dut": [
          "P2",
          30,
          "GND"
        ],
        "peer": [
          "P2",
          30,
          "GND"
        ],
        "signal": "GND"
      }
    ],
    "notes": "PDM receiver가 clock을 만들고 상대 SPIS EasyDMA가 동기 bitstream을 출력합니다. mono density 순서와 stereo 좌우 channel 분리를 실기에서 판정합니다.",
    "pullups": []
  },
  "confirmation_template": {
    "fixture_id": 440,
    "fixture_revision": 5,
    "catalog_sha256": "e8db80525fcc9545ba6879453c22924d14123361c394702b147cdfec695aa511",
    "core_revision": "8685cd8b361b0a8178b1c77227ede7c5e980aaa6",
    "board_revision": "fe65f2f0880bd05b32e562d9bf1ee59142b4f4d3",
    "uid_sha256": [
      "32f71533ff6ba27fd38ed32a17bf6d80a90d4f4980221051ed5c5a2e7fdb63a9",
      "4574ee31f25fe05f154395ea4d8c6aa0583b04a4f7a0ea97fe3d13b05eea8ca0"
    ],
    "hex_sha256": [
      "8752652b25b85f7e25ac36568f77222affaaa8cd976b639644822dcaf11aa851",
      "3297b1939445981ef768e971472f160979b4d177ccada41962b9e7b5d1ee6727"
    ],
    "dap_uart_disconnected_both": false,
    "swd_connected_both": false,
    "power_rails_not_joined": false,
    "equal_io_voltage_confirmed": false,
    "common_ground_confirmed": false,
    "links_match_catalog": false,
    "pullups_match_catalog": false,
    "extra_outputs_disconnected": false,
    "confirmed_at_unix": 0,
    "confirmed_by": ""
  }
}
V04_SIGNAL_PREFLIGHT_ONLY; no probe access, flash, reset or external output
