INFO    - Using Ninja..
INFO    - Zephyr version: ncs-v3.4.0
INFO    - Using 'zephyr/gnu' toolchain variant.
INFO    - Building initial testsuite list...
INFO    - Built testsuite list in 0.04 seconds
INFO    - Writing JSON report C:\u4p\testplan.json
INFO    - Adding tasks to the queue...
INFO    - Added initial list of jobs to queue
INFO    - Total complete: [32m   1/  61[39m   1%  built (not run): [36m   1[39m, filtered: [39m   0[39m, failed: [39m   0[39m, error: [39m   0[39m
INFO    - Total complete: [32m   2/  61[39m   3%  built (not run): [36m   2[39m, filtered: [39m   0[39m, failed: [39m   0[39m, error: [39m   0[39m
INFO    - Total complete: [32m   3/  61[39m   4%  built (not run): [36m   3[39m, filtered: [39m   0[39m, failed: [39m   0[39m, error: [39m   0[39m
INFO    - Total complete: [32m   4/  61[39m   6%  built (not run): [36m   4[39m, filtered: [39m   0[39m, failed: [39m   0[39m, error: [39m   0[39m
INFO    - Total complete: [32m   5/  61[39m   8%  built (not run): [36m   5[39m, filtered: [39m   0[39m, failed: [39m   0[39m, error: [39m   0[39m
INFO    - Total complete: [32m   6/  61[39m   9%  built (not run): [36m   6[39m, filtered: [39m   0[39m, failed: [39m   0[39m, error: [39m   0[39m
INFO    - Total complete: [32m   7/  61[39m  11%  built (not run): [36m   7[39m, filtered: [39m   0[39m, failed: [39m   0[39m, error: [39m   0[39m
INFO    - Total complete: [32m   8/  61[39m  13%  built (not run): [36m   8[39m, filtered: [39m   0[39m, failed: [39m   0[39m, error: [39m   0[39m
INFO    - Total complete: [32m   9/  61[39m  14%  built (not run): [36m   9[39m, filtered: [39m   0[39m, failed: [39m   0[39m, error: [39m   0[39m
INFO    - Total complete: [32m  10/  61[39m  16%  built (not run): [36m  10[39m, filtered: [39m   0[39m, failed: [39m   0[39m, error: [39m   0[39m
INFO    - Total complete: [32m  11/  61[39m  18%  built (not run): [36m  11[39m, filtered: [39m   0[39m, failed: [39m   0[39m, error: [39m   0[39m
INFO    - Total complete: [32m  12/  61[39m  19%  built (not run): [36m  12[39m, filtered: [39m   0[39m, failed: [39m   0[39m, error: [39m   0[39m
INFO    - Total complete: [32m  13/  61[39m  21%  built (not run): [36m  13[39m, filtered: [39m   0[39m, failed: [39m   0[39m, error: [39m   0[39m
INFO    - Total complete: [32m  14/  61[39m  22%  built (not run): [36m  14[39m, filtered: [39m   0[39m, failed: [39m   0[39m, error: [39m   0[39m
INFO    - Total complete: [32m  15/  61[39m  24%  built (not run): [36m  15[39m, filtered: [39m   0[39m, failed: [39m   0[39m, error: [39m   0[39m
INFO    - Total complete: [32m  16/  61[39m  26%  built (not run): [36m  16[39m, filtered: [39m   0[39m, failed: [39m   0[39m, error: [39m   0[39m
INFO    - Total complete: [32m  17/  61[39m  27%  built (not run): [36m  17[39m, filtered: [39m   0[39m, failed: [39m   0[39m, error: [39m   0[39m
INFO    - Total complete: [32m  18/  61[39m  29%  built (not run): [36m  18[39m, filtered: [39m   0[39m, failed: [39m   0[39m, error: [39m   0[39m
INFO    - Total complete: [32m  19/  61[39m  31%  built (not run): [36m  19[39m, filtered: [39m   0[39m, failed: [39m   0[39m, error: [39m   0[39m
INFO    - Total complete: [32m  20/  61[39m  32%  built (not run): [36m  20[39m, filtered: [39m   0[39m, failed: [39m   0[39m, error: [39m   0[39m
INFO    - Total complete: [32m  21/  61[39m  34%  built (not run): [36m  21[39m, filtered: [39m   0[39m, failed: [39m   0[39m, error: [39m   0[39m
INFO    - Total complete: [32m  22/  61[39m  36%  built (not run): [36m  22[39m, filtered: [39m   0[39m, failed: [39m   0[39m, error: [39m   0[39m
INFO    - Total complete: [32m  23/  61[39m  37%  built (not run): [36m  23[39m, filtered: [39m   0[39m, failed: [39m   0[39m, error: [39m   0[39m
INFO    - Total complete: [32m  24/  61[39m  39%  built (not run): [36m  24[39m, filtered: [39m   0[39m, failed: [39m   0[39m, error: [39m   0[39m
INFO    - Total complete: [32m  25/  61[39m  40%  built (not run): [36m  25[39m, filtered: [39m   0[39m, failed: [39m   0[39m, error: [39m   0[39m
INFO    - Total complete: [32m  26/  61[39m  42%  built (not run): [36m  26[39m, filtered: [39m   0[39m, failed: [39m   0[39m, error: [39m   0[39m
INFO    - Total complete: [32m  27/  61[39m  44%  built (not run): [36m  27[39m, filtered: [39m   0[39m, failed: [39m   0[39m, error: [39m   0[39m
INFO    - Total complete: [32m  28/  61[39m  45%  built (not run): [36m  28[39m, filtered: [39m   0[39m, failed: [39m   0[39m, error: [39m   0[39m
INFO    - Total complete: [32m  29/  61[39m  47%  built (not run): [36m  29[39m, filtered: [39m   0[39m, failed: [39m   0[39m, error: [39m   0[39m
INFO    - Total complete: [32m  30/  61[39m  49%  built (not run): [36m  30[39m, filtered: [39m   0[39m, failed: [39m   0[39m, error: [39m   0[39m
INFO    - Total complete: [32m  31/  61[39m  50%  built (not run): [36m  31[39m, filtered: [39m   0[39m, failed: [39m   0[39m, error: [39m   0[39m
INFO    - Total complete: [32m  32/  61[39m  52%  built (not run): [36m  32[39m, filtered: [39m   0[39m, failed: [39m   0[39m, error: [39m   0[39m
INFO    - Total complete: [32m  33/  61[39m  54%  built (not run): [36m  33[39m, filtered: [39m   0[39m, failed: [39m   0[39m, error: [39m   0[39m
INFO    - Total complete: [32m  34/  61[39m  55%  built (not run): [36m  34[39m, filtered: [39m   0[39m, failed: [39m   0[39m, error: [39m   0[39m
INFO    - Total complete: [32m  35/  61[39m  57%  built (not run): [36m  35[39m, filtered: [39m   0[39m, failed: [39m   0[39m, error: [39m   0[39m
INFO    - Total complete: [32m  36/  61[39m  59%  built (not run): [36m  36[39m, filtered: [39m   0[39m, failed: [39m   0[39m, error: [39m   0[39m
INFO    - Total complete: [32m  37/  61[39m  60%  built (not run): [36m  37[39m, filtered: [39m   0[39m, failed: [39m   0[39m, error: [39m   0[39m
INFO    - Total complete: [32m  38/  61[39m  62%  built (not run): [36m  38[39m, filtered: [39m   0[39m, failed: [39m   0[39m, error: [39m   0[39m
INFO    - Total complete: [32m  39/  61[39m  63%  built (not run): [36m  39[39m, filtered: [39m   0[39m, failed: [39m   0[39m, error: [39m   0[39m
INFO    - Total complete: [32m  40/  61[39m  65%  built (not run): [36m  40[39m, filtered: [39m   0[39m, failed: [39m   0[39m, error: [39m   0[39m
INFO    - Total complete: [32m  41/  61[39m  67%  built (not run): [36m  41[39m, filtered: [39m   0[39m, failed: [39m   0[39m, error: [39m   0[39m
INFO    - Total complete: [32m  42/  61[39m  68%  built (not run): [36m  42[39m, filtered: [39m   0[39m, failed: [39m   0[39m, error: [39m   0[39m
INFO    - Total complete: [32m  43/  61[39m  70%  built (not run): [36m  43[39m, filtered: [39m   0[39m, failed: [39m   0[39m, error: [39m   0[39m
INFO    - Total complete: [32m  44/  61[39m  72%  built (not run): [36m  44[39m, filtered: [39m   0[39m, failed: [39m   0[39m, error: [39m   0[39m
INFO    - Total complete: [32m  45/  61[39m  73%  built (not run): [36m  45[39m, filtered: [39m   0[39m, failed: [39m   0[39m, error: [39m   0[39m
INFO    - Total complete: [32m  46/  61[39m  75%  built (not run): [36m  46[39m, filtered: [39m   0[39m, failed: [39m   0[39m, error: [39m   0[39m
INFO    - Total complete: [32m  47/  61[39m  77%  built (not run): [36m  47[39m, filtered: [39m   0[39m, failed: [39m   0[39m, error: [39m   0[39m
INFO    - Total complete: [32m  48/  61[39m  78%  built (not run): [36m  48[39m, filtered: [39m   0[39m, failed: [39m   0[39m, error: [39m   0[39m
INFO    - Total complete: [32m  49/  61[39m  80%  built (not run): [36m  49[39m, filtered: [39m   0[39m, failed: [39m   0[39m, error: [39m   0[39m
INFO    - Total complete: [32m  50/  61[39m  81%  built (not run): [36m  50[39m, filtered: [39m   0[39m, failed: [39m   0[39m, error: [39m   0[39m
INFO    - Total complete: [32m  51/  61[39m  83%  built (not run): [36m  51[39m, filtered: [39m   0[39m, failed: [39m   0[39m, error: [39m   0[39m
INFO    - Total complete: [32m  52/  61[39m  85%  built (not run): [36m  52[39m, filtered: [39m   0[39m, failed: [39m   0[39m, error: [39m   0[39m
INFO    - Total complete: [32m  53/  61[39m  86%  built (not run): [36m  53[39m, filtered: [39m   0[39m, failed: [39m   0[39m, error: [39m   0[39m
INFO    - Total complete: [32m  54/  61[39m  88%  built (not run): [36m  54[39m, filtered: [39m   0[39m, failed: [39m   0[39m, error: [39m   0[39m
INFO    - Total complete: [32m  55/  61[39m  90%  built (not run): [36m  55[39m, filtered: [39m   0[39m, failed: [39m   0[39m, error: [39m   0[39m
INFO    - Total complete: [32m  56/  61[39m  91%  built (not run): [36m  56[39m, filtered: [39m   0[39m, failed: [39m   0[39m, error: [39m   0[39m
INFO    - Total complete: [32m  57/  61[39m  93%  built (not run): [36m  57[39m, filtered: [39m   0[39m, failed: [39m   0[39m, error: [39m   0[39m
INFO    - Total complete: [32m  58/  61[39m  95%  built (not run): [36m  58[39m, filtered: [39m   0[39m, failed: [39m   0[39m, error: [39m   0[39m
INFO    - Total complete: [32m  59/  61[39m  96%  built (not run): [36m  59[39m, filtered: [39m   0[39m, failed: [39m   0[39m, error: [39m   0[39m
INFO    - Total complete: [32m  60/  61[39m  98%  built (not run): [36m  60[39m, filtered: [39m   0[39m, failed: [39m   0[39m, error: [39m   0[39m
INFO    - Total complete: [32m  61/  61[39m  100%  built (not run): [36m  61[39m, filtered: [39m   0[39m, failed: [39m   0[39m, error: [39m   0[39m

INFO    - 61 test scenarios (61 configurations) selected, 0 configurations filtered (0 by static filter, 0 at runtime).
INFO    - 0 of 61 executed test configurations passed (0.00%), 61 built (not run), 0 failed, 0 errored, with no warnings in 3213.48 seconds.
INFO    - 0 test configurations executed on platforms, 61 test configurations were only built.
INFO    - Saving reports...
INFO    - Writing JSON report C:\u4p\twister.json
INFO    - Writing xunit report C:\u4p\twister.xml...
INFO    - Writing xunit report C:\u4p\twister_report.xml...
INFO    - Run completed
[M12-ZEPHYR] exec: C:\ncs\toolchains\dcbdc366a1\opt\bin\python.exe C:\ncs\v3.4.0\zephyr\scripts\twister --testsuite-root C:\Users\eidos\GitHub\NU54DK_Arduino_Core\tests\zephyr\m3_runtime --testsuite-root C:\Users\eidos\GitHub\NU54DK_Arduino_Core\tests\zephyr\m4_api_contract --testsuite-root C:\Users\eidos\GitHub\NU54DK_Arduino_Core\tests\zephyr\m6_core_api --testsuite-root C:\Users\eidos\GitHub\NU54DK_Arduino_Core\tests\zephyr\m7_core_api --testsuite-root C:\Users\eidos\GitHub\NU54DK_Arduino_Core\tests\zephyr\m14_core_contract --testsuite-root C:\Users\eidos\GitHub\NU54DK_Arduino_Core\tests\zephyr\m14_variant_contract --testsuite-root C:\Users\eidos\GitHub\NU54DK_Arduino_Core\tests\zephyr\m14_pin_hil --testsuite-root C:\Users\eidos\GitHub\NU54DK_Arduino_Core\tests\zephyr\m15_board --testsuite-root C:\Users\eidos\GitHub\NU54DK_Arduino_Core\tests\zephyr\m15_hil --testsuite-root C:\Users\eidos\GitHub\NU54DK_Arduino_Core\tests\zephyr\m15_wake --testsuite-root C:\Users\eidos\GitHub\NU54DK_Arduino_Core\tests\zephyr\m16_ble_contract --testsuite-root C:\Users\eidos\GitHub\NU54DK_Arduino_Core\tests\zephyr\m16_ble_hil --testsuite-root C:\Users\eidos\GitHub\NU54DK_Arduino_Core\tests\zephyr\m16_ble_hil --testsuite-root C:\Users\eidos\GitHub\NU54DK_Arduino_Core\tests\zephyr\m17_sensor_direct --testsuite-root C:\Users\eidos\GitHub\NU54DK_Arduino_Core\tests\zephyr\m19_ble_gap_contract --testsuite-root C:\Users\eidos\GitHub\NU54DK_Arduino_Core\tests\zephyr\m19_ble_gap_hil --testsuite-root C:\Users\eidos\GitHub\NU54DK_Arduino_Core\tests\zephyr\m19_ble_gap_hil --testsuite-root C:\Users\eidos\GitHub\NU54DK_Arduino_Core\tests\zephyr\m20_ble_gatt_contract --testsuite-root C:\Users\eidos\GitHub\NU54DK_Arduino_Core\tests\zephyr\m20_ble_gatt_hil --testsuite-root C:\Users\eidos\GitHub\NU54DK_Arduino_Core\tests\zephyr\m20_ble_gatt_hil --testsuite-root C:\Users\eidos\GitHub\NU54DK_Arduino_Core\tests\zephyr\m21_ble_contract --testsuite-root C:\Users\eidos\GitHub\NU54DK_Arduino_Core\tests\zephyr\m21_ble_hil --testsuite-root C:\Users\eidos\GitHub\NU54DK_Arduino_Core\tests\zephyr\m21_ble_hil --testsuite-root C:\Users\eidos\GitHub\NU54DK_Arduino_Core\tests\zephyr\m21_ble_board_contract --testsuite-root C:\Users\eidos\GitHub\NU54DK_Arduino_Core\tests\zephyr\ac01_contract --testsuite-root C:\Users\eidos\GitHub\NU54DK_Arduino_Core\tests\zephyr\ac01_hil --testsuite-root C:\Users\eidos\GitHub\NU54DK_Arduino_Core\tests\zephyr\ac02a_ownership_contract --testsuite-root C:\Users\eidos\GitHub\NU54DK_Arduino_Core\tests\zephyr\ac02b_b2_contract --testsuite-root C:\Users\eidos\GitHub\NU54DK_Arduino_Core\tests\zephyr\ac02b_analog_contract --testsuite-root C:\Users\eidos\GitHub\NU54DK_Arduino_Core\tests\zephyr\ac02b_hil_dut --testsuite-root C:\Users\eidos\GitHub\NU54DK_Arduino_Core\tests\zephyr\ac02b_hil_peer --testsuite-root C:\Users\eidos\GitHub\NU54DK_Arduino_Core\tests\zephyr\ac03_storage_contract --testsuite-root C:\Users\eidos\GitHub\NU54DK_Arduino_Core\tests\zephyr\ac03_hil --testsuite-root C:\Users\eidos\GitHub\NU54DK_Arduino_Core\tests\zephyr\r01_serial --testsuite-root C:\Users\eidos\GitHub\NU54DK_Arduino_Core\tests\zephyr\r01_serial --testsuite-root C:\Users\eidos\GitHub\NU54DK_Arduino_Core\tests\zephyr\r01_serial --testsuite-root C:\Users\eidos\GitHub\NU54DK_Arduino_Core\tests\zephyr\r01_serial --testsuite-root C:\Users\eidos\GitHub\NU54DK_Arduino_Core\tests\zephyr\r01_serial --testsuite-root C:\Users\eidos\GitHub\NU54DK_Arduino_Core\tests\zephyr\r01_serial --testsuite-root C:\Users\eidos\GitHub\NU54DK_Arduino_Core\tests\zephyr\r01_serial --testsuite-root C:\Users\eidos\GitHub\NU54DK_Arduino_Core\tests\zephyr\v04_pair_hil --testsuite-root C:\Users\eidos\GitHub\NU54DK_Arduino_Core\tests\zephyr\v04_pair_hil --testsuite-root C:\Users\eidos\GitHub\NU54DK_Arduino_Core\tests\zephyr\m23_inventory_contract --testsuite-root C:\Users\eidos\GitHub\NU54DK_Arduino_Core\tests\zephyr\m24_serial_fabric_contract --testsuite-root C:\Users\eidos\GitHub\NU54DK_Arduino_Core\tests\zephyr\m24_uarte_driver_contract --testsuite-root C:\Users\eidos\GitHub\NU54DK_Arduino_Core\tests\zephyr\m24_spi_driver_contract --testsuite-root C:\Users\eidos\GitHub\NU54DK_Arduino_Core\tests\zephyr\m24_twi_driver_contract --testsuite-root C:\Users\eidos\GitHub\NU54DK_Arduino_Core\tests\zephyr\m24_uarte_onboard_hil --testsuite-root C:\Users\eidos\GitHub\NU54DK_Arduino_Core\tests\zephyr\m24_uarte_onboard_hil --testsuite-root C:\Users\eidos\GitHub\NU54DK_Arduino_Core\tests\zephyr\m24_uarte_onboard_hil --testsuite-root C:\Users\eidos\GitHub\NU54DK_Arduino_Core\tests\zephyr\m24_uarte_onboard_hil --testsuite-root C:\Users\eidos\GitHub\NU54DK_Arduino_Core\tests\zephyr\m24_twim_onboard_hil --testsuite-root C:\Users\eidos\GitHub\NU54DK_Arduino_Core\tests\zephyr\m24_twim_onboard_hil --testsuite-root C:\Users\eidos\GitHub\NU54DK_Arduino_Core\tests\zephyr\m24_twim_onboard_hil --testsuite-root C:\Users\eidos\GitHub\NU54DK_Arduino_Core\tests\zephyr\m25_analog_fabric_contract --testsuite-root C:\Users\eidos\GitHub\NU54DK_Arduino_Core\tests\zephyr\m25_event_fabric_contract --testsuite-root C:\Users\eidos\GitHub\NU54DK_Arduino_Core\tests\zephyr\m25_stream_fabric_contract --testsuite-root C:\Users\eidos\GitHub\NU54DK_Arduino_Core\tests\zephyr\m25_onboard_hil --testsuite-root C:\Users\eidos\GitHub\NU54DK_Arduino_Core\tests\zephyr\m25_nojumper_hil --testsuite-root C:\Users\eidos\GitHub\NU54DK_Arduino_Core\tests\zephyr\m26_system_fabric_contract --testsuite-root C:\Users\eidos\GitHub\NU54DK_Arduino_Core\tests\zephyr\m26_onboard_hil --platform nrf54l15dk/nrf54l15/cpuapp/nu54dk --board-root C:\Users\eidos\GitHub\NU54DK_Arduino_Core\board_package\NU54DK_Zephyr_DTS\boards --build-only --ninja --detailed-test-id --jobs 8 --outdir C:\u4p --extra-args BOARD_ROOT=C:/Users/eidos/GitHub/NU54DK_Arduino_Core/board_package/NU54DK_Zephyr_DTS --extra-args EXTRA_ZEPHYR_MODULES=C:/Users/eidos/GitHub/NU54DK_Arduino_Core --extra-args USE_CCACHE=0 --scenario nucode.m3.runtime --scenario nucode.m4.api_contract --scenario nucode.m6.core_api --scenario nucode.m7.core_api --scenario nucode.m14.core_contract --scenario nucode.m14.variant_contract --scenario nucode.m14.pin_hil --scenario nucode.m15.board --scenario nucode.m15.auto_hil --scenario nucode.m15.wake --scenario nucode.m16.ble_contract --scenario nucode.m16.ble_hil_peripheral --scenario nucode.m16.ble_hil_central --scenario nucode.m17.sensor_direct --scenario nucode.m19.ble_gap_contract --scenario nucode.m19.ble_gap_hil_peripheral --scenario nucode.m19.ble_gap_hil_central --scenario nucode.m20.ble_gatt_contract --scenario nucode.m20.ble_gatt_hil_peripheral --scenario nucode.m20.ble_gatt_hil_central --scenario nucode.m21.ble_security_contract --scenario nucode.m21.ble_security_hil_peripheral --scenario nucode.m21.ble_security_hil_central --scenario nucode.m21.ble_board_contract --scenario nucode.ac01.contract --scenario nucode.ac01.gpio_hil --scenario nucode.ac02a.ownership_contract --scenario nucode.ac02b.b2_contract --scenario nucode.ac02b.analog_contract --scenario nucode.ac02b.hil_dut --scenario nucode.ac02b.hil_peer --scenario nucode.ac03.storage_contract --scenario nucode.ac03.storage_hil --scenario nucode.r01.none --scenario nucode.r01.uarte --scenario nucode.r01.spim --scenario nucode.r01.spis --scenario nucode.r01.twim --scenario nucode.r01.twis --scenario nucode.r01.all --scenario nucode.v04.pair_dut --scenario nucode.v04.pair_peer --scenario nucode.m23.inventory_contract --scenario nucode.m24.fabric --scenario nucode.m24.uarte --scenario nucode.m24.spi --scenario nucode.m24.twi --scenario nucode.m24.uarte20_hil --scenario nucode.m24.uarte21_hil --scenario nucode.m24.uarte22_hil --scenario nucode.m24.uarte30_hil --scenario nucode.m24.twim20_hil --scenario nucode.m24.twim21_hil --scenario nucode.m24.twim22_hil --scenario nucode.m25.analog --scenario nucode.m25.event --scenario nucode.m25.stream --scenario nucode.m25.onboard_hil --scenario nucode.m25.nojumper_hil --scenario nucode.m26.system --scenario nucode.m26.onboard_hil
M12_ZEPHYR_BUILD_PASS=61;GROUP=all;M16_ROLE_BUILDS=2;SELECTION=full-group
