{
  "schema_version": 1,
  "type": "v04-pair-synthetic-signal",
  "status": "preflight",
  "fixture_id": 404,
  "fixture_revision": 2,
  "catalog_sha256": "50ad2ee57f26ac65cc9b88a0197c9064131fbffd5e060aea2a648e5f72ffd8e3",
  "core_revision": "e080bbc8f07a0ad751d83dacdb259d395b69be5b",
  "board_revision": "fe65f2f0880bd05b32e562d9bf1ee59142b4f4d3",
  "scope": "two-board-analog-pwm-event-pdm-i2s-qdec",
  "swd_frequency_hz": 10000000,
  "external_wiring_executed": false,
  "repetitions": 1,
  "campaign": {
    "repetitions": 1,
    "duration_seconds": 0,
    "progress_interval_seconds": 5,
    "interrupted_duration_reused": false
  },
  "devices": [
    {
      "role": 1,
      "uid_sha256": "32f71533ff6ba27fd38ed32a17bf6d80a90d4f4980221051ed5c5a2e7fdb63a9",
      "hex_sha256": "fe507720f07babd9c84a44beab9607587d65784bac5a18c341382c42dc93c145",
      "elf_sha256": "a6e07433b0e50b669ee95d30841b151e4dfbc9b3b2823135e15e4b91ba25d9ec",
      "record_sha256": "89658e60ff13b1649170ca57fea14dd0faca11324175867db2e6cdf7edafb5f8"
    },
    {
      "role": 2,
      "uid_sha256": "4574ee31f25fe05f154395ea4d8c6aa0583b04a4f7a0ea97fe3d13b05eea8ca0",
      "hex_sha256": "42af80e76ea36871fcbc5a335c72818632d8519e3ebbe6fb9dc066d73fd9d80d",
      "elf_sha256": "fb3c948054b9eec66ed5a1eba15c2aeeff3ab463de23d7ddcb254c8709644053",
      "record_sha256": "89658e60ff13b1649170ca57fea14dd0faca11324175867db2e6cdf7edafb5f8"
    }
  ],
  "results": [],
  "fixture": {
    "id": 404,
    "family": "analog",
    "banks": [
      1,
      1
    ],
    "instances": [
      [
        20,
        21,
        22
      ],
      [
        20,
        21,
        22
      ]
    ],
    "links": [
      {
        "dut": [
          "P2",
          9,
          "P1.7"
        ],
        "peer": [
          "P4",
          12,
          "P1.14"
        ],
        "signal": "peer PWM level -> DUT SAADC AIN3"
      },
      {
        "dut": [
          "P2",
          30,
          "GND"
        ],
        "peer": [
          "P2",
          30,
          "GND"
        ],
        "signal": "GND"
      }
    ],
    "notes": "AIN3용 재결선입니다. 두 보드 DAP UART를 분리하고 PWM20/21/22의 channel slot 0~3을 순차 검사합니다.",
    "pullups": []
  },
  "confirmation_template": {
    "fixture_id": 404,
    "fixture_revision": 2,
    "catalog_sha256": "50ad2ee57f26ac65cc9b88a0197c9064131fbffd5e060aea2a648e5f72ffd8e3",
    "core_revision": "e080bbc8f07a0ad751d83dacdb259d395b69be5b",
    "board_revision": "fe65f2f0880bd05b32e562d9bf1ee59142b4f4d3",
    "uid_sha256": [
      "32f71533ff6ba27fd38ed32a17bf6d80a90d4f4980221051ed5c5a2e7fdb63a9",
      "4574ee31f25fe05f154395ea4d8c6aa0583b04a4f7a0ea97fe3d13b05eea8ca0"
    ],
    "hex_sha256": [
      "fe507720f07babd9c84a44beab9607587d65784bac5a18c341382c42dc93c145",
      "42af80e76ea36871fcbc5a335c72818632d8519e3ebbe6fb9dc066d73fd9d80d"
    ],
    "dap_uart_disconnected_both": false,
    "swd_connected_both": false,
    "power_rails_not_joined": false,
    "equal_io_voltage_confirmed": false,
    "common_ground_confirmed": false,
    "links_match_catalog": false,
    "pullups_match_catalog": false,
    "extra_outputs_disconnected": false,
    "confirmed_at_unix": 0,
    "confirmed_by": ""
  }
}
V04_SIGNAL_PREFLIGHT_ONLY; no probe access, flash, reset or external output
