{
  "schema_version": 1,
  "type": "v04-pair-synthetic-signal",
  "status": "preflight",
  "fixture_id": 440,
  "fixture_revision": 5,
  "catalog_sha256": "26fcb8482b72b9f7bebf5786388a514462aaa5c40e19eb8bb338b9f187e5ca95",
  "core_revision": "7641229dca8c37be7a0d07241d407cb14cbf76ca",
  "board_revision": "fe65f2f0880bd05b32e562d9bf1ee59142b4f4d3",
  "scope": "two-board-analog-pwm-event-pdm-i2s-qdec",
  "swd_frequency_hz": 10000000,
  "external_wiring_executed": false,
  "repetitions": 1,
  "campaign": {
    "repetitions": 1,
    "duration_seconds": 0,
    "progress_interval_seconds": 5,
    "interrupted_duration_reused": false
  },
  "devices": [
    {
      "role": 1,
      "uid_sha256": "32f71533ff6ba27fd38ed32a17bf6d80a90d4f4980221051ed5c5a2e7fdb63a9",
      "hex_sha256": "998f9cf70fccde878d5b063e564f04e5912ab10863da3ebd6254b23019d9ee67",
      "elf_sha256": "3e86b3698e008a884e10ef0de564092875c6d506ac5f8a23c65ec82d2324332b",
      "record_sha256": "6f2fe4463d9e05123c3bcffbdd0318f61d0d0eef7887a48e0116dea2e14b9916"
    },
    {
      "role": 2,
      "uid_sha256": "4574ee31f25fe05f154395ea4d8c6aa0583b04a4f7a0ea97fe3d13b05eea8ca0",
      "hex_sha256": "28557f92b3c36f8d5572d006f6eee91690523ce9b316f4853f23874558c3e59d",
      "elf_sha256": "4d12e90de625a0fab9205b65fdf53896f1697fafc9a094ba43fb67709292782f",
      "record_sha256": "6f2fe4463d9e05123c3bcffbdd0318f61d0d0eef7887a48e0116dea2e14b9916"
    }
  ],
  "results": [],
  "fixture": {
    "id": 440,
    "family": "pdm",
    "banks": [
      1,
      1
    ],
    "instances": [
      [
        20,
        21
      ],
      [
        20,
        21
      ]
    ],
    "links": [
      {
        "dut": [
          "P2",
          12,
          "P1.4"
        ],
        "peer": [
          "P2",
          11,
          "P1.5"
        ],
        "signal": "receiver PDM CLK -> generator SPIS SCK"
      },
      {
        "dut": [
          "P2",
          10,
          "P1.6"
        ],
        "peer": [
          "P2",
          9,
          "P1.7"
        ],
        "signal": "receiver PDM DATA <- generator SPIS MISO"
      },
      {
        "dut": [
          "P2",
          11,
          "P1.5"
        ],
        "peer": [
          "P2",
          12,
          "P1.4"
        ],
        "signal": "receiver gate LOW -> generator SPIS CSN"
      },
      {
        "dut": [
          "P2",
          30,
          "GND"
        ],
        "peer": [
          "P2",
          30,
          "GND"
        ],
        "signal": "GND"
      }
    ],
    "notes": "PDM receiver가 clock을 만듭니다. Mono는 상대 SPIS EasyDMA/ORC의 25/50/75% density 순서를 검사합니다. Stereo는 같은 clock/data 결선에서 GPIOTE20→DPPI20→GPIOTE20 task로 양 clock edge에 data를 반전하여 반대 부호 채널을 만듭니다. 75 profile은 source 극성을 반전하며 stereo profile 숫자를 25/50/75% density로 해석하지 않습니다. 좌우 channel·edge·극성 순서를 실기에서 판정합니다.",
    "pullups": []
  },
  "confirmation_template": {
    "fixture_id": 440,
    "fixture_revision": 5,
    "catalog_sha256": "26fcb8482b72b9f7bebf5786388a514462aaa5c40e19eb8bb338b9f187e5ca95",
    "core_revision": "7641229dca8c37be7a0d07241d407cb14cbf76ca",
    "board_revision": "fe65f2f0880bd05b32e562d9bf1ee59142b4f4d3",
    "uid_sha256": [
      "32f71533ff6ba27fd38ed32a17bf6d80a90d4f4980221051ed5c5a2e7fdb63a9",
      "4574ee31f25fe05f154395ea4d8c6aa0583b04a4f7a0ea97fe3d13b05eea8ca0"
    ],
    "hex_sha256": [
      "998f9cf70fccde878d5b063e564f04e5912ab10863da3ebd6254b23019d9ee67",
      "28557f92b3c36f8d5572d006f6eee91690523ce9b316f4853f23874558c3e59d"
    ],
    "dap_uart_disconnected_both": false,
    "swd_connected_both": false,
    "power_rails_not_joined": false,
    "equal_io_voltage_confirmed": false,
    "common_ground_confirmed": false,
    "links_match_catalog": false,
    "pullups_match_catalog": false,
    "extra_outputs_disconnected": false,
    "confirmed_at_unix": 0,
    "confirmed_by": ""
  }
}
V04_SIGNAL_PREFLIGHT_ONLY; no probe access, flash, reset or external output
