Loading Zephyr module(s) (Zephyr base): sysbuild_default
-- Found Python3: C:/ncs/toolchains/dcbdc366a1/opt/bin/python.exe (found suitable version "3.12.4", minimum required is "3.12") found components: Interpreter
-- Cache files will be written to: C:/ncs/v3.4.0/zephyr/.cache
-- Found west (found suitable version "1.5.0", minimum required is "0.14.0")
-- Board: nrf54l15dk, qualifiers: nrf54l15/cpuapp/nu54dk
Parsing C:/ncs/v3.4.0/zephyr/share/sysbuild/Kconfig
Loaded configuration 'C:/u4a/nrf54l15dk_nrf54l15_cpuapp_nu54dk/zephyr_gnu/nucode.m3.runtime/_sysbuild/empty.conf'
Merged configuration 'C:/u4a/nrf54l15dk_nrf54l15_cpuapp_nu54dk/zephyr_gnu/nucode.m3.runtime/_sysbuild/empty.conf'
Merged configuration 'C:/u4a/nrf54l15dk_nrf54l15_cpuapp_nu54dk/zephyr_gnu/nucode.m3.runtime/zephyr/misc/generated/extra_kconfig_options.conf'
Configuration saved to 'C:/u4a/nrf54l15dk_nrf54l15_cpuapp_nu54dk/zephyr_gnu/nucode.m3.runtime/zephyr/.config'
Kconfig header saved to 'C:/u4a/nrf54l15dk_nrf54l15_cpuapp_nu54dk/zephyr_gnu/nucode.m3.runtime/_sysbuild/autoconf.h'
-- 
   ********************************
   * Running CMake for m3_runtime *
   ********************************

Loading Zephyr default modules (Zephyr base).
-- Application: C:/Users/eidos/GitHub/NU54DK_Arduino_Core/tests/zephyr/m3_runtime
-- CMake version: 4.2.1
-- Found Python3: C:/ncs/toolchains/dcbdc366a1/opt/bin/python.exe (found suitable version "3.12.4", minimum required is "3.12") found components: Interpreter
-- Cache files will be written to: C:/ncs/v3.4.0/zephyr/.cache
-- Zephyr version: 4.4.0 (C:/ncs/v3.4.0/zephyr)
-- Found west (found suitable version "1.5.0", minimum required is "0.14.0")
-- Board: nrf54l15dk, qualifiers: nrf54l15/cpuapp/nu54dk
-- Found host-tools: zephyr 1.0.1 (C:/ncs/toolchains/dcbdc366a1/opt/zephyr-sdk)
-- Found toolchain: zephyr 1.0.1 (C:/ncs/toolchains/dcbdc366a1/opt/zephyr-sdk)
-- Found Dtc: C:/ncs/toolchains/dcbdc366a1/opt/bin/dtc.exe (found suitable version "1.4.7", minimum required is "1.4.6")
-- Found BOARD.dts: C:/Users/eidos/GitHub/NU54DK_Arduino_Core/board_package/NU54DK_Zephyr_DTS/boards/nucode/nu54dk/nrf54l15dk_nrf54l15_cpuapp_nu54dk.dts
-- Found devicetree overlay: C:/Users/eidos/GitHub/NU54DK_Arduino_Core/tests/zephyr/m3_runtime/boards/nrf54l15dk_nrf54l15_cpuapp_nu54dk.overlay
-- Generated zephyr.dts: C:/u4a/nrf54l15dk_nrf54l15_cpuapp_nu54dk/zephyr_gnu/nucode.m3.runtime/m3_runtime/zephyr/zephyr.dts
-- Generated pickled edt: C:/u4a/nrf54l15dk_nrf54l15_cpuapp_nu54dk/zephyr_gnu/nucode.m3.runtime/m3_runtime/zephyr/edt.pickle
-- Generated devicetree_generated.h: C:/u4a/nrf54l15dk_nrf54l15_cpuapp_nu54dk/zephyr_gnu/nucode.m3.runtime/m3_runtime/zephyr/include/generated/zephyr/devicetree_generated.h

warning: Deprecated symbol NRF_PLATFORM_LUMOS is enabled.

Parsing C:/ncs/v3.4.0/zephyr/Kconfig
Loaded configuration 'C:/Users/eidos/GitHub/NU54DK_Arduino_Core/board_package/NU54DK_Zephyr_DTS/boards/nucode/nu54dk/nrf54l15dk_nrf54l15_cpuapp_nu54dk_defconfig'
Merged configuration 'C:/Users/eidos/GitHub/NU54DK_Arduino_Core/tests/zephyr/m3_runtime/prj.conf'
Merged configuration 'C:/u4a/nrf54l15dk_nrf54l15_cpuapp_nu54dk/zephyr_gnu/nucode.m3.runtime/m3_runtime/zephyr/.config.sysbuild'
Configuration saved to 'C:/u4a/nrf54l15dk_nrf54l15_cpuapp_nu54dk/zephyr_gnu/nucode.m3.runtime/m3_runtime/zephyr/.config'
Kconfig header saved to 'C:/u4a/nrf54l15dk_nrf54l15_cpuapp_nu54dk/zephyr_gnu/nucode.m3.runtime/m3_runtime/zephyr/include/generated/zephyr/autoconf.h'
-- Found GnuLd: C:/ncs/toolchains/dcbdc366a1/opt/zephyr-sdk/gnu/arm-zephyr-eabi/arm-zephyr-eabi/bin/ld.bfd.exe (found version "2.43.1")
-- The C compiler identification is GNU 14.3.0
-- The CXX compiler identification is GNU 14.3.0
-- The ASM compiler identification is GNU
-- Found assembler: C:/ncs/toolchains/dcbdc366a1/opt/zephyr-sdk/gnu/arm-zephyr-eabi/bin/arm-zephyr-eabi-gcc.exe
-- overriding FLASH runner nrfutil; it's now pyocd
-- overriding DEBUG runner jlink; it's now pyocd
-- Using ccache: C:/ncs/toolchains/dcbdc366a1/opt/bin/ccache.exe
-- Found gen_kobject_list: C:/ncs/v3.4.0/zephyr/scripts/build/gen_kobject_list.py
-- Configuring done (31.1s)
-- Generating done (2.1s)
-- Build files have been written to: C:/u4a/nrf54l15dk_nrf54l15_cpuapp_nu54dk/zephyr_gnu/nucode.m3.runtime/m3_runtime
-- Configuring done (42.3s)
-- Generating done (0.2s)
-- Build files have been written to: C:/u4a/nrf54l15dk_nrf54l15_cpuapp_nu54dk/zephyr_gnu/nucode.m3.runtime
[1/8] Creating directories for 'm3_runtime'
[2/8] No download step for 'm3_runtime'
[3/8] No update step for 'm3_runtime'
[4/8] No patch step for 'm3_runtime'
[5/8] No configure step for 'm3_runtime'
[5/8] Performing build step for 'm3_runtime'
[1/283] Generating ../../zephyr/include/generated/ncs_version.h
[2/283] Generating ../../zephyr/include/generated/zephyr_commit.h
[3/283] Generating ../../zephyr/include/generated/ncs_commit.h
[4/283] Generating include/generated/zephyr/version.h
-- Zephyr version: 4.4.0 (C:/ncs/v3.4.0/zephyr), build: ncs-v3.4.0
[5/283] Generating misc/generated/syscalls.json, misc/generated/struct_tags.json
[6/283] Generating include/generated/device-api-sections.ld, include/generated/device-api-sections.cmake
[7/283] Generating include/generated/zephyr/kobj-types-enum.h, include/generated/zephyr/otype-to-str.h, include/generated/zephyr/otype-to-size.h
[8/283] Generating include/generated/zephyr/syscall_dispatch.c, include/generated/zephyr/syscall_exports_llext.c, syscall_weakdefs_llext.c, include/generated/zephyr/syscall_list.h
[9/283] Generating include/generated/zephyr/driver-validation.h
[10/283] Building C object zephyr/lib/heap/CMakeFiles/heap_constants.dir/heap_constants.c.obj
[11/283] Generating ../../include/generated/zephyr/heap_constants.h
[12/283] Building C object zephyr/CMakeFiles/offsets.dir/arch/arm/core/offsets/offsets.c.obj
[13/283] Generating include/generated/zephyr/offsets.h
[14/283] Building C object modules/nrf/subsys/nrf_security/src/CMakeFiles/nrf_security_utils.dir/utils/nrf_security_mutexes.c.obj
[15/283] Building C object modules/nrf/subsys/nrf_security/src/CMakeFiles/nrf_security_utils.dir/utils/nrf_security_events.c.obj
[16/283] Building C object modules/nrf/subsys/nrf_security/src/CMakeFiles/nrf_security_utils.dir/utils/nrf_security_core.c.obj
[17/283] Building C object modules/nrf/subsys/nrf_security/src/CMakeFiles/nrf_security_utils.dir/utils/nrf_security_mem_helpers.c.obj
[18/283] Building C object modules/nrf/subsys/nrf_security/src/drivers/cracen/CMakeFiles/cracen_psa_driver.dir/sxsymcrypt/src/aead.c.obj
[19/283] Building C object modules/nrf/subsys/nrf_security/src/drivers/cracen/CMakeFiles/cracen_psa_driver.dir/sxsymcrypt/src/blkcipher.c.obj
[20/283] Building C object modules/nrf/subsys/nrf_security/src/drivers/cracen/CMakeFiles/cracen_psa_driver.dir/sxsymcrypt/src/chachapoly.c.obj
[21/283] Building C object modules/nrf/subsys/nrf_security/src/drivers/cracen/CMakeFiles/cracen_psa_driver.dir/sxsymcrypt/src/cmac.c.obj
[22/283] Building C object modules/nrf/subsys/nrf_security/src/drivers/cracen/CMakeFiles/cracen_psa_driver.dir/sxsymcrypt/src/cmdma.c.obj
[23/283] Building C object modules/nrf/subsys/nrf_security/src/drivers/cracen/CMakeFiles/cracen_psa_driver.dir/sxsymcrypt/src/cmmask.c.obj
[24/283] Building C object modules/nrf/subsys/nrf_security/src/drivers/cracen/CMakeFiles/cracen_psa_driver.dir/sxsymcrypt/src/hash.c.obj
[25/283] Building C object modules/nrf/subsys/nrf_security/src/drivers/cracen/CMakeFiles/cracen_psa_driver.dir/sxsymcrypt/src/hmac.c.obj
[26/283] Building C object modules/nrf/subsys/nrf_security/src/drivers/cracen/CMakeFiles/cracen_psa_driver.dir/sxsymcrypt/src/keyref.c.obj
[27/283] Building C object modules/nrf/subsys/nrf_security/src/drivers/cracen/CMakeFiles/cracen_psa_driver.dir/sxsymcrypt/src/mac.c.obj
[28/283] Building C object modules/nrf/subsys/nrf_security/src/drivers/cracen/CMakeFiles/cracen_psa_driver.dir/sxsymcrypt/src/sha3.c.obj
[29/283] Building C object modules/nrf/subsys/nrf_security/src/drivers/cracen/CMakeFiles/cracen_psa_driver.dir/sxsymcrypt/src/trng.c.obj
[30/283] Building C object modules/nrf/subsys/nrf_security/src/drivers/cracen/CMakeFiles/cracen_psa_driver.dir/sxsymcrypt/src/platform/baremetal/cmdma_hw.c.obj
[31/283] Building C object modules/nrf/subsys/nrf_security/src/drivers/cracen/CMakeFiles/cracen_psa_driver.dir/sxsymcrypt/src/platform/baremetal/interrupts.c.obj
[32/283] Building C object modules/nrf/subsys/nrf_security/src/drivers/cracen/CMakeFiles/cracen_psa_driver.dir/silexpk/interface/sxbuf/sxbufops.c.obj
[33/283] Building C object modules/nrf/subsys/nrf_security/src/drivers/cracen/CMakeFiles/cracen_psa_driver.dir/silexpk/src/blind.c.obj
[34/283] Building C object modules/nrf/subsys/nrf_security/src/drivers/cracen/CMakeFiles/cracen_psa_driver.dir/silexpk/src/ed448.c.obj
[35/283] Linking C static library modules\nrf\subsys\nrf_security\src\libnrf_security_utils.a
[36/283] Building C object modules/nrf/subsys/nrf_security/src/drivers/cracen/CMakeFiles/cracen_psa_driver.dir/silexpk/src/ed25519.c.obj
[37/283] Building C object modules/nrf/subsys/nrf_security/src/drivers/cracen/CMakeFiles/cracen_psa_driver.dir/silexpk/src/iomem.c.obj
[38/283] Building C object modules/nrf/subsys/nrf_security/src/drivers/cracen/CMakeFiles/cracen_psa_driver.dir/silexpk/src/montgomery.c.obj
[39/283] Building C object modules/nrf/subsys/nrf_security/src/drivers/cracen/CMakeFiles/cracen_psa_driver.dir/silexpk/src/statuscodes.c.obj
[40/283] Building C object modules/nrf/subsys/nrf_security/src/drivers/cracen/CMakeFiles/cracen_psa_driver.dir/silexpk/target/baremetal_ba414e_with_ik/pk_baremetal.c.obj
[41/283] Building C object modules/nrf/subsys/nrf_security/src/drivers/cracen/CMakeFiles/cracen_psa_driver.dir/silexpk/target/hw/ba414/pkhardware_ba414e.c.obj
[42/283] Building C object modules/nrf/subsys/nrf_security/src/drivers/cracen/CMakeFiles/cracen_psa_driver.dir/silexpk/target/hw/ba414/ba414_status.c.obj
[43/283] Building C object modules/nrf/subsys/nrf_security/src/drivers/cracen/CMakeFiles/cracen_psa_driver.dir/silexpk/target/hw/ba414/ec_curves.c.obj
[44/283] Building C object modules/nrf/subsys/nrf_security/src/drivers/cracen/CMakeFiles/cracen_psa_driver.dir/silexpk/target/hw/ba414/cmddefs_ecc.c.obj
[45/283] Building C object modules/nrf/subsys/nrf_security/src/drivers/cracen/CMakeFiles/cracen_psa_driver.dir/silexpk/target/hw/ba414/cmddefs_modmath.c.obj
[46/283] Building C object modules/nrf/subsys/nrf_security/src/drivers/cracen/CMakeFiles/cracen_psa_driver.dir/silexpk/target/hw/ba414/cmddefs_ecjpake.c.obj
[47/283] Building C object modules/nrf/subsys/nrf_security/src/drivers/cracen/CMakeFiles/cracen_psa_driver.dir/common/src/cracen/hardware/hardware.c.obj
[48/283] Building C object modules/nrf/subsys/nrf_security/src/drivers/cracen/CMakeFiles/cracen_psa_driver.dir/common/src/cracen/common.c.obj
[49/283] Building C object modules/nrf/subsys/nrf_security/src/drivers/cracen/CMakeFiles/cracen_psa_driver.dir/common/src/cracen/cracen_rndinrange.c.obj
[50/283] Building C object modules/nrf/subsys/nrf_security/src/drivers/cracen/CMakeFiles/cracen_psa_driver.dir/common/src/cracen/ec_helpers.c.obj
[51/283] Building C object modules/nrf/subsys/nrf_security/src/drivers/cracen/CMakeFiles/cracen_psa_driver.dir/common/src/cracen/prng_pool.c.obj
[52/283] Building C object modules/nrf/subsys/nrf_security/src/drivers/cracen/CMakeFiles/cracen_psa_driver.dir/common/src/cracen/lib_kmu.c.obj
[53/283] Building C object modules/nrf/subsys/nrf_security/src/drivers/cracen/CMakeFiles/cracen_psa_driver.dir/cracenpsa/src/cracen_psa.c.obj
[54/283] Building C object modules/nrf/subsys/nrf_security/src/drivers/cracen/CMakeFiles/cracen_psa_driver.dir/cracenpsa/src/internal/ecc/cracen_ecc_helpers.c.obj
[55/283] Building C object modules/nrf/subsys/nrf_security/src/drivers/cracen/CMakeFiles/cracen_psa_driver.dir/cracenpsa/src/internal/ecc/cracen_ecc_keygen.c.obj
[56/283] Building C object modules/nrf/subsys/nrf_security/src/drivers/cracen/CMakeFiles/cracen_psa_driver.dir/cracenpsa/src/internal/ecc/cracen_ecc_key_management.c.obj
[57/283] Building C object modules/nrf/subsys/nrf_security/src/drivers/cracen/CMakeFiles/cracen_psa_driver.dir/cracenpsa/src/internal/aes/cracen_aes_ecb.c.obj
[58/283] Building C object modules/nrf/subsys/nrf_security/src/drivers/cracen/CMakeFiles/cracen_psa_driver.dir/cracenpsa/src/internal/aes/cracen_aes_cbc.c.obj
[59/283] Building C object modules/nrf/subsys/nrf_security/src/drivers/cracen/CMakeFiles/cracen_psa_driver.dir/cracenpsa/src/cracen_psa_cipher.c.obj
[60/283] Building C object modules/nrf/subsys/nrf_security/src/drivers/cracen/CMakeFiles/cracen_psa_driver.dir/cracenpsa/src/cracen_psa_ctr_drbg.c.obj
[61/283] Building C object modules/nrf/subsys/nrf_security/src/drivers/cracen/CMakeFiles/cracen_psa_driver.dir/cracenpsa/src/cracen_psa_ikg.c.obj
[62/283] Building C object modules/nrf/subsys/nrf_security/src/drivers/cracen/CMakeFiles/cracen_psa_driver.dir/cracenpsa/src/cracen_psa_key_management.c.obj
[63/283] Building C object modules/nrf/subsys/nrf_security/src/drivers/cracen/CMakeFiles/cracen_psa_driver.dir/cracenpsa/src/internal/rsa/cracen_rsa_key_management.c.obj
[64/283] Building C object modules/nrf/subsys/nrf_security/src/drivers/cracen/CMakeFiles/cracen_psa_driver.dir/cracenpsa/src/internal/pake/cracen_wpa3_key_management.c.obj
[65/283] Building C object modules/nrf/subsys/nrf_security/src/drivers/cracen/CMakeFiles/cracen_psa_driver.dir/cracenpsa/src/internal/pake/cracen_spake2p_key_management.c.obj
[66/283] Building C object modules/nrf/subsys/nrf_security/src/drivers/cracen/CMakeFiles/cracen_psa_driver.dir/cracenpsa/src/internal/pake/cracen_srp_key_management.c.obj
[67/283] Building C object modules/nrf/subsys/nrf_security/src/drivers/cracen/CMakeFiles/cracen_psa_driver.dir/cracenpsa/src/internal/ecc/cracen_ecdsa.c.obj
[68/283] Building C object modules/nrf/subsys/nrf_security/src/drivers/cracen/CMakeFiles/cracen_psa_driver.dir/cracenpsa/src/cracen_psa_kmu.c.obj
[69/283] Building C object modules/nrf/subsys/nrf_security/src/core/nrf_oberon/CMakeFiles/psa_core.dir/C_/ncs/v3.4.0/nrf/subsys/nrf_security/src/threading/threading_alt.c.obj
[70/283] Building C object modules/nrf/subsys/nrf_security/src/core/nrf_oberon/CMakeFiles/psa_core.dir/C_/ncs/v3.4.0/modules/crypto/oberon-psa-crypto/platform/platform.c.obj
[71/283] Building C object modules/nrf/subsys/nrf_security/src/core/nrf_oberon/CMakeFiles/psa_core.dir/C_/ncs/v3.4.0/modules/crypto/oberon-psa-crypto/platform/platform_util.c.obj
[72/283] Building C object modules/nrf/subsys/nrf_security/src/core/nrf_oberon/CMakeFiles/psa_core.dir/C_/ncs/v3.4.0/modules/crypto/oberon-psa-crypto/utilities/constant_time.c.obj
[73/283] Building C object modules/nrf/subsys/nrf_security/src/core/nrf_oberon/CMakeFiles/psa_core.dir/C_/ncs/v3.4.0/modules/crypto/oberon-psa-crypto/core/psa_crypto.c.obj
[74/283] Building C object modules/nrf/subsys/nrf_security/src/core/nrf_oberon/CMakeFiles/psa_core.dir/C_/ncs/v3.4.0/modules/crypto/oberon-psa-crypto/core/psa_crypto_client.c.obj
[75/283] Building C object modules/nrf/subsys/nrf_security/src/core/nrf_oberon/CMakeFiles/psa_core.dir/C_/ncs/v3.4.0/modules/crypto/oberon-psa-crypto/core/psa_crypto_slot_management.c.obj
[76/283] Building C object modules/nrf/subsys/nrf_security/src/core/nrf_oberon/CMakeFiles/psa_core.dir/C_/ncs/v3.4.0/modules/crypto/oberon-psa-crypto/core/psa_crypto_storage.c.obj
[77/283] Building C object modules/nrf/subsys/nrf_security/src/core/nrf_oberon/CMakeFiles/psa_core.dir/C_/ncs/v3.4.0/nrf/subsys/nrf_security/src/psa_crypto_driver_wrappers.c.obj
[78/283] Building C object modules/nrf/subsys/nrf_security/src/core/nrf_oberon/CMakeFiles/psa_core.dir/C_/ncs/v3.4.0/nrf/subsys/nrf_security/src/mbedtls_psa_platform.c.obj
[79/283] Building C object zephyr/arch/common/CMakeFiles/isr_tables.dir/isr_tables.c.obj
[80/283] Building C object modules/nrf/subsys/nrf_security/src/CMakeFiles/mbedcrypto.dir/C_/ncs/v3.4.0/modules/crypto/oberon-psa-crypto/platform/memory_buffer_alloc.c.obj
[81/283] Building C object modules/nrf/subsys/nrf_security/src/CMakeFiles/mbedcrypto.dir/C_/ncs/v3.4.0/modules/crypto/oberon-psa-crypto/utilities/asn1parse.c.obj
[82/283] Building C object modules/nrf/subsys/nrf_security/src/CMakeFiles/mbedcrypto.dir/C_/ncs/v3.4.0/modules/crypto/oberon-psa-crypto/utilities/asn1write.c.obj
[83/283] Building C object modules/nrf/subsys/nrf_security/src/CMakeFiles/mbedcrypto.dir/C_/ncs/v3.4.0/modules/crypto/oberon-psa-crypto/utilities/base64.c.obj
[84/283] Building C object modules/nrf/subsys/nrf_security/src/CMakeFiles/mbedcrypto.dir/C_/ncs/v3.4.0/modules/crypto/oberon-psa-crypto/utilities/oid.c.obj
[85/283] Building C object modules/nrf/subsys/nrf_security/src/CMakeFiles/mbedcrypto.dir/C_/ncs/v3.4.0/modules/crypto/oberon-psa-crypto/utilities/pem.c.obj
[86/283] Linking C static library modules\nrf\subsys\nrf_security\src\drivers\cracen\libcracen_psa_driver.a
[87/283] Building C object modules/nrf/subsys/nrf_security/src/CMakeFiles/mbedcrypto.dir/C_/ncs/v3.4.0/modules/crypto/oberon-psa-crypto/utilities/pkcs5.c.obj
[88/283] Building C object modules/nrf/subsys/nrf_security/src/CMakeFiles/mbedcrypto.dir/C_/ncs/v3.4.0/modules/crypto/oberon-psa-crypto/legacy_sub/src/bignum.c.obj
[89/283] Building C object modules/nrf/subsys/nrf_security/src/CMakeFiles/mbedcrypto.dir/C_/ncs/v3.4.0/modules/crypto/oberon-psa-crypto/legacy_sub/src/bignum_core.c.obj
[90/283] Building C object modules/nrf/subsys/nrf_security/src/CMakeFiles/mbedcrypto.dir/C_/ncs/v3.4.0/modules/crypto/oberon-psa-crypto/legacy_sub/src/ecp.c.obj
[91/283] Building C object modules/nrf/subsys/nrf_security/src/CMakeFiles/mbedcrypto.dir/C_/ncs/v3.4.0/modules/crypto/oberon-psa-crypto/legacy_sub/src/ecp_curves.c.obj
[92/283] Building C object modules/nrf/subsys/nrf_security/src/CMakeFiles/mbedcrypto.dir/C_/ncs/v3.4.0/modules/crypto/oberon-psa-crypto/legacy_sub/src/psa_util_internal.c.obj
[93/283] Building C object modules/nrf/subsys/nrf_security/src/CMakeFiles/mbedcrypto.dir/C_/ncs/v3.4.0/modules/crypto/oberon-psa-crypto/extras/md.c.obj
[94/283] Building C object modules/nrf/subsys/nrf_security/src/CMakeFiles/mbedcrypto.dir/C_/ncs/v3.4.0/modules/crypto/oberon-psa-crypto/extras/nist_kw.c.obj
[95/283] Building C object modules/nrf/subsys/nrf_security/src/CMakeFiles/mbedcrypto.dir/C_/ncs/v3.4.0/modules/crypto/oberon-psa-crypto/extras/pk.c.obj
[96/283] Building C object modules/nrf/subsys/nrf_security/src/CMakeFiles/mbedcrypto.dir/C_/ncs/v3.4.0/modules/crypto/oberon-psa-crypto/extras/pk_ecc.c.obj
[97/283] Building C object modules/nrf/subsys/nrf_security/src/CMakeFiles/mbedcrypto.dir/C_/ncs/v3.4.0/modules/crypto/oberon-psa-crypto/extras/pk_rsa.c.obj
[98/283] Building C object modules/nrf/subsys/nrf_security/src/CMakeFiles/mbedcrypto.dir/C_/ncs/v3.4.0/modules/crypto/oberon-psa-crypto/extras/pk_wrap.c.obj
[99/283] Building C object modules/nrf/subsys/nrf_security/src/CMakeFiles/mbedcrypto.dir/C_/ncs/v3.4.0/modules/crypto/oberon-psa-crypto/extras/pkparse.c.obj
[100/283] Building C object modules/nrf/subsys/nrf_security/src/CMakeFiles/mbedcrypto.dir/C_/ncs/v3.4.0/modules/crypto/oberon-psa-crypto/extras/pkwrite.c.obj
[101/283] Building C object modules/nrf/subsys/nrf_security/src/CMakeFiles/mbedcrypto.dir/C_/ncs/v3.4.0/modules/crypto/oberon-psa-crypto/core/psa_util.c.obj
[102/283] Building CXX object CMakeFiles/app.dir/src/main.cpp.obj
[103/283] Building CXX object CMakeFiles/app.dir/src/test_variant.cpp.obj
[104/283] Linking C static library modules\nrf\subsys\nrf_security\src\core\nrf_oberon\libpsa_core.a
[105/283] Building CXX object CMakeFiles/app.dir/C_/Users/eidos/GitHub/NU54DK_Arduino_Core/cores/arduino/wiring_digital.cpp.obj
[106/283] Building CXX object CMakeFiles/app.dir/C_/Users/eidos/GitHub/NU54DK_Arduino_Core/cores/arduino/internal/io_resource_manager.cpp.obj
[107/283] Building CXX object CMakeFiles/app.dir/C_/Users/eidos/GitHub/NU54DK_Arduino_Core/cores/arduino/internal/resource/IoResourceTable.cpp.obj
[108/283] Building CXX object CMakeFiles/app.dir/C_/Users/eidos/GitHub/NU54DK_Arduino_Core/cores/arduino/wiring_time.cpp.obj
[109/283] Building CXX object CMakeFiles/app.dir/C_/Users/eidos/GitHub/NU54DK_Arduino_Core/cores/arduino/internal/runtime_scheduler.cpp.obj
[110/283] Building CXX object CMakeFiles/app.dir/C_/Users/eidos/GitHub/NU54DK_Arduino_Core/cores/arduino/internal/time_backend_nrf54.cpp.obj
[111/283] Building C object zephyr/CMakeFiles/zephyr.dir/lib/libc/validate_libc.c.obj
[112/283] Building C object zephyr/CMakeFiles/zephyr.dir/lib/cpp/abi/cpp_dtors.c.obj
[113/283] Building C object zephyr/CMakeFiles/zephyr.dir/lib/cpp/minimal/cpp_virtual.c.obj
[114/283] Building CXX object zephyr/CMakeFiles/zephyr.dir/lib/cpp/minimal/cpp_vtable.cpp.obj
[115/283] Building CXX object zephyr/CMakeFiles/zephyr.dir/lib/cpp/minimal/cpp_new.cpp.obj
[116/283] Building C object zephyr/CMakeFiles/zephyr.dir/lib/heap/heap.c.obj
[117/283] Building C object zephyr/CMakeFiles/zephyr.dir/lib/os/cbprintf_packaged.c.obj
[118/283] Building C object zephyr/CMakeFiles/zephyr.dir/lib/os/clock.c.obj
[119/283] Building C object zephyr/CMakeFiles/zephyr.dir/lib/os/printk.c.obj
[120/283] Building C object zephyr/CMakeFiles/zephyr.dir/lib/os/sem.c.obj
[121/283] Building C object zephyr/CMakeFiles/zephyr.dir/lib/os/thread_entry.c.obj
[122/283] Building C object zephyr/CMakeFiles/zephyr.dir/lib/os/cbprintf_complete.c.obj
[123/283] Building C object zephyr/CMakeFiles/zephyr.dir/lib/os/assert.c.obj
[124/283] Building C object zephyr/CMakeFiles/zephyr.dir/lib/utils/dec.c.obj
[125/283] Building C object zephyr/CMakeFiles/zephyr.dir/lib/utils/hex.c.obj
[126/283] Building C object zephyr/CMakeFiles/zephyr.dir/lib/utils/rb.c.obj
[127/283] Building C object zephyr/CMakeFiles/zephyr.dir/lib/utils/set.c.obj
[128/283] Building C object zephyr/CMakeFiles/zephyr.dir/lib/utils/timeutil.c.obj
[129/283] Building C object zephyr/CMakeFiles/zephyr.dir/lib/utils/bitarray.c.obj
[130/283] Building C object zephyr/CMakeFiles/zephyr.dir/lib/utils/bitmask.c.obj
[131/283] Building C object zephyr/CMakeFiles/zephyr.dir/lib/utils/getopt/getopt.c.obj
[132/283] Building C object zephyr/CMakeFiles/zephyr.dir/lib/utils/getopt/getopt_common.c.obj
[133/283] Building C object zephyr/CMakeFiles/zephyr.dir/lib/utils/onoff.c.obj
[134/283] Building C object zephyr/CMakeFiles/zephyr.dir/lib/utils/notify.c.obj
[135/283] Building C object zephyr/CMakeFiles/zephyr.dir/lib/utils/ring_buffer.c.obj
[136/283] Building C object zephyr/CMakeFiles/zephyr.dir/lib/utils/last_section_id.c.obj
[137/283] Building C object zephyr/CMakeFiles/zephyr.dir/misc/generated/configs.c.obj
[138/283] Building C object zephyr/CMakeFiles/zephyr.dir/subsys/logging/log_minimal.c.obj
[139/283] Building C object zephyr/CMakeFiles/zephyr.dir/subsys/mem_mgmt/mem_attr.c.obj
[140/283] Building C object zephyr/CMakeFiles/zephyr.dir/subsys/random/random_psa.c.obj
[141/283] Building C object zephyr/CMakeFiles/zephyr.dir/subsys/tracing/tracing_none.c.obj
[142/283] Building C object zephyr/CMakeFiles/zephyr.dir/C_/ncs/v3.4.0/nrf/lib/boot_banner/banner.c.obj
[143/283] Generating linker_zephyr_pre0.cmd
[144/283] Building C object zephyr/arch/common/CMakeFiles/arch__common.dir/sw_isr_common.c.obj
[145/283] Building C object zephyr/arch/common/CMakeFiles/arch__common.dir/init.c.obj
[146/283] Building C object zephyr/arch/common/CMakeFiles/arch__common.dir/xip.c.obj
[147/283] Linking C static library zephyr\arch\common\libisr_tables.a
[148/283] Building C object zephyr/arch/arch/arm/core/CMakeFiles/arch__arm__core.dir/fatal.c.obj
[149/283] Building C object zephyr/arch/arch/arm/core/CMakeFiles/arch__arm__core.dir/nmi.c.obj
[150/283] Building ASM object zephyr/arch/arch/arm/core/CMakeFiles/arch__arm__core.dir/nmi_on_reset.S.obj
[151/283] Building C object zephyr/arch/arch/arm/core/CMakeFiles/arch__arm__core.dir/__aeabi_atexit.c.obj
[152/283] Building C object zephyr/arch/arch/arm/core/CMakeFiles/arch__arm__core.dir/tls.c.obj
[153/283] Building C object zephyr/arch/arch/arm/core/cortex_m/CMakeFiles/arch__arm__core__cortex_m.dir/fault.c.obj
[154/283] Building ASM object zephyr/arch/arch/arm/core/cortex_m/CMakeFiles/arch__arm__core__cortex_m.dir/fault_s.S.obj
[155/283] Building C object zephyr/arch/arch/arm/core/cortex_m/CMakeFiles/arch__arm__core__cortex_m.dir/fpu.c.obj
[156/283] Building ASM object zephyr/arch/arch/arm/core/cortex_m/CMakeFiles/arch__arm__core__cortex_m.dir/reset.S.obj
[157/283] Building C object zephyr/arch/arch/arm/core/cortex_m/CMakeFiles/arch__arm__core__cortex_m.dir/scb.c.obj
[158/283] Building ASM object zephyr/arch/arch/arm/core/cortex_m/CMakeFiles/arch__arm__core__cortex_m.dir/vector_table.S.obj
[159/283] Building ASM object zephyr/arch/arch/arm/core/cortex_m/CMakeFiles/arch__arm__core__cortex_m.dir/svc.S.obj
[160/283] Building C object zephyr/arch/arch/arm/core/cortex_m/CMakeFiles/arch__arm__core__cortex_m.dir/irq_manage.c.obj
[161/283] Building C object zephyr/arch/arch/arm/core/cortex_m/CMakeFiles/arch__arm__core__cortex_m.dir/prep_c.c.obj
[162/283] Building C object zephyr/arch/arch/arm/core/cortex_m/CMakeFiles/arch__arm__core__cortex_m.dir/thread.c.obj
[163/283] Building C object zephyr/arch/arch/arm/core/cortex_m/CMakeFiles/arch__arm__core__cortex_m.dir/cpu_idle.c.obj
[164/283] Building C object zephyr/arch/arch/arm/core/cortex_m/CMakeFiles/arch__arm__core__cortex_m.dir/exc_exit.c.obj
[165/283] Building C object zephyr/arch/arch/arm/core/cortex_m/CMakeFiles/arch__arm__core__cortex_m.dir/thread_abort.c.obj
[166/283] Building ASM object zephyr/arch/arch/arm/core/cortex_m/CMakeFiles/arch__arm__core__cortex_m.dir/swap_helper.S.obj
[167/283] Building C object zephyr/arch/arch/arm/core/cortex_m/CMakeFiles/arch__arm__core__cortex_m.dir/irq_init.c.obj
[168/283] Building C object zephyr/arch/arch/arm/core/cortex_m/CMakeFiles/arch__arm__core__cortex_m.dir/isr_wrapper.c.obj
[169/283] Building ASM object zephyr/arch/arch/arm/core/cortex_m/CMakeFiles/arch__arm__core__cortex_m.dir/__aeabi_read_tp.S.obj
[170/283] Building C object zephyr/arch/arch/arm/core/cortex_m/cmse/CMakeFiles/arch__arm__core__cortex_m__cmse.dir/arm_core_cmse.c.obj
[171/283] Building C object zephyr/arch/arch/arm/core/mpu/CMakeFiles/arch__arm__core__mpu.dir/arm_core_mpu.c.obj
[172/283] Building C object zephyr/arch/arch/arm/core/mpu/CMakeFiles/arch__arm__core__mpu.dir/arm_mpu.c.obj
[173/283] Building C object zephyr/arch/arch/arm/core/mpu/CMakeFiles/arch__arm__core__mpu.dir/arm_mpu_regions.c.obj
[174/283] Building C object zephyr/lib/libc/picolibc/CMakeFiles/lib__libc__picolibc.dir/assert.c.obj
[175/283] Building C object zephyr/lib/libc/picolibc/CMakeFiles/lib__libc__picolibc.dir/cbprintf.c.obj
[176/283] Building C object zephyr/lib/libc/picolibc/CMakeFiles/lib__libc__picolibc.dir/chk_fail.c.obj
[177/283] Building C object zephyr/lib/libc/picolibc/CMakeFiles/lib__libc__picolibc.dir/errno_wrap.c.obj
[178/283] Building C object zephyr/lib/libc/picolibc/CMakeFiles/lib__libc__picolibc.dir/exit.c.obj
[179/283] Building C object zephyr/lib/libc/picolibc/CMakeFiles/lib__libc__picolibc.dir/locks.c.obj
[180/283] Building C object zephyr/lib/libc/picolibc/CMakeFiles/lib__libc__picolibc.dir/stdio.c.obj
[181/283] Building C object zephyr/lib/libc/common/CMakeFiles/lib__libc__common.dir/source/stdlib/abort.c.obj
[182/283] Building C object zephyr/lib/libc/common/CMakeFiles/lib__libc__common.dir/source/time/time.c.obj
[183/283] Building C object zephyr/lib/libc/common/CMakeFiles/lib__libc__common.dir/source/stdlib/malloc.c.obj
[184/283] Building C object zephyr/lib/posix/c_lib_ext/CMakeFiles/lib__posix__c_lib_ext.dir/fnmatch.c.obj
[185/283] Building C object zephyr/lib/posix/c_lib_ext/CMakeFiles/lib__posix__c_lib_ext.dir/getentropy.c.obj
[186/283] Building C object zephyr/lib/posix/c_lib_ext/CMakeFiles/lib__posix__c_lib_ext.dir/getopt_shim.c.obj
[187/283] Building C object zephyr/soc/soc/nrf54l15/CMakeFiles/soc__nordic.dir/validate_base_addresses.c.obj
[188/283] Building C object zephyr/soc/soc/nrf54l15/CMakeFiles/soc__nordic.dir/validate_binding_headers.c.obj
[189/283] Building C object zephyr/soc/soc/nrf54l15/CMakeFiles/soc__nordic.dir/validate_enabled_instances.c.obj
[190/283] Building C object zephyr/soc/soc/nrf54l15/CMakeFiles/soc__nordic.dir/nrf54l/soc.c.obj
[191/283] Building C object zephyr/soc/soc/nrf54l15/CMakeFiles/soc__nordic.dir/validate_rram_partitions.c.obj
[192/283] Building C object zephyr/soc/soc/nrf54l15/CMakeFiles/soc__nordic.dir/common/reboot.c.obj
[193/283] Building C object zephyr/soc/soc/nrf54l15/CMakeFiles/soc__nordic.dir/common/gpiote_nrfx.c.obj
[194/283] Building C object zephyr/subsys/testsuite/ztest/CMakeFiles/subsys__testsuite__ztest.dir/src/ztest.c.obj
[195/283] Building C object zephyr/subsys/testsuite/ztest/CMakeFiles/subsys__testsuite__ztest.dir/src/ztest_error_hook.c.obj
[196/283] Building C object zephyr/subsys/testsuite/ztest/CMakeFiles/subsys__testsuite__ztest.dir/src/ztest_rules.c.obj
[197/283] Building C object zephyr/subsys/testsuite/ztest/CMakeFiles/subsys__testsuite__ztest.dir/src/ztest_defaults.c.obj
[198/283] Building C object zephyr/drivers/cache/CMakeFiles/drivers__cache.dir/cache_nrf.c.obj
[199/283] Building C object zephyr/drivers/clock_control/CMakeFiles/drivers__clock_control.dir/clock_control_nrf.c.obj
[200/283] Building C object zephyr/drivers/console/CMakeFiles/drivers__console.dir/uart_console.c.obj
[201/283] Building C object zephyr/drivers/gpio/CMakeFiles/drivers__gpio.dir/gpio_emul.c.obj
[202/283] Building C object zephyr/drivers/gpio/CMakeFiles/drivers__gpio.dir/gpio_nrfx.c.obj
[203/283] Building C object zephyr/drivers/pinctrl/CMakeFiles/drivers__pinctrl.dir/common.c.obj
[204/283] Building C object zephyr/drivers/pinctrl/CMakeFiles/drivers__pinctrl.dir/pinctrl_nrf.c.obj
[205/283] Building C object zephyr/drivers/serial/CMakeFiles/drivers__serial.dir/uart_nrfx_uarte.c.obj
[206/283] Building C object zephyr/drivers/timer/CMakeFiles/drivers__timer.dir/sys_clock_init.c.obj
[207/283] Building C object zephyr/drivers/timer/CMakeFiles/drivers__timer.dir/nrf_grtc_timer.c.obj
[208/283] Linking C static library modules\nrf\subsys\nrf_security\src\libmbedcrypto.a
[209/283] Building C object modules/nrf/subsys/nrf_security/src/zephyr/CMakeFiles/mbedtls_zephyr.dir/psa_crypto_init.c.obj
[210/283] Building C object modules/hal_nordic/modules/hal_nordic/nrfx/CMakeFiles/nrfx.dir/C_/ncs/v3.4.0/modules/hal/nordic/nrfx/bsp/stable/mdk/system_nrf54l.c.obj
[211/283] Building C object modules/hal_nordic/modules/hal_nordic/nrfx/CMakeFiles/nrfx.dir/nrfx_glue.c.obj
[212/283] Building C object modules/hal_nordic/modules/hal_nordic/nrfx/CMakeFiles/nrfx.dir/C_/ncs/v3.4.0/modules/hal/nordic/nrfx/helpers/nrfx_flag32_allocator.c.obj
[213/283] Building C object modules/hal_nordic/modules/hal_nordic/nrfx/CMakeFiles/nrfx.dir/C_/ncs/v3.4.0/modules/hal/nordic/nrfx/helpers/nrfx_ram_ctrl.c.obj
[214/283] Building C object modules/hal_nordic/modules/hal_nordic/nrfx/CMakeFiles/nrfx.dir/C_/ncs/v3.4.0/modules/hal/nordic/nrfx/drivers/src/nrfx_clock.c.obj
[215/283] Building C object modules/hal_nordic/modules/hal_nordic/nrfx/CMakeFiles/nrfx.dir/C_/ncs/v3.4.0/modules/hal/nordic/nrfx/drivers/src/nrfx_clock_hfclk.c.obj
[216/283] Building C object modules/hal_nordic/modules/hal_nordic/nrfx/CMakeFiles/nrfx.dir/C_/ncs/v3.4.0/modules/hal/nordic/nrfx/drivers/src/nrfx_clock_hfclkaudio.c.obj
[217/283] Building C object modules/hal_nordic/modules/hal_nordic/nrfx/CMakeFiles/nrfx.dir/C_/ncs/v3.4.0/modules/hal/nordic/nrfx/drivers/src/nrfx_clock_hfclk192m.c.obj
[218/283] Building C object modules/hal_nordic/modules/hal_nordic/nrfx/CMakeFiles/nrfx.dir/C_/ncs/v3.4.0/modules/hal/nordic/nrfx/drivers/src/nrfx_clock_lfclk.c.obj
[219/283] Building C object modules/hal_nordic/modules/hal_nordic/nrfx/CMakeFiles/nrfx.dir/C_/ncs/v3.4.0/modules/hal/nordic/nrfx/drivers/src/nrfx_clock_xo.c.obj
[220/283] Building C object modules/hal_nordic/modules/hal_nordic/nrfx/CMakeFiles/nrfx.dir/C_/ncs/v3.4.0/modules/hal/nordic/nrfx/drivers/src/nrfx_clock_xo24m.c.obj
[221/283] Building C object modules/hal_nordic/modules/hal_nordic/nrfx/CMakeFiles/nrfx.dir/C_/ncs/v3.4.0/modules/hal/nordic/nrfx/drivers/src/nrfx_gpiote.c.obj
[222/283] Building C object modules/hal_nordic/modules/hal_nordic/nrfx/CMakeFiles/nrfx.dir/C_/ncs/v3.4.0/modules/hal/nordic/nrfx/drivers/src/nrfx_grtc.c.obj
[223/283] Building C object modules/hal_nordic/modules/hal_nordic/nrfx/CMakeFiles/nrfx.dir/C_/ncs/v3.4.0/modules/hal/nordic/nrfx/drivers/src/nrfx_rramc.c.obj
[224/283] Building C object zephyr/kernel/CMakeFiles/kernel.dir/main_weak.c.obj
[225/283] Building C object zephyr/kernel/CMakeFiles/kernel.dir/banner.c.obj
[226/283] Building C object zephyr/kernel/CMakeFiles/kernel.dir/busy_wait.c.obj
[227/283] Building C object zephyr/kernel/CMakeFiles/kernel.dir/device.c.obj
[228/283] Building C object zephyr/kernel/CMakeFiles/kernel.dir/errno.c.obj
[229/283] Building C object zephyr/kernel/CMakeFiles/kernel.dir/fatal.c.obj
[230/283] Building C object zephyr/kernel/CMakeFiles/kernel.dir/init.c.obj
[231/283] Building C object zephyr/kernel/CMakeFiles/kernel.dir/kheap.c.obj
[232/283] Building C object zephyr/kernel/CMakeFiles/kernel.dir/mem_slab.c.obj
[233/283] Building C object zephyr/kernel/CMakeFiles/kernel.dir/float.c.obj
[234/283] Building C object zephyr/kernel/CMakeFiles/kernel.dir/version.c.obj
[235/283] Building C object zephyr/kernel/CMakeFiles/kernel.dir/idle.c.obj
[236/283] Building C object zephyr/kernel/CMakeFiles/kernel.dir/mailbox.c.obj
[237/283] Building C object zephyr/kernel/CMakeFiles/kernel.dir/msg_q.c.obj
[238/283] Building C object zephyr/kernel/CMakeFiles/kernel.dir/mutex.c.obj
[239/283] Building C object zephyr/kernel/CMakeFiles/kernel.dir/queue.c.obj
[240/283] Building C object zephyr/kernel/CMakeFiles/kernel.dir/sem.c.obj
[241/283] Building C object zephyr/kernel/CMakeFiles/kernel.dir/stack.c.obj
[242/283] Building C object zephyr/kernel/CMakeFiles/kernel.dir/system_work_q.c.obj
[243/283] Building C object zephyr/kernel/CMakeFiles/kernel.dir/work.c.obj
[244/283] Building C object zephyr/kernel/CMakeFiles/kernel.dir/condvar.c.obj
[245/283] Building C object zephyr/kernel/CMakeFiles/kernel.dir/thread.c.obj
[246/283] Building C object zephyr/kernel/CMakeFiles/kernel.dir/sched.c.obj
[247/283] Building C object zephyr/kernel/CMakeFiles/kernel.dir/pipe.c.obj
[248/283] Building C object zephyr/kernel/CMakeFiles/kernel.dir/timeslicing.c.obj
[249/283] Building C object zephyr/kernel/CMakeFiles/kernel.dir/spinlock_validate.c.obj
[250/283] Building C object zephyr/kernel/CMakeFiles/kernel.dir/timeout.c.obj
[251/283] Building C object zephyr/kernel/CMakeFiles/kernel.dir/timer.c.obj
[252/283] Building C object zephyr/kernel/CMakeFiles/kernel.dir/events.c.obj
[253/283] Building C object zephyr/kernel/CMakeFiles/kernel.dir/mempool.c.obj
[254/283] Building C object zephyr/kernel/CMakeFiles/kernel.dir/dynamic_disabled.c.obj
[255/283] Building C object zephyr/CMakeFiles/zephyr_pre0.dir/misc/empty_file.c.obj
[256/283] Linking C static library zephyr\arch\arch\arm\core\libarch__arm__core.a
[257/283] Linking CXX static library app\libapp.a
[258/283] Linking C static library zephyr\arch\common\libarch__common.a
[259/283] Linking CXX static library zephyr\libzephyr.a
[260/283] Linking C static library zephyr\arch\arch\arm\core\cortex_m\cmse\libarch__arm__core__cortex_m__cmse.a
[261/283] Linking C static library zephyr\arch\arch\arm\core\cortex_m\libarch__arm__core__cortex_m.a
[262/283] Linking C static library zephyr\lib\libc\common\liblib__libc__common.a
[263/283] Linking C static library zephyr\arch\arch\arm\core\mpu\libarch__arm__core__mpu.a
[264/283] Linking C static library zephyr\subsys\testsuite\ztest\libsubsys__testsuite__ztest.a
[265/283] Linking C static library zephyr\lib\libc\picolibc\liblib__libc__picolibc.a
[266/283] Linking C static library zephyr\drivers\clock_control\libdrivers__clock_control.a
[267/283] Linking C static library zephyr\drivers\cache\libdrivers__cache.a
[268/283] Linking C static library zephyr\lib\posix\c_lib_ext\liblib__posix__c_lib_ext.a
[269/283] Linking C static library zephyr\drivers\gpio\libdrivers__gpio.a
[270/283] Linking C static library zephyr\drivers\serial\libdrivers__serial.a
[271/283] Linking C static library zephyr\soc\soc\nrf54l15\libsoc__nordic.a
[272/283] Linking C static library zephyr\drivers\pinctrl\libdrivers__pinctrl.a
[273/283] Linking C static library zephyr\drivers\console\libdrivers__console.a
[274/283] Linking C static library modules\hal_nordic\modules\hal_nordic\nrfx\libnrfx.a
[275/283] Linking C static library modules\nrf\subsys\nrf_security\src\zephyr\libmbedtls_zephyr.a
[276/283] Linking C static library zephyr\drivers\timer\libdrivers__timer.a
[277/283] Linking C static library zephyr\kernel\libkernel.a
[278/283] Linking CXX executable zephyr\zephyr_pre0.elf; Logical command for additional byproducts on target: zephyr_pre0
[279/283] Generating linker.cmd
[280/283] Generating isr_tables.c, isr_tables_vt.ld, isr_tables_swi.ld
[281/283] Building C object zephyr/CMakeFiles/zephyr_final.dir/misc/empty_file.c.obj
[282/283] Building C object zephyr/CMakeFiles/zephyr_final.dir/isr_tables.c.obj
[283/283] Linking CXX executable zephyr\zephyr.elf
Memory region         Used Size  Region Size  %age Used
           FLASH:       68096 B      1524 KB      4.36%
             RAM:       19176 B       256 KB      7.32%
        IDT_LIST:           0 B        32 KB      0.00%
Generating files from C:/u4a/nrf54l15dk_nrf54l15_cpuapp_nu54dk/zephyr_gnu/nucode.m3.runtime/m3_runtime/zephyr/zephyr.elf for board: nrf54l15dk/nrf54l15/cpuapp/nu54dk
[7/8] No install step for 'm3_runtime'
[8/8] Completed 'm3_runtime'
